******************************************************************************
                  TI ARM Linker PC v20.2.2                     
******************************************************************************
>> Linked Thu Mar 11 17:32:34 2021

OUTPUT FILE NAME:   <Lab3.out>
ENTRY POINT SYMBOL: "_c_int00_noargs"  address: 000140e9


MEMORY CONFIGURATION

         name            origin    length      used     unused   attr    fill
----------------------  --------  ---------  --------  --------  ----  --------
  MAIN                  00000000   00040000  000147b8  0002b848  R  X
  INFO                  00200000   00004000  00000000  00004000  R  X
  SRAM_CODE             01000000   00010000  00007530  00008ad0  RW X
  SRAM_DATA             20000000   00010000  00007530  00008ad0  RW  


SEGMENT ALLOCATION MAP

run origin  load origin   length   init length attrs members
----------  ----------- ---------- ----------- ----- -------
00000000    00000000    000147c0   000147c0    r-x
  00000000    00000000    000000e4   000000e4    r-- .intvecs
  000000e4    000000e4    0001448e   0001448e    r-x .text
  00014574    00014574    000001d6   000001d6    r-- .const
  00014750    00014750    00000070   00000070    r-- .cinit
20000000    20000000    00007331   00000000    rw-
  20000000    20000000    00006ecf   00000000    rw- .bss
  20006ed0    20006ed0    00000461   00000000    rw- .data
2000fe00    2000fe00    00000200   00000000    rw-
  2000fe00    2000fe00    00000200   00000000    rw- .stack


SECTION ALLOCATION MAP

 output                                  attributes/
section   page    origin      length       input sections
--------  ----  ----------  ----------   ----------------
.intvecs   0    00000000    000000e4     
                  00000000    000000e4     startup_msp432p401r_ccs.obj (.intvecs:retain)

.text      0    000000e4    0001448e     
                  000000e4    0000d5e0     bmi160.obj (.text)
                  0000d6c4    00001810     bme280.obj (.text)
                  0000eed4    00000c28     bmi160_support.obj (.text)
                  0000fafc    00000a4e     rtsv7M4_T_le_v4SPD16_eabi.lib : _printfi.c.obj (.text:__TI_printfi)
                  0001054a    00000002                                   : div0.asm.obj (.text)
                  0001054c    00000540     G8RTOS_Scheduler.obj (.text)
                  00010a8c    000003dc     Threads.obj (.text)
                  00010e68    00000360     i2c_driver.obj (.text)
                  000111c8    00000334     system_msp432p401r.obj (.text)
                  000114fc    000002f8     BackChannelUart.obj (.text)
                  000117f4    000002e0     bme280_support.obj (.text)
                  00011ad4    00000270     rtsv7M4_T_le_v4SPD16_eabi.lib : _printfi.c.obj (.text:_pconv_a)
                  00011d44    00000234     tmp007.obj (.text)
                  00011f78    000001ec     RGBLeds.obj (.text)
                  00012164    000001d0     rtsv7M4_T_le_v4SPD16_eabi.lib : _printfi.c.obj (.text:_pconv_g)
                  00012334    000001b6                                   : fd_add_t2.asm.obj (.text)
                  000124ea    00000002     --HOLE-- [fill = 0]
                  000124ec    00000190     G8RTOS_IPC.obj (.text)
                  0001267c    00000178     Joystick.obj (.text)
                  000127f4    0000013c     rtsv7M4_T_le_v4SPD16_eabi.lib : _printfi.c.obj (.text:_pconv_e)
                  00012930    00000136                                   : fd_div_t2.asm.obj (.text)
                  00012a66    00000002     --HOLE-- [fill = 0]
                  00012a68    00000124                                   : _printfi.c.obj (.text:fcvt)
                  00012b8c    00000110                                   : s_scalbn.c.obj (.text:scalbn)
                  00012c9c    00000104     msp432p4xx_driverlib.lib : cs.o (.text:CS_getDCOFrequency)
                  00012da0    000000fe     opt3001.obj (.text)
                  00012e9e    000000fc     rtsv7M4_T_le_v4SPD16_eabi.lib : fd_mul_t2.asm.obj (.text)
                  00012f9a    00000002     --HOLE-- [fill = 0]
                  00012f9c    000000e0     msp432p4xx_driverlib.lib : cs.o (.text:CS_initClockSignal)
                  0001307c    000000dc                              : pcm.o (.text:__PCM_setPowerModeAdvanced)
                  00013158    000000b1     rtsv7M4_T_le_v4SPD16_eabi.lib : _printfi.c.obj (.text:_ltostr)
                  00013209    00000003     --HOLE-- [fill = 0]
                  0001320c    000000b0     msp432p4xx_driverlib.lib : pcm.o (.text:__PCM_setCoreVoltageLevelAdvanced)
                  000132bc    000000a0     main.obj (.text)
                  0001335c    0000009c     msp432p4xx_driverlib.lib : cs.o (.text:CS_startHFXTWithTimeout)
                  000133f8    0000009c                              : cs.o (.text:_CSComputeCLKFrequency)
                  00013494    0000009c     rtsv7M4_T_le_v4SPD16_eabi.lib : memcpy_t2.asm.obj (.text)
                  00013530    00000096                                   : ull_div_t2.asm.obj (.text)
                  000135c6    00000002     --HOLE-- [fill = 0]
                  000135c8    00000094     msp432p4xx_driverlib.lib : uart.o (.text:UART_initModule)
                  0001365c    00000090     G8RTOS_Semaphores.obj (.text)
                  000136ec    00000086     rtsv7M4_T_le_v4SPD16_eabi.lib : fd_cmp_t2.asm.obj (.text:__aeabi_cdcmple)
                  00013772    00000086                                   : fd_cmp_t2.asm.obj (.text:__aeabi_cdrcmple)
                  000137f8    00000084     ClockSys.obj (.text)
                  0001387c    0000007a     rtsv7M4_T_le_v4SPD16_eabi.lib : memset_t2.asm.obj (.text)
                  000138f6    00000002     --HOLE-- [fill = 0]
                  000138f8    00000070     msp432p4xx_driverlib.lib : cs.o (.text:_CSGetHFXTFrequency)
                  00013968    0000006e     rtsv7M4_T_le_v4SPD16_eabi.lib : _printfi.c.obj (.text:_mcpy)
                  000139d6    0000006e                                   : ll_div_t2.asm.obj (.text)
                  00013a44    00000068                                   : copy_decompress_lzss.c.obj (.text:decompress:lzss:__TI_decompress_lzss)
                  00013aac    00000064     msp432p4xx_driverlib.lib : interrupt.o (.text:Interrupt_disableInterrupt)
                  00013b10    00000064                              : interrupt.o (.text:Interrupt_enableInterrupt)
                  00013b74    00000064     rtsv7M4_T_le_v4SPD16_eabi.lib : s_frexp.c.obj (.text:frexp)
                  00013bd8    00000056                                   : _printfi.c.obj (.text:_pconv_f)
                  00013c2e    00000054                                   : _ltoa.c.obj (.text:__TI_ltoa)
                  00013c82    00000052                                   : _printfi.c.obj (.text:_ecpy)
                  00013cd4    00000050     msp432p4xx_driverlib.lib : sysctl.o (.text:SysCtl_getTLVInfo)
                  00013d24    0000004c     G8RTOS_SchedulerASM.obj (.text)
                  00013d70    0000004c     msp432p4xx_driverlib.lib : gpio.o (.text:GPIO_setAsPeripheralModuleFunctionOutputPin)
                  00013dbc    0000004c                              : cs.o (.text:_CSGetDOCFrequency)
                  00013e08    0000004c     rtsv7M4_T_le_v4SPD16_eabi.lib : atoi.c.obj (.text:atoi)
                  00013e54    0000004c                                   : snprintf.c.obj (.text:snprintf)
                  00013ea0    00000048     msp432p4xx_driverlib.lib : gpio.o (.text:GPIO_setAsPeripheralModuleFunctionInputPin)
                  00013ee8    00000048                              : cs.o (.text:_CSGetDividerValue)
                  00013f30    00000048     rtsv7M4_T_le_v4SPD16_eabi.lib : fd_toi_t2.asm.obj (.text)
                  00013f78    00000044                                   : autoinit.c.obj (.text:__TI_auto_init_nobinit_nopinit:__TI_auto_init_nobinit_nopinit)
                  00013fbc    00000044                                   : fd_tou_t2.asm.obj (.text)
                  00014000    0000003e     msp432p4xx_driverlib.lib : i2c.o (.text:I2C_initMaster)
                  0001403e    0000003e     rtsv7M4_T_le_v4SPD16_eabi.lib : _printfi.c.obj (.text:_fcpy)
                  0001407c    00000038     msp432p4xx_driverlib.lib : i2c.o (.text:I2C_masterSendMultiByteStart)
                  000140b4    00000034     BSP.obj (.text)
                  000140e8    00000034     rtsv7M4_T_le_v4SPD16_eabi.lib : boot_cortex_m.c.obj (.text:_c_int00_noargs:_c_int00_noargs)
                  0001411c    00000030     msp432p4xx_driverlib.lib : i2c.o (.text:I2C_masterSendMultiByteStop)
                  0001414c    00000030     rtsv7M4_T_le_v4SPD16_eabi.lib : snprintf.c.obj (.text:_outs)
                  0001417c    0000002e                                   : i_tofd_t2.asm.obj (.text)
                  000141aa    0000002c     msp432p4xx_driverlib.lib : pcm.o (.text:PCM_getCoreVoltageLevel)
                  000141d6    0000002a                              : pcm.o (.text:PCM_getPowerMode)
                  00014200    00000028                              : flash.o (.text:FlashCtl_setWaitState)
                  00014228    00000026     demo_sysctl.obj (.text)
                  0001424e    00000002     --HOLE-- [fill = 0]
                  00014250    00000024     msp432p4xx_driverlib.lib : cs.o (.text:CS_clearInterruptFlag)
                  00014274    00000024                              : gpio.o (.text:GPIO_setAsOutputPin)
                  00014298    00000024                              : i2c.o (.text:I2C_masterSendMultiByteNext)
                  000142bc    00000024                              : interrupt.o (.text:Interrupt_setPriority)
                  000142e0    00000024                              : uart.o (.text:UART_transmitData)
                  00014304    00000020     rtsv7M4_T_le_v4SPD16_eabi.lib : u_tofd_t2.asm.obj (.text)
                  00014324    0000001c                                   : memccpy.c.obj (.text:memccpy)
                  00014340    0000001a                                   : s_copysign.c.obj (.text:copysign)
                  0001435a    00000002     --HOLE-- [fill = 0]
                  0001435c    00000018     msp432p4xx_driverlib.lib : cs.o (.text:CS_getMCLK)
                  00014374    00000018                              : cs.o (.text:CS_getSMCLK)
                  0001438c    00000018                              : wdt_a.o (.text:WDT_A_clearTimer)
                  000143a4    00000018                              : wdt_a.o (.text:WDT_A_holdTimer)
                  000143bc    00000018     rtsv7M4_T_le_v4SPD16_eabi.lib : snprintf.c.obj (.text:_outc)
                  000143d4    00000018                                   : ll_mul_t2.asm.obj (.text)
                  000143ec    00000016                                   : strchr.c.obj (.text:strchr)
                  00014402    00000002     --HOLE-- [fill = 0]
                  00014404    00000014     msp432p4xx_driverlib.lib : cs.o (.text:CS_setExternalClockSourceFrequency)
                  00014418    00000014                              : i2c.o (.text:I2C_isBusBusy)
                  0001442c    00000014                              : systick.o (.text:SysTick_enableInterrupt)
                  00014440    00000014     rtsv7M4_T_le_v4SPD16_eabi.lib : strlen.c.obj (.text:strlen)
                  00014454    00000012                                   : wcslen.c.obj (.text:wcslen)
                  00014466    00000010     msp432p4xx_driverlib.lib : i2c.o (.text:I2C_masterReceiveStart)
                  00014476    00000002     --HOLE-- [fill = 0]
                  00014478    00000010                              : sysctl.o (.text:SysCtl_disableNMISource)
                  00014488    00000010                              : sysctl.o (.text:SysCtl_enableNMISource)
                  00014498    0000000e     G8RTOS_CriticalSection.obj (.text)
                  000144a6    0000000e     msp432p4xx_driverlib.lib : i2c.o (.text:I2C_clearInterruptFlag)
                  000144b4    0000000e                              : i2c.o (.text:I2C_disableInterrupt)
                  000144c2    0000000e     rtsv7M4_T_le_v4SPD16_eabi.lib : copy_decompress_none.c.obj (.text:decompress:none:__TI_decompress_none)
                  000144d0    0000000e     startup_msp432p401r_ccs.obj (.text)
                  000144de    0000000c     msp432p4xx_driverlib.lib : i2c.o (.text:I2C_disableModule)
                  000144ea    0000000c                              : i2c.o (.text:I2C_enableModule)
                  000144f6    00000002     --HOLE-- [fill = 0]
                  000144f8    0000000c                              : pcm.o (.text:PCM_getPowerState)
                  00014504    0000000c                              : sysctl.o (.text:SysCtl_getNMISourceStatus)
                  00014510    0000000c                              : uart.o (.text:UART_enableModule)
                  0001451c    0000000c     rtsv7M4_T_le_v4SPD16_eabi.lib : copy_zero_init.c.obj (.text:decompress:ZI:__TI_zero_init)
                  00014528    00000008     msp432p4xx_driverlib.lib : i2c.o (.text:I2C_enableInterrupt)
                  00014530    00000008                              : pcm.o (.text:PCM_setCoreVoltageLevel)
                  00014538    00000008                              : pcm.o (.text:PCM_setPowerMode)
                  00014540    00000008     rtsv7M4_T_le_v4SPD16_eabi.lib : errno.c.obj (.text:__aeabi_errno_addr)
                  00014548    00000006     msp432p4xx_driverlib.lib : cs.o (.text:CS_startHFXT)
                  0001454e    00000006                              : i2c.o (.text:I2C_getEnabledInterruptStatus)
                  00014554    00000006                              : i2c.o (.text:I2C_getInterruptStatus)
                  0001455a    00000006                              : i2c.o (.text:I2C_masterReceiveMultiByteNext)
                  00014560    00000006     demo_sysctl.obj (.text:SysCtlDelay)
                  00014566    00000004     msp432p4xx_driverlib.lib : i2c.o (.text:I2C_setSlaveAddress)
                  0001456a    00000004     rtsv7M4_T_le_v4SPD16_eabi.lib : pre_init.c.obj (.text:_system_pre_init)
                  0001456e    00000004                                   : exit.c.obj (.text:abort:abort)

.const     0    00014574    000001d6     
                  00014574    00000101     rtsv7M4_T_le_v4SPD16_eabi.lib : ctype.c.obj (.const:.string:_ctypes_)
                  00014675    00000003     bmi160.obj (.const:.string:INVALID_OFFSET)
                  00014678    00000050     msp432p4xx_driverlib.lib : interrupt.o (.const:g_pulRegs)
                  000146c8    00000040                              : interrupt.o (.const)
                  00014708    00000024     BackChannelUart.obj (.const:backChannelUart115200Config)
                  0001472c    0000000c     bmi160.obj (.const:yas532_version_ac_coef)
                  00014738    00000008     bmi160.obj (.const:v_calib_data$2)
                  00014740    00000005     bme280_support.obj (.const:.string:$P$T0$1)
                  00014745    00000005     bmi160.obj (.const:.string:v_correct_u8$1)

.cinit     0    00014750    00000070     
                  00014750    00000045     (.cinit..data.load) [load image, compression = lzss]
                  00014795    00000003     --HOLE-- [fill = 0]
                  00014798    0000000c     (__TI_handler_table)
                  000147a4    00000004     --HOLE-- [fill = 0]
                  000147a8    00000008     (.cinit..bss.load) [load image, compression = zero_init]
                  000147b0    00000010     (__TI_cinit_table)

.init_array 
*          0    00000000    00000000     UNINITIALIZED

.binit     0    00000000    00000000     

.bss       0    20000000    00006ecf     UNINITIALIZED
                  20000000    00006000     G8RTOS_Scheduler.obj (.bss:threadStacks)
                  20006000    0000036c     (.common:accel_fifo)
                  2000636c    0000036c     (.common:gyro_fifo)
                  200066d8    0000036c     (.common:mag_fifo)
                  20006a44    00000150     G8RTOS_IPC.obj (.bss:fifoArray)
                  20006b94    00000100     BackChannelUart.obj (.bss:backChannelStringBuff)
                  20006c94    00000090     G8RTOS_Scheduler.obj (.bss:periodicThreadControlBlocks)
                  20006d24    00000090     G8RTOS_Scheduler.obj (.bss:threadControlBlocks)
                  20006db4    00000070     bmi160.obj (.bss:yas532_data)
                  20006e24    0000003c     (.common:bme280)
                  20006e60    00000014     (.common:s_bmi160)
                  20006e74    00000010     bmi160.obj (.bss:mag_trim)
                  20006e84    00000008     G8RTOS_Scheduler.obj (.bss)
                  20006e8c    00000006     (.common:accelxyz)
                  20006e92    00000006     (.common:gyroxyz)
                  20006e98    00000004     bme280.obj (.bss)
                  20006e9c    00000004     bmi160.obj (.bss)
                  20006ea0    00000004     tmp007.obj (.bss:buf)
                  20006ea4    00000004     (.common:ButtonFunction)
                  20006ea8    00000004     (.common:CurrentlyRunningThread)
                  20006eac    00000004     (.common:SystemTime)
                  20006eb0    00000004     (.common:g_ui32ByteCount)
                  20006eb4    00000004     (.common:hfxtFreq)
                  20006eb8    00000004     (.common:ledI2cSemaphore)
                  20006ebc    00000004     (.common:lfxtFreq)
                  20006ec0    00000004     (.common:pData)
                  20006ec4    00000004     (.common:sensorI2cSemaphore)
                  20006ec8    00000003     bmi160.obj (.bss:akm_asa_data)
                  20006ecb    00000001     (.common:ui8DummyRead)
                  20006ecc    00000002     tmp007.obj (.bss)
                  20006ece    00000001     (.common:ui8Status)

.data      0    20006ed0    00000461     UNINITIALIZED
                  20006ed0    00000400     bmi160.obj (.data:v_fifo_data_u8)
                  200072d0    00000030     msp432p4xx_driverlib.lib : gpio.o (.data:GPIO_PORT_TO_BASE)
                  20007300    00000014     i2c_driver.obj (.data:i2cConfig)
                  20007314    0000000c     Threads.obj (.data)
                  20007320    00000008     bmi160.obj (.data)
                  20007328    00000004     rtsv7M4_T_le_v4SPD16_eabi.lib : errno.c.obj (.data)
                  2000732c    00000004     system_msp432p401r.obj (.data)
                  20007330    00000001     i2c_driver.obj (.data)

.stack     0    2000fe00    00000200     UNINITIALIZED
                  2000fe00    00000004     rtsv7M4_T_le_v4SPD16_eabi.lib : boot_cortex_m.c.obj (.stack)
                  2000fe04    000001fc     --HOLE--

__llvm_prf_cnts 
*          0    20000000    00000000     UNINITIALIZED

MODULE SUMMARY

       Module                        code    ro data   rw data
       ------                        ----    -------   -------
    .\
       Threads.obj                   988     0         40     
       system_msp432p401r.obj        820     0         8      
       startup_msp432p401r_ccs.obj   14      228       0      
       main.obj                      160     0         0      
    +--+-----------------------------+-------+---------+---------+
       Total:                        1982    228       48     
                                                              
    .\BoardSupportPackage\src\
       bmi160.obj                    54752   28        7590   
       bme280.obj                    6160    0         8      
       bmi160_support.obj            3112    0         64     
       BackChannelUart.obj           760     36        512    
       i2c_driver.obj                864     0         62     
       bme280_support.obj            736     5         120    
       tmp007.obj                    564     0         12     
       RGBLeds.obj                   492     0         0      
       Joystick.obj                  376     0         8      
       opt3001.obj                   254     0         0      
       ClockSys.obj                  132     0         0      
       BSP.obj                       52      0         0      
       demo_sysctl.obj               44      0         0      
    +--+-----------------------------+-------+---------+---------+
       Total:                        68298   69        8376   
                                                              
    .\G8RTOS\
       G8RTOS_Scheduler.obj          1344    0         49760  
       G8RTOS_IPC.obj                400     0         672    
       G8RTOS_Semaphores.obj         144     0         0      
       G8RTOS_SchedulerASM.obj       76      0         0      
       G8RTOS_CriticalSection.obj    14      0         0      
    +--+-----------------------------+-------+---------+---------+
       Total:                        1978    0         50432  
                                                              
    ../BoardSupportPackage/DriverLib/msp432p4xx_driverlib.lib
       cs.o                          1166    0         16     
       pcm.o                         510     0         0      
       interrupt.o                   236     144       0      
       i2c.o                         320     0         0      
       gpio.o                        184     0         96     
       uart.o                        196     0         0      
       sysctl.o                      124     0         0      
       wdt_a.o                       48      0         0      
       flash.o                       40      0         0      
       systick.o                     20      0         0      
    +--+-----------------------------+-------+---------+---------+
       Total:                        2844    144       112    
                                                              
    C:\ti\ccs1020\ccs\tools\compiler\ti-cgt-arm_20.2.2.LTS\lib\rtsv7M4_T_le_v4SPD16_eabi.lib
       _printfi.c.obj                4851    0         0      
       fd_add_t2.asm.obj             438     0         0      
       fd_div_t2.asm.obj             310     0         0      
       s_scalbn.c.obj                272     0         0      
       fd_cmp_t2.asm.obj             268     0         0      
       ctype.c.obj                   0       257       0      
       fd_mul_t2.asm.obj             252     0         0      
       memcpy_t2.asm.obj             156     0         0      
       ull_div_t2.asm.obj            150     0         0      
       snprintf.c.obj                148     0         0      
       memset_t2.asm.obj             122     0         0      
       ll_div_t2.asm.obj             110     0         0      
       copy_decompress_lzss.c.obj    104     0         0      
       s_frexp.c.obj                 100     0         0      
       _ltoa.c.obj                   84      0         0      
       atoi.c.obj                    76      0         0      
       fd_toi_t2.asm.obj             72      0         0      
       autoinit.c.obj                68      0         0      
       fd_tou_t2.asm.obj             68      0         0      
       boot_cortex_m.c.obj           52      0         0      
       i_tofd_t2.asm.obj             46      0         0      
       u_tofd_t2.asm.obj             32      0         0      
       memccpy.c.obj                 28      0         0      
       s_copysign.c.obj              26      0         0      
       ll_mul_t2.asm.obj             24      0         0      
       strchr.c.obj                  22      0         0      
       strlen.c.obj                  20      0         0      
       wcslen.c.obj                  18      0         0      
       errno.c.obj                   8       0         8      
       copy_decompress_none.c.obj    14      0         0      
       copy_zero_init.c.obj          12      0         0      
       exit.c.obj                    4       0         0      
       pre_init.c.obj                4       0         0      
       div0.asm.obj                  2       0         0      
    +--+-----------------------------+-------+---------+---------+
       Total:                        7961    257       8      
                                                              
       Stack:                        0       0         1024   
       Linker Generated:             0       105       0      
    +--+-----------------------------+-------+---------+---------+
       Grand Total:                  83063   803       60000  


LINKER GENERATED COPY TABLES

__TI_cinit_table @ 000147b0 records: 2, size/record: 8, table size: 16
	.data: load addr=00014750, load size=00000045 bytes, run addr=20006ed0, run size=00000461 bytes, compression=lzss
	.bss: load addr=000147a8, load size=00000008 bytes, run addr=20000000, run size=00006ecf bytes, compression=zero_init


LINKER GENERATED HANDLER TABLE

__TI_handler_table @ 00014798 records: 3, size/record: 4, table size: 12
	index: 0, handler: __TI_decompress_lzss
	index: 1, handler: __TI_decompress_none
	index: 2, handler: __TI_zero_init


GLOBAL SYMBOLS: SORTED ALPHABETICALLY BY Name 

address   name                                                  
-------   ----                                                  
000144dd  ADC14_IRQHandler                                      
000144dd  AES256_IRQHandler                                     
00011995  BME280_I2C_bus_read                                   
00011969  BME280_I2C_bus_write                                  
000119c1  BME280_SPI_bus_read                                   
00011a27  BME280_SPI_bus_write                                  
00011a97  BME280_delay_msek                                     
000140b5  BSP_InitBoard                                         
000115a1  BackChannelEventTrigger                               
0001151b  BackChannelInit                                       
000115b9  BackChannelOpt3001PrintRaw                            
00011537  BackChannelPrint                                      
00011583  BackChannelPrintIntVariable                           
000115fb  BackupChannelBmi160PrintAccel                         
00011627  BackupChannelBmi160PrintGyro                          
00011653  BackupChannelBmi160PrintMag                           
000115d5  BackupChannelTmp007PrintRaw                           
000144dd  BusFault_Handler                                      
20006ea4  ButtonFunction                                        
0001456f  C$$EXIT                                               
000144dd  COMP_E0_IRQHandler                                    
000144dd  COMP_E1_IRQHandler                                    
000144dd  CS_IRQHandler                                         
00014251  CS_clearInterruptFlag                                 
00012c9d  CS_getDCOFrequency                                    
0001435d  CS_getMCLK                                            
00014375  CS_getSMCLK                                           
00012f9d  CS_initClockSignal                                    
00014405  CS_setExternalClockSourceFrequency                    
00014549  CS_startHFXT                                          
0001335d  CS_startHFXTWithTimeout                               
00013867  ClockSys_GetSysFreq                                   
000137f9  ClockSys_SetMaxFreq                                   
20006ea8  CurrentlyRunningThread                                
000144dd  DMA_ERR_IRQHandler                                    
000144dd  DMA_INT0_IRQHandler                                   
000144dd  DMA_INT1_IRQHandler                                   
000144dd  DMA_INT2_IRQHandler                                   
000144dd  DMA_INT3_IRQHandler                                   
000144dd  DebugMon_Handler                                      
000144dd  Default_Handler                                       
00014229  DelayMs                                               
0001275d  Disable_Joystick_Interrupt                            
000144dd  EUSCIA0_IRQHandler                                    
000144dd  EUSCIA1_IRQHandler                                    
000144dd  EUSCIA2_IRQHandler                                    
000144dd  EUSCIA3_IRQHandler                                    
000144dd  EUSCIB0_IRQHandler                                    
00011101  EUSCIB1_IRQHandler                                    
00011101  EUSCIB1_IRQHandler                                    
000144dd  EUSCIB2_IRQHandler                                    
000144dd  EUSCIB3_IRQHandler                                    
000144a1  EndCriticalSection                                    
000144dd  FLCTL_IRQHandler                                      
000144dd  FPU_IRQHandler                                        
00014201  FlashCtl_setWaitState                                 
000107dd  G8RTOS_AddPeriodicThread                              
0001070b  G8RTOS_AddThread                                      
000106b7  G8RTOS_Init                                           
000124ed  G8RTOS_InitFIFO                                       
0001365d  G8RTOS_InitSemaphore                                  
000106d1  G8RTOS_Launch                                         
00012553  G8RTOS_ReadFIFO                                       
000105d1  G8RTOS_Scheduler                                      
000136a5  G8RTOS_SignalSemaphore                                
00010a09  G8RTOS_Sleep                                          
00013d29  G8RTOS_Start                                          
00013677  G8RTOS_WaitSemaphore                                  
000125d1  G8RTOS_WriteFIFO                                      
000106ab  G8RTOS_Yield                                          
00014275  GPIO_setAsOutputPin                                   
00013ea1  GPIO_setAsPeripheralModuleFunctionInputPin            
00013d71  GPIO_setAsPeripheralModuleFunctionOutputPin           
00012773  GetJoystickCoordinates                                
000144dd  HardFault_Handler                                     
000144a7  I2C_clearInterruptFlag                                
000144b5  I2C_disableInterrupt                                  
000144df  I2C_disableModule                                     
00014529  I2C_enableInterrupt                                   
000144eb  I2C_enableModule                                      
0001454f  I2C_getEnabledInterruptStatus                         
00014555  I2C_getInterruptStatus                                
00014001  I2C_initMaster                                        
00014419  I2C_isBusBusy                                         
0001455b  I2C_masterReceiveMultiByteNext                        
00014467  I2C_masterReceiveStart                                
00014299  I2C_masterSendMultiByteNext                           
0001407d  I2C_masterSendMultiByteStart                          
0001411d  I2C_masterSendMultiByteStop                           
00011937  I2C_routine                                           
00014567  I2C_setSlaveAddress                                   
00013aad  Interrupt_disableInterrupt                            
00013b11  Interrupt_enableInterrupt                             
000142bd  Interrupt_setPriority                                 
000126a9  Joystick_Init_Without_Interrupt                       
00012707  Joystick_Push_Button_Init_With_Interrupt              
00011f79  LP3943_LedModeSet                                     
000144dd  MemManage_Handler                                     
000144dd  NMI_Handler                                           
000144dd  PCM_IRQHandler                                        
000141ab  PCM_getCoreVoltageLevel                               
000141d7  PCM_getPowerMode                                      
000144f9  PCM_getPowerState                                     
00014531  PCM_setCoreVoltageLevel                               
00014539  PCM_setPowerMode                                      
000144dd  PORT1_IRQHandler                                      
000144dd  PORT2_IRQHandler                                      
000144dd  PORT3_IRQHandler                                      
000144dd  PORT4_IRQHandler                                      
000144dd  PORT5_IRQHandler                                      
000144dd  PORT6_IRQHandler                                      
000144dd  PSS_IRQHandler                                        
00013d49  PendSV_Handler                                        
00013d49  PendSV_Handler                                        
000144dd  RTC_C_IRQHandler                                      
000144d1  Reset_Handler                                         
00011953  SPI_routine                                           
000144dd  SVC_Handler                                           
00014499  StartCriticalSection                                  
00014561  SysCtlDelay                                           
00014479  SysCtl_disableNMISource                               
00014489  SysCtl_enableNMISource                                
00014505  SysCtl_getNMISourceStatus                             
00013cd5  SysCtl_getTLVInfo                                     
000105fd  SysTick_Handler                                       
000105fd  SysTick_Handler                                       
0001442d  SysTick_enableInterrupt                               
2000732c  SystemCoreClock                                       
000111c9  SystemCoreClockUpdate                                 
00011441  SystemInit                                            
20006eac  SystemTime                                            
000144dd  T32_INT1_IRQHandler                                   
000144dd  T32_INT2_IRQHandler                                   
000144dd  T32_INTC_IRQHandler                                   
000144dd  TA0_0_IRQHandler                                      
000144dd  TA0_N_IRQHandler                                      
000144dd  TA1_0_IRQHandler                                      
000144dd  TA1_N_IRQHandler                                      
000144dd  TA2_0_IRQHandler                                      
000144dd  TA2_N_IRQHandler                                      
000144dd  TA3_0_IRQHandler                                      
000144dd  TA3_N_IRQHandler                                      
00014511  UART_enableModule                                     
000135c9  UART_initModule                                       
000142e1  UART_transmitData                                     
000144dd  UsageFault_Handler                                    
20007320  V_bmm150_maual_auto_condition_u8                      
20007324  V_fifo_time_U32                                       
4000480c  WDTCTL_SYM                                            
000144dd  WDT_A_IRQHandler                                      
0001438d  WDT_A_clearTimer                                      
000143a5  WDT_A_holdTimer                                       
20010000  __STACK_END                                           
00000200  __STACK_SIZE                                          
000147b0  __TI_CINIT_Base                                       
000147c0  __TI_CINIT_Limit                                      
00014798  __TI_Handler_Table_Base                               
000147a4  __TI_Handler_Table_Limit                              
00013f79  __TI_auto_init_nobinit_nopinit                        
00013a45  __TI_decompress_lzss                                  
000144c3  __TI_decompress_none                                  
00013c2f  __TI_ltoa                                             
ffffffff  __TI_pprof_out_hndl                                   
0000fafd  __TI_printfi                                          
ffffffff  __TI_prof_data_size                                   
ffffffff  __TI_prof_data_start                                  
00000000  __TI_static_base__                                    
0001451d  __TI_zero_init                                        
000136ed  __aeabi_cdcmpeq                                       
000136ed  __aeabi_cdcmple                                       
00013773  __aeabi_cdrcmple                                      
00013f31  __aeabi_d2iz                                          
00013fbd  __aeabi_d2uiz                                         
0001233f  __aeabi_dadd                                          
00012931  __aeabi_ddiv                                          
00012e9f  __aeabi_dmul                                          
00012335  __aeabi_dsub                                          
00014541  __aeabi_errno_addr                                    
0001417d  __aeabi_i2d                                           
0001054b  __aeabi_idiv0                                         
0001054b  __aeabi_ldiv0                                         
000139d7  __aeabi_ldivmod                                       
000143d5  __aeabi_lmul                                          
0001387d  __aeabi_memclr                                        
0001387d  __aeabi_memclr4                                       
0001387d  __aeabi_memclr8                                       
00013495  __aeabi_memcpy                                        
00013495  __aeabi_memcpy4                                       
00013495  __aeabi_memcpy8                                       
0001387f  __aeabi_memset                                        
0001387f  __aeabi_memset4                                       
0001387f  __aeabi_memset8                                       
00014305  __aeabi_ui2d                                          
00013531  __aeabi_uldivmod                                      
ffffffff  __binit__                                             
ffffffff  __c_args__                                            
UNDEFED   __mpu_init                                            
2000fe00  __stack                                               
20000000  __start___llvm_prf_cnts                               
20000000  __stop___llvm_prf_cnts                                
000140e9  _c_int00_noargs                                       
00014574  _ctypes_                                              
UNDEFED   _system_post_cinit                                    
0001456b  _system_pre_init                                      
0001456f  abort                                                 
20006000  accel_fifo                                            
20006e8c  accelxyz                                              
00013e09  atoi                                                  
ffffffff  binit                                                 
20006e24  bme280                                                
0000da03  bme280_compensate_humidity_int32                      
0000dab9  bme280_compensate_humidity_int32_sixteen_bit_output   
0000d87d  bme280_compensate_pressure_int32                      
0000ec41  bme280_compensate_pressure_int64                      
0000ee43  bme280_compensate_pressure_int64_twentyfour_bit_output
0000d77b  bme280_compensate_temperature_int32                   
0000d7f3  bme280_compensate_temperature_int32_sixteen_bit_output
0000ee5d  bme280_compute_wait_time                              
000117f5  bme280_data_readout_template                          
0000dbd3  bme280_get_calib_param                                
0000e693  bme280_get_filter                                     
0000e9f7  bme280_get_forced_uncomp_pressure_temperature_humidity
0000e0ef  bme280_get_oversamp_humidity                          
0000df37  bme280_get_oversamp_pressure                          
0000dd75  bme280_get_oversamp_temperature                       
0000e2dd  bme280_get_power_mode                                 
0000e4e5  bme280_get_spi3                                       
0000e847  bme280_get_standby_durn                               
0000d6c5  bme280_init                                           
000118e1  bme280_initialize_sensor                              
0000db73  bme280_read_pressure_temperature_humidity             
0000ebfb  bme280_read_register                                  
0000d9ad  bme280_read_uncomp_humidity                           
0000d81d  bme280_read_uncomp_pressure                           
0000dae1  bme280_read_uncomp_pressure_temperature_humidity      
0000d71b  bme280_read_uncomp_temperature                        
0000e6e3  bme280_set_filter                                     
0000e149  bme280_set_oversamp_humidity                          
0000df93  bme280_set_oversamp_pressure                          
0000ddd1  bme280_set_oversamp_temperature                       
0000e32b  bme280_set_power_mode                                 
0000e4a5  bme280_set_soft_rst                                   
0000e533  bme280_set_spi3                                       
0000e897  bme280_set_standby_durn                               
0000ebb5  bme280_write_register                                 
00007511  bmi160_accel_foc_trigger_xyz                          
0000ac11  bmi160_bmm150_mag_compensate_X                        
0000acbb  bmi160_bmm150_mag_compensate_Y                        
0000ad65  bmi160_bmm150_mag_compensate_Z                        
0000abb5  bmi160_bmm150_mag_compensate_xyz                      
0000ae05  bmi160_bmm150_mag_interface_init                      
0000b2a7  bmi160_bmm150_mag_set_power_mode                      
0000b0b1  bmi160_bmm150_mag_wakeup                              
0000c00d  bmi160_bst_akm_compensate_X                           
0000c03f  bmi160_bst_akm_compensate_Y                           
0000c071  bmi160_bst_akm_compensate_Z                           
0000c0a3  bmi160_bst_akm_compensate_xyz                         
0000bc05  bmi160_bst_akm_mag_interface_init                     
0000c0f1  bmi160_bst_akm_set_powermode                          
0000caa1  bmi160_bst_yamaha_yas532_calib_values                 
0000c47b  bmi160_bst_yamaha_yas532_mag_interface_init           
0000d4e1  bmi160_bst_yas532_acquisition_command_register        
0000c911  bmi160_bst_yas532_magnetic_measure_set_offset         
0000d069  bmi160_bst_yas532_measurement_xyz_data                
0000cef5  bmi160_bst_yas532_normal_measurement_data             
0000c7b1  bmi160_bst_yas532_set_initial_values                  
0000d5a5  bmi160_bst_yas532_set_offset                          
0000ce59  bmi160_bst_yas532_xy1y2_to_linear                     
000095c1  bmi160_clear_step_counter                             
0000ef11  bmi160_config_running_mode                            
0000fac1  bmi160_delay_ms                                       
00001805  bmi160_fifo_data                                      
000017a5  bmi160_fifo_length                                    
0000191d  bmi160_get_accel_bw                                   
00000e21  bmi160_get_accel_data_rdy                             
000021f7  bmi160_get_accel_fifo_filter_data                     
000086ab  bmi160_get_accel_offset_compensation_xaxis            
00008791  bmi160_get_accel_offset_compensation_yaxis            
0000887b  bmi160_get_accel_offset_compensation_zaxis            
00008edb  bmi160_get_accel_offset_enable                        
0000183f  bmi160_get_accel_output_data_rate                     
00000481  bmi160_get_accel_power_mode_stat                      
00001ad9  bmi160_get_accel_range                                
0000829d  bmi160_get_accel_selftest_amp                         
000080e7  bmi160_get_accel_selftest_axis                        
000081bf  bmi160_get_accel_selftest_sign                        
000019ff  bmi160_get_accel_under_sampling_parameter             
00000d85  bmi160_get_data_rdy_mag                               
000002b5  bmi160_get_drop_cmd_err                               
00000219  bmi160_get_err_code                                   
00000351  bmi160_get_error_status                               
000001cd  bmi160_get_fatal_err                                  
000028a5  bmi160_get_fifo_accel_enable                          
0000212f  bmi160_get_fifo_down_accel                            
00001f87  bmi160_get_fifo_down_gyro                             
00002985  bmi160_get_fifo_gyro_enable                           
000026f1  bmi160_get_fifo_header_enable                         
000027cb  bmi160_get_fifo_mag_enable                            
0000235f  bmi160_get_fifo_stop_on_full                          
000025ff  bmi160_get_fifo_tag_intr1_enable                      
00002511  bmi160_get_fifo_tag_intr2_enable                      
00002437  bmi160_get_fifo_time_enable                           
000022d1  bmi160_get_fifo_wm                                    
000070db  bmi160_get_foc_accel_x                                
00007001  bmi160_get_foc_accel_y                                
00006f3b  bmi160_get_foc_accel_z                                
0000775b  bmi160_get_foc_gyro_enable                            
00000ce5  bmi160_get_foc_rdy                                    
00001ce5  bmi160_get_gyro_bw                                    
00000dd3  bmi160_get_gyro_data_rdy                              
00002055  bmi160_get_gyro_fifo_filter_data                      
00008961  bmi160_get_gyro_offset_compensation_xaxis             
00008b31  bmi160_get_gyro_offset_compensation_yaxis             
00008d09  bmi160_get_gyro_offset_compensation_zaxis             
00008fab  bmi160_get_gyro_offset_enable                         
00001bc9  bmi160_get_gyro_output_data_rate                      
00000433  bmi160_get_gyro_power_mode_stat                       
00001dbf  bmi160_get_gyro_range                                 
00000c49  bmi160_get_gyro_selftest                              
00008377  bmi160_get_gyro_selftest_start                        
00007f33  bmi160_get_gyro_sleep_state                           
00007d7b  bmi160_get_gyro_sleep_trigger                         
0000800d  bmi160_get_gyro_wakeup_intr                           
00007e53  bmi160_get_gyro_wakeup_trigger                        
00002a5f  bmi160_get_i2c_device_addr                            
00000267  bmi160_get_i2c_fail_err                               
00007bc7  bmi160_get_i2c_wdt_enable                             
00007ae7  bmi160_get_i2c_wdt_select                             
00007ca1  bmi160_get_if_mode                                    
000041f3  bmi160_get_input_enable                               
000046ed  bmi160_get_intr_any_motion                            
00005dbf  bmi160_get_intr_any_motion_durn                       
00005f53  bmi160_get_intr_any_motion_thres                      
00005519  bmi160_get_intr_data_rdy                              
00004a31  bmi160_get_intr_double_tap                            
00003ae5  bmi160_get_intr_edge_ctrl                             
00002f23  bmi160_get_intr_enable_0                              
00003393  bmi160_get_intr_enable_1                              
000037fb  bmi160_get_intr_enable_2                              
000051fd  bmi160_get_intr_fifo_full                             
00005389  bmi160_get_intr_fifo_wm                               
00004ee1  bmi160_get_intr_flat                                  
00006d83  bmi160_get_intr_flat_hold                             
00006e63  bmi160_get_intr_flat_hyst                             
00006cab  bmi160_get_intr_flat_theta                            
00004561  bmi160_get_intr_high_g                                
00005cb3  bmi160_get_intr_high_g_durn                           
00005beb  bmi160_get_intr_high_g_hyst                           
00005d39  bmi160_get_intr_high_g_thres                          
00003c6d  bmi160_get_intr_level                                 
0000437f  bmi160_get_intr_low_g                                 
00005937  bmi160_get_intr_low_g_durn                            
00005a43  bmi160_get_intr_low_g_hyst                            
00005b11  bmi160_get_intr_low_g_mode                            
000059bd  bmi160_get_intr_low_g_thres                           
0000577f  bmi160_get_intr_low_high_source                       
0000585d  bmi160_get_intr_motion_source                         
000048a5  bmi160_get_intr_nomotion                              
00004d4f  bmi160_get_intr_orient                                
00006bd1  bmi160_get_intr_orient_axes_enable                    
00006879  bmi160_get_intr_orient_blocking                       
00006953  bmi160_get_intr_orient_hyst                           
0000679b  bmi160_get_intr_orient_mode                           
00006a1b  bmi160_get_intr_orient_theta                          
00006af3  bmi160_get_intr_orient_ud_enable                      
00003dff  bmi160_get_intr_output_type                           
0000506d  bmi160_get_intr_pmu_trig                              
000062f1  bmi160_get_intr_significant_motion_proof              
0000613d  bmi160_get_intr_significant_motion_select             
00006217  bmi160_get_intr_significant_motion_skip               
00004bc3  bmi160_get_intr_single_tap                            
00005e8b  bmi160_get_intr_slow_no_motion_durn                   
0000605f  bmi160_get_intr_slow_no_motion_select                 
00005fd9  bmi160_get_intr_slow_no_motion_thres                  
000063cb  bmi160_get_intr_tap_durn                              
000065fb  bmi160_get_intr_tap_quiet                             
00006521  bmi160_get_intr_tap_shock                             
000056a5  bmi160_get_intr_tap_source                            
000066d5  bmi160_get_intr_tap_thres                             
0000411b  bmi160_get_latch_intr                                 
00002b27  bmi160_get_mag_burst                                  
00000303  bmi160_get_mag_dada_rdy_err                           
00002cb9  bmi160_get_mag_manual_enable                          
00000c97  bmi160_get_mag_manual_operation_stat                  
00002bed  bmi160_get_mag_offset                                 
00001e97  bmi160_get_mag_output_data_rate                       
000003e1  bmi160_get_mag_power_mode_stat                        
00002d91  bmi160_get_mag_read_addr                              
00002e17  bmi160_get_mag_write_addr                             
00002e9d  bmi160_get_mag_write_data                             
000085e3  bmi160_get_nvm_counter                                
00007935  bmi160_get_nvm_prog_enable                            
00000d33  bmi160_get_nvm_rdy                                    
00003f8b  bmi160_get_output_enable                              
00009701  bmi160_get_paging_enable                              
0000d6ab  bmi160_get_ptr                                        
000097db  bmi160_get_pullup_configuration                       
00000bed  bmi160_get_sensor_time                                
00008517  bmi160_get_spare0_trim                                
00007a0f  bmi160_get_spi3                                       
00008451  bmi160_get_spi_enable                                 
00000f09  bmi160_get_stat0_any_motion_intr                      
00000fa5  bmi160_get_stat0_double_tap_intr                      
00001095  bmi160_get_stat0_flat_intr                            
00001041  bmi160_get_stat0_orient_intr                          
00000f57  bmi160_get_stat0_pmu_trigger_intr                     
00000ebb  bmi160_get_stat0_significant_intr                     
00000ff3  bmi160_get_stat0_single_tap_intr                      
00000e6f  bmi160_get_stat0_step_intr                            
0000117f  bmi160_get_stat1_data_rdy_intr                        
000011cd  bmi160_get_stat1_fifo_full_intr                       
0000121b  bmi160_get_stat1_fifo_wm_intr                         
000010e3  bmi160_get_stat1_high_g_intr                          
00001131  bmi160_get_stat1_low_g_intr                           
00001269  bmi160_get_stat1_nomotion_intr                        
000012b7  bmi160_get_stat2_any_motion_first_x                   
00001303  bmi160_get_stat2_any_motion_first_y                   
00001351  bmi160_get_stat2_any_motion_first_z                   
000013a5  bmi160_get_stat2_any_motion_sign                      
000013f3  bmi160_get_stat2_tap_first_x                          
00001441  bmi160_get_stat2_tap_first_y                          
0000148f  bmi160_get_stat2_tap_first_z                          
000014dd  bmi160_get_stat2_tap_sign                             
00001703  bmi160_get_stat3_flat                                 
0000152b  bmi160_get_stat3_high_g_first_x                       
00001577  bmi160_get_stat3_high_g_first_y                       
000015c5  bmi160_get_stat3_high_g_first_z                       
00001613  bmi160_get_stat3_high_g_sign                          
00001661  bmi160_get_stat3_orient_xy                            
000016b5  bmi160_get_stat3_orient_z                             
000090c7  bmi160_get_step_config                                
00009299  bmi160_get_step_counter_enable                        
00003a15  bmi160_get_step_detector_enable                       
00009627  bmi160_get_target_page                                
00001751  bmi160_get_temp                                       
0000fa27  bmi160_i2c_burst_read                                 
0000f9fb  bmi160_i2c_bus_read                                   
0000fa59  bmi160_i2c_bus_write                                  
000000e5  bmi160_init                                           
0000eed5  bmi160_initialize_sensor                              
0000f949  bmi160_interrupt_configuration                        
000093f1  bmi160_map_significant_motion_intr                    
000094d9  bmi160_map_step_detector_intr                         
00000a7d  bmi160_read_accel_x                                   
00000b79  bmi160_read_accel_xyz                                 
00000ad1  bmi160_read_accel_y                                   
00000b25  bmi160_read_accel_z                                   
0000b761  bmi160_read_bmm150_mag_trim                           
0000bf25  bmi160_read_bst_akm_sensitivity_data                  
000098b9  bmi160_read_fifo_header_data                          
0000a289  bmi160_read_fifo_headerless_mode                      
00000909  bmi160_read_gyro_x                                    
00000a05  bmi160_read_gyro_xyz                                  
0000095d  bmi160_read_gyro_y                                    
000009b1  bmi160_read_gyro_z                                    
000006d9  bmi160_read_mag_r                                     
000004cf  bmi160_read_mag_x                                     
00000743  bmi160_read_mag_xyz                                   
0000084d  bmi160_read_mag_xyzr                                  
0000057d  bmi160_read_mag_y                                     
0000062b  bmi160_read_mag_z                                     
00000189  bmi160_read_reg                                       
00009073  bmi160_read_step_count                                
0000196b  bmi160_set_accel_bw                                   
00002245  bmi160_set_accel_fifo_filter_data                     
000071b9  bmi160_set_accel_foc_trigger                          
000086f7  bmi160_set_accel_offset_compensation_xaxis            
000087dd  bmi160_set_accel_offset_compensation_yaxis            
000088c7  bmi160_set_accel_offset_compensation_zaxis            
00008f29  bmi160_set_accel_offset_enable                        
0000188b  bmi160_set_accel_output_data_rate                     
00001b25  bmi160_set_accel_range                                
000082eb  bmi160_set_accel_selftest_amp                         
00008133  bmi160_set_accel_selftest_axis                        
00008211  bmi160_set_accel_selftest_sign                        
00001a4d  bmi160_set_accel_under_sampling_parameter             
0000b181  bmi160_set_bmm150_mag_and_secondary_if_power_mode     
0000b405  bmi160_set_bmm150_mag_presetmode                      
0000c315  bmi160_set_bst_akm_and_secondary_if_powermode         
000095ed  bmi160_set_command_register                           
000028f3  bmi160_set_fifo_accel_enable                          
0000217d  bmi160_set_fifo_down_accel                            
00001fd3  bmi160_set_fifo_down_gyro                             
000029d3  bmi160_set_fifo_gyro_enable                           
0000273f  bmi160_set_fifo_header_enable                         
00002819  bmi160_set_fifo_mag_enable                            
000023ab  bmi160_set_fifo_stop_on_full                          
00002651  bmi160_set_fifo_tag_intr1_enable                      
0000255f  bmi160_set_fifo_tag_intr2_enable                      
00002485  bmi160_set_fifo_time_enable                           
00002325  bmi160_set_fifo_wm                                    
00007129  bmi160_set_foc_accel_x                                
0000704f  bmi160_set_foc_accel_y                                
00006f87  bmi160_set_foc_accel_z                                
000077a9  bmi160_set_foc_gyro_enable                            
00001d33  bmi160_set_gyro_bw                                    
000020a3  bmi160_set_gyro_fifo_filter_data                      
00008a15  bmi160_set_gyro_offset_compensation_xaxis             
00008bed  bmi160_set_gyro_offset_compensation_yaxis             
00008dbf  bmi160_set_gyro_offset_compensation_zaxis             
00008ff9  bmi160_set_gyro_offset_enable                         
00001c15  bmi160_set_gyro_output_data_rate                      
00001e0b  bmi160_set_gyro_range                                 
000083c5  bmi160_set_gyro_selftest_start                        
00007f81  bmi160_set_gyro_sleep_state                           
00007dc7  bmi160_set_gyro_sleep_trigger                         
0000805b  bmi160_set_gyro_wakeup_intr                           
00007ea1  bmi160_set_gyro_wakeup_trigger                        
00002aad  bmi160_set_i2c_device_addr                            
00007c15  bmi160_set_i2c_wdt_enable                             
00007b35  bmi160_set_i2c_wdt_select                             
00007cef  bmi160_set_if_mode                                    
0000428d  bmi160_set_input_enable                               
00004787  bmi160_set_intr_any_motion                            
00005e0b  bmi160_set_intr_any_motion_durn                       
00005f9f  bmi160_set_intr_any_motion_thres                      
000055b3  bmi160_set_intr_data_rdy                              
00004acb  bmi160_set_intr_double_tap                            
00003b7b  bmi160_set_intr_edge_ctrl                             
000030b9  bmi160_set_intr_enable_0                              
00003521  bmi160_set_intr_enable_1                              
000038c3  bmi160_set_intr_enable_2                              
00005297  bmi160_set_intr_fifo_full                             
00005423  bmi160_set_intr_fifo_wm                               
00004f7b  bmi160_set_intr_flat                                  
00006dd1  bmi160_set_intr_flat_hold                             
00006eaf  bmi160_set_intr_flat_hyst                             
00006cf7  bmi160_set_intr_flat_theta                            
000045fb  bmi160_set_intr_high_g                                
00005cff  bmi160_set_intr_high_g_durn                           
00005c39  bmi160_set_intr_high_g_hyst                           
00005d85  bmi160_set_intr_high_g_thres                          
00003d07  bmi160_set_intr_level                                 
00004413  bmi160_set_intr_low_g                                 
00005983  bmi160_set_intr_low_g_durn                            
00005a8f  bmi160_set_intr_low_g_hyst                            
00005b5f  bmi160_set_intr_low_g_mode                            
00005a09  bmi160_set_intr_low_g_thres                           
000057d1  bmi160_set_intr_low_high_source                       
000058ab  bmi160_set_intr_motion_source                         
0000493f  bmi160_set_intr_nomotion                              
00004de9  bmi160_set_intr_orient                                
00006c1f  bmi160_set_intr_orient_axes_enable                    
000068c7  bmi160_set_intr_orient_blocking                       
000069a1  bmi160_set_intr_orient_hyst                           
000067ed  bmi160_set_intr_orient_mode                           
00006a67  bmi160_set_intr_orient_theta                          
00006b45  bmi160_set_intr_orient_ud_enable                      
00003e99  bmi160_set_intr_output_type                           
00005103  bmi160_set_intr_pmu_trig                              
0000633f  bmi160_set_intr_significant_motion_proof              
0000618b  bmi160_set_intr_significant_motion_select             
00006265  bmi160_set_intr_significant_motion_skip               
00004c5d  bmi160_set_intr_single_tap                            
00005ed9  bmi160_set_intr_slow_no_motion_durn                   
000060ab  bmi160_set_intr_slow_no_motion_select                 
00006025  bmi160_set_intr_slow_no_motion_thres                  
00006417  bmi160_set_intr_tap_durn                              
00006649  bmi160_set_intr_tap_quiet                             
0000656f  bmi160_set_intr_tap_shock                             
000056f3  bmi160_set_intr_tap_source                            
00006721  bmi160_set_intr_tap_thres                             
00004167  bmi160_set_latch_intr                                 
00002b73  bmi160_set_mag_burst                                  
00002d07  bmi160_set_mag_manual_enable                          
00002c3b  bmi160_set_mag_offset                                 
00001ee3  bmi160_set_mag_output_data_rate                       
00002ddd  bmi160_set_mag_read_addr                              
00002e63  bmi160_set_mag_write_addr                             
00002ee9  bmi160_set_mag_write_data                             
00008631  bmi160_set_nvm_counter                                
00007983  bmi160_set_nvm_prog_enable                            
00004025  bmi160_set_output_enable                              
0000974f  bmi160_set_paging_enable                              
00009829  bmi160_set_pullup_configuration                       
00008569  bmi160_set_spare0_trim                                
00007a5b  bmi160_set_spi3                                       
0000849d  bmi160_set_spi_enable                                 
00009185  bmi160_set_step_config                                
000092e7  bmi160_set_step_counter_enable                        
00003a6b  bmi160_set_step_detector_enable                       
00009373  bmi160_set_step_mode                                  
00009675  bmi160_set_target_page                                
0000fa85  bmi160_spi_bus_read                                   
0000faa3  bmi160_spi_bus_write                                  
00000145  bmi160_write_reg                                      
20007330  burstMode                                             
00014341  copysign                                              
00014341  copysignl                                             
20007328  errno                                                 
00013b75  frexp                                                 
00013b75  frexpl                                                
20006eb0  g_ui32ByteCount                                       
2000636c  gyro_fifo                                             
20006e92  gyroxyz                                               
20007300  i2cConfig                                             
0000f9c3  i2c_routine                                           
00010e11  idleThread                                            
00010ea7  initI2C                                               
000120eb  init_RGBLEDS                                          
00000000  interruptVectors                                      
20007316  joystickX                                             
00012b8d  ldexp                                                 
00012b8d  ldexpl                                                
20006eb8  ledI2cSemaphore                                       
200066d8  mag_fifo                                              
000132bd  main                                                  
00014325  memccpy                                               
00013495  memcpy                                                
00013885  memset                                                
20006ec0  pData                                                 
00010a8d  ptask0                                                
00010ab7  ptask1                                                
00011029  readBurstI2C                                          
00010f5b  readI2C                                               
20006e60  s_bmi160                                              
00012b8d  scalbn                                                
00012b8d  scalbnl                                               
20006ec4  sensorI2cSemaphore                                    
00012dad  sensorOpt3001Enable                                   
00012da1  sensorOpt3001Init                                     
00012dd9  sensorOpt3001Read                                     
00012e3d  sensorOpt3001Test                                     
00011d4f  sensorTmp007Enable                                    
00011db9  sensorTmp007EnableInterruptConversion                 
00011d45  sensorTmp007Init                                      
00011e03  sensorTmp007Read                                      
00011ec1  sensorTmp007Test                                      
000108f5  setInitialStack                                       
00013e55  snprintf                                              
0000f9e5  spi_routine                                           
00010e1d  squareRoot                                            
000143ed  strchr                                                
00014441  strlen                                                
00010ad5  task0                                                 
00010b29  task1                                                 
00010b63  task2                                                 
00010c05  task3                                                 
00010d15  task4                                                 
20006ecb  ui8DummyRead                                          
20006ece  ui8Status                                             
20006ed0  v_fifo_data_u8                                        
00014455  wcslen                                                
00010ec5  writeI2C                                              


GLOBAL SYMBOLS: SORTED BY Symbol Address 

address   name                                                  
-------   ----                                                  
00000000  __TI_static_base__                                    
00000000  interruptVectors                                      
000000e5  bmi160_init                                           
00000145  bmi160_write_reg                                      
00000189  bmi160_read_reg                                       
000001cd  bmi160_get_fatal_err                                  
00000200  __STACK_SIZE                                          
00000219  bmi160_get_err_code                                   
00000267  bmi160_get_i2c_fail_err                               
000002b5  bmi160_get_drop_cmd_err                               
00000303  bmi160_get_mag_dada_rdy_err                           
00000351  bmi160_get_error_status                               
000003e1  bmi160_get_mag_power_mode_stat                        
00000433  bmi160_get_gyro_power_mode_stat                       
00000481  bmi160_get_accel_power_mode_stat                      
000004cf  bmi160_read_mag_x                                     
0000057d  bmi160_read_mag_y                                     
0000062b  bmi160_read_mag_z                                     
000006d9  bmi160_read_mag_r                                     
00000743  bmi160_read_mag_xyz                                   
0000084d  bmi160_read_mag_xyzr                                  
00000909  bmi160_read_gyro_x                                    
0000095d  bmi160_read_gyro_y                                    
000009b1  bmi160_read_gyro_z                                    
00000a05  bmi160_read_gyro_xyz                                  
00000a7d  bmi160_read_accel_x                                   
00000ad1  bmi160_read_accel_y                                   
00000b25  bmi160_read_accel_z                                   
00000b79  bmi160_read_accel_xyz                                 
00000bed  bmi160_get_sensor_time                                
00000c49  bmi160_get_gyro_selftest                              
00000c97  bmi160_get_mag_manual_operation_stat                  
00000ce5  bmi160_get_foc_rdy                                    
00000d33  bmi160_get_nvm_rdy                                    
00000d85  bmi160_get_data_rdy_mag                               
00000dd3  bmi160_get_gyro_data_rdy                              
00000e21  bmi160_get_accel_data_rdy                             
00000e6f  bmi160_get_stat0_step_intr                            
00000ebb  bmi160_get_stat0_significant_intr                     
00000f09  bmi160_get_stat0_any_motion_intr                      
00000f57  bmi160_get_stat0_pmu_trigger_intr                     
00000fa5  bmi160_get_stat0_double_tap_intr                      
00000ff3  bmi160_get_stat0_single_tap_intr                      
00001041  bmi160_get_stat0_orient_intr                          
00001095  bmi160_get_stat0_flat_intr                            
000010e3  bmi160_get_stat1_high_g_intr                          
00001131  bmi160_get_stat1_low_g_intr                           
0000117f  bmi160_get_stat1_data_rdy_intr                        
000011cd  bmi160_get_stat1_fifo_full_intr                       
0000121b  bmi160_get_stat1_fifo_wm_intr                         
00001269  bmi160_get_stat1_nomotion_intr                        
000012b7  bmi160_get_stat2_any_motion_first_x                   
00001303  bmi160_get_stat2_any_motion_first_y                   
00001351  bmi160_get_stat2_any_motion_first_z                   
000013a5  bmi160_get_stat2_any_motion_sign                      
000013f3  bmi160_get_stat2_tap_first_x                          
00001441  bmi160_get_stat2_tap_first_y                          
0000148f  bmi160_get_stat2_tap_first_z                          
000014dd  bmi160_get_stat2_tap_sign                             
0000152b  bmi160_get_stat3_high_g_first_x                       
00001577  bmi160_get_stat3_high_g_first_y                       
000015c5  bmi160_get_stat3_high_g_first_z                       
00001613  bmi160_get_stat3_high_g_sign                          
00001661  bmi160_get_stat3_orient_xy                            
000016b5  bmi160_get_stat3_orient_z                             
00001703  bmi160_get_stat3_flat                                 
00001751  bmi160_get_temp                                       
000017a5  bmi160_fifo_length                                    
00001805  bmi160_fifo_data                                      
0000183f  bmi160_get_accel_output_data_rate                     
0000188b  bmi160_set_accel_output_data_rate                     
0000191d  bmi160_get_accel_bw                                   
0000196b  bmi160_set_accel_bw                                   
000019ff  bmi160_get_accel_under_sampling_parameter             
00001a4d  bmi160_set_accel_under_sampling_parameter             
00001ad9  bmi160_get_accel_range                                
00001b25  bmi160_set_accel_range                                
00001bc9  bmi160_get_gyro_output_data_rate                      
00001c15  bmi160_set_gyro_output_data_rate                      
00001ce5  bmi160_get_gyro_bw                                    
00001d33  bmi160_set_gyro_bw                                    
00001dbf  bmi160_get_gyro_range                                 
00001e0b  bmi160_set_gyro_range                                 
00001e97  bmi160_get_mag_output_data_rate                       
00001ee3  bmi160_set_mag_output_data_rate                       
00001f87  bmi160_get_fifo_down_gyro                             
00001fd3  bmi160_set_fifo_down_gyro                             
00002055  bmi160_get_gyro_fifo_filter_data                      
000020a3  bmi160_set_gyro_fifo_filter_data                      
0000212f  bmi160_get_fifo_down_accel                            
0000217d  bmi160_set_fifo_down_accel                            
000021f7  bmi160_get_accel_fifo_filter_data                     
00002245  bmi160_set_accel_fifo_filter_data                     
000022d1  bmi160_get_fifo_wm                                    
00002325  bmi160_set_fifo_wm                                    
0000235f  bmi160_get_fifo_stop_on_full                          
000023ab  bmi160_set_fifo_stop_on_full                          
00002437  bmi160_get_fifo_time_enable                           
00002485  bmi160_set_fifo_time_enable                           
00002511  bmi160_get_fifo_tag_intr2_enable                      
0000255f  bmi160_set_fifo_tag_intr2_enable                      
000025ff  bmi160_get_fifo_tag_intr1_enable                      
00002651  bmi160_set_fifo_tag_intr1_enable                      
000026f1  bmi160_get_fifo_header_enable                         
0000273f  bmi160_set_fifo_header_enable                         
000027cb  bmi160_get_fifo_mag_enable                            
00002819  bmi160_set_fifo_mag_enable                            
000028a5  bmi160_get_fifo_accel_enable                          
000028f3  bmi160_set_fifo_accel_enable                          
00002985  bmi160_get_fifo_gyro_enable                           
000029d3  bmi160_set_fifo_gyro_enable                           
00002a5f  bmi160_get_i2c_device_addr                            
00002aad  bmi160_set_i2c_device_addr                            
00002b27  bmi160_get_mag_burst                                  
00002b73  bmi160_set_mag_burst                                  
00002bed  bmi160_get_mag_offset                                 
00002c3b  bmi160_set_mag_offset                                 
00002cb9  bmi160_get_mag_manual_enable                          
00002d07  bmi160_set_mag_manual_enable                          
00002d91  bmi160_get_mag_read_addr                              
00002ddd  bmi160_set_mag_read_addr                              
00002e17  bmi160_get_mag_write_addr                             
00002e63  bmi160_set_mag_write_addr                             
00002e9d  bmi160_get_mag_write_data                             
00002ee9  bmi160_set_mag_write_data                             
00002f23  bmi160_get_intr_enable_0                              
000030b9  bmi160_set_intr_enable_0                              
00003393  bmi160_get_intr_enable_1                              
00003521  bmi160_set_intr_enable_1                              
000037fb  bmi160_get_intr_enable_2                              
000038c3  bmi160_set_intr_enable_2                              
00003a15  bmi160_get_step_detector_enable                       
00003a6b  bmi160_set_step_detector_enable                       
00003ae5  bmi160_get_intr_edge_ctrl                             
00003b7b  bmi160_set_intr_edge_ctrl                             
00003c6d  bmi160_get_intr_level                                 
00003d07  bmi160_set_intr_level                                 
00003dff  bmi160_get_intr_output_type                           
00003e99  bmi160_set_intr_output_type                           
00003f8b  bmi160_get_output_enable                              
00004025  bmi160_set_output_enable                              
0000411b  bmi160_get_latch_intr                                 
00004167  bmi160_set_latch_intr                                 
000041f3  bmi160_get_input_enable                               
0000428d  bmi160_set_input_enable                               
0000437f  bmi160_get_intr_low_g                                 
00004413  bmi160_set_intr_low_g                                 
00004561  bmi160_get_intr_high_g                                
000045fb  bmi160_set_intr_high_g                                
000046ed  bmi160_get_intr_any_motion                            
00004787  bmi160_set_intr_any_motion                            
000048a5  bmi160_get_intr_nomotion                              
0000493f  bmi160_set_intr_nomotion                              
00004a31  bmi160_get_intr_double_tap                            
00004acb  bmi160_set_intr_double_tap                            
00004bc3  bmi160_get_intr_single_tap                            
00004c5d  bmi160_set_intr_single_tap                            
00004d4f  bmi160_get_intr_orient                                
00004de9  bmi160_set_intr_orient                                
00004ee1  bmi160_get_intr_flat                                  
00004f7b  bmi160_set_intr_flat                                  
0000506d  bmi160_get_intr_pmu_trig                              
00005103  bmi160_set_intr_pmu_trig                              
000051fd  bmi160_get_intr_fifo_full                             
00005297  bmi160_set_intr_fifo_full                             
00005389  bmi160_get_intr_fifo_wm                               
00005423  bmi160_set_intr_fifo_wm                               
00005519  bmi160_get_intr_data_rdy                              
000055b3  bmi160_set_intr_data_rdy                              
000056a5  bmi160_get_intr_tap_source                            
000056f3  bmi160_set_intr_tap_source                            
0000577f  bmi160_get_intr_low_high_source                       
000057d1  bmi160_set_intr_low_high_source                       
0000585d  bmi160_get_intr_motion_source                         
000058ab  bmi160_set_intr_motion_source                         
00005937  bmi160_get_intr_low_g_durn                            
00005983  bmi160_set_intr_low_g_durn                            
000059bd  bmi160_get_intr_low_g_thres                           
00005a09  bmi160_set_intr_low_g_thres                           
00005a43  bmi160_get_intr_low_g_hyst                            
00005a8f  bmi160_set_intr_low_g_hyst                            
00005b11  bmi160_get_intr_low_g_mode                            
00005b5f  bmi160_set_intr_low_g_mode                            
00005beb  bmi160_get_intr_high_g_hyst                           
00005c39  bmi160_set_intr_high_g_hyst                           
00005cb3  bmi160_get_intr_high_g_durn                           
00005cff  bmi160_set_intr_high_g_durn                           
00005d39  bmi160_get_intr_high_g_thres                          
00005d85  bmi160_set_intr_high_g_thres                          
[...]
0000d77b  bme280_compensate_temperature_int32                   
0000d7f3  bme280_compensate_temperature_int32_sixteen_bit_output
0000d81d  bme280_read_uncomp_pressure                           
0000d87d  bme280_compensate_pressure_int32                      
0000d9ad  bme280_read_uncomp_humidity                           
0000da03  bme280_compensate_humidity_int32                      
0000dab9  bme280_compensate_humidity_int32_sixteen_bit_output   
0000dae1  bme280_read_uncomp_pressure_temperature_humidity      
0000db73  bme280_read_pressure_temperature_humidity             
0000dbd3  bme280_get_calib_param                                
0000dd75  bme280_get_oversamp_temperature                       
0000ddd1  bme280_set_oversamp_temperature                       
0000df37  bme280_get_oversamp_pressure                          
0000df93  bme280_set_oversamp_pressure                          
0000e0ef  bme280_get_oversamp_humidity                          
0000e149  bme280_set_oversamp_humidity                          
0000e2dd  bme280_get_power_mode                                 
0000e32b  bme280_set_power_mode                                 
0000e4a5  bme280_set_soft_rst                                   
0000e4e5  bme280_get_spi3                                       
0000e533  bme280_set_spi3                                       
0000e693  bme280_get_filter                                     
0000e6e3  bme280_set_filter                                     
0000e847  bme280_get_standby_durn                               
0000e897  bme280_set_standby_durn                               
0000e9f7  bme280_get_forced_uncomp_pressure_temperature_humidity
0000ebb5  bme280_write_register                                 
0000ebfb  bme280_read_register                                  
0000ec41  bme280_compensate_pressure_int64                      
0000ee43  bme280_compensate_pressure_int64_twentyfour_bit_output
0000ee5d  bme280_compute_wait_time                              
0000eed5  bmi160_initialize_sensor                              
0000ef11  bmi160_config_running_mode                            
0000f949  bmi160_interrupt_configuration                        
0000f9c3  i2c_routine                                           
0000f9e5  spi_routine                                           
0000f9fb  bmi160_i2c_bus_read                                   
0000fa27  bmi160_i2c_burst_read                                 
0000fa59  bmi160_i2c_bus_write                                  
0000fa85  bmi160_spi_bus_read                                   
0000faa3  bmi160_spi_bus_write                                  
0000fac1  bmi160_delay_ms                                       
0000fafd  __TI_printfi                                          
0001054b  __aeabi_idiv0                                         
0001054b  __aeabi_ldiv0                                         
000105d1  G8RTOS_Scheduler                                      
000105fd  SysTick_Handler                                       
000105fd  SysTick_Handler                                       
000106ab  G8RTOS_Yield                                          
000106b7  G8RTOS_Init                                           
000106d1  G8RTOS_Launch                                         
0001070b  G8RTOS_AddThread                                      
000107dd  G8RTOS_AddPeriodicThread                              
000108f5  setInitialStack                                       
00010a09  G8RTOS_Sleep                                          
00010a8d  ptask0                                                
00010ab7  ptask1                                                
00010ad5  task0                                                 
00010b29  task1                                                 
00010b63  task2                                                 
00010c05  task3                                                 
00010d15  task4                                                 
00010e11  idleThread                                            
00010e1d  squareRoot                                            
00010ea7  initI2C                                               
00010ec5  writeI2C                                              
00010f5b  readI2C                                               
00011029  readBurstI2C                                          
00011101  EUSCIB1_IRQHandler                                    
00011101  EUSCIB1_IRQHandler                                    
000111c9  SystemCoreClockUpdate                                 
00011441  SystemInit                                            
0001151b  BackChannelInit                                       
00011537  BackChannelPrint                                      
00011583  BackChannelPrintIntVariable                           
000115a1  BackChannelEventTrigger                               
000115b9  BackChannelOpt3001PrintRaw                            
000115d5  BackupChannelTmp007PrintRaw                           
000115fb  BackupChannelBmi160PrintAccel                         
00011627  BackupChannelBmi160PrintGyro                          
00011653  BackupChannelBmi160PrintMag                           
000117f5  bme280_data_readout_template                          
000118e1  bme280_initialize_sensor                              
00011937  I2C_routine                                           
00011953  SPI_routine                                           
00011969  BME280_I2C_bus_write                                  
00011995  BME280_I2C_bus_read                                   
000119c1  BME280_SPI_bus_read                                   
00011a27  BME280_SPI_bus_write                                  
00011a97  BME280_delay_msek                                     
00011d45  sensorTmp007Init                                      
00011d4f  sensorTmp007Enable                                    
00011db9  sensorTmp007EnableInterruptConversion                 
00011e03  sensorTmp007Read                                      
00011ec1  sensorTmp007Test                                      
00011f79  LP3943_LedModeSet                                     
000120eb  init_RGBLEDS                                          
00012335  __aeabi_dsub                                          
0001233f  __aeabi_dadd                                          
000124ed  G8RTOS_InitFIFO                                       
00012553  G8RTOS_ReadFIFO                                       
000125d1  G8RTOS_WriteFIFO                                      
000126a9  Joystick_Init_Without_Interrupt                       
00012707  Joystick_Push_Button_Init_With_Interrupt              
0001275d  Disable_Joystick_Interrupt                            
00012773  GetJoystickCoordinates                                
00012931  __aeabi_ddiv                                          
00012b8d  ldexp                                                 
00012b8d  ldexpl                                                
00012b8d  scalbn                                                
00012b8d  scalbnl                                               
00012c9d  CS_getDCOFrequency                                    
00012da1  sensorOpt3001Init                                     
00012dad  sensorOpt3001Enable                                   
00012dd9  sensorOpt3001Read                                     
00012e3d  sensorOpt3001Test                                     
00012e9f  __aeabi_dmul                                          
00012f9d  CS_initClockSignal                                    
000132bd  main                                                  
0001335d  CS_startHFXTWithTimeout                               
00013495  __aeabi_memcpy                                        
00013495  __aeabi_memcpy4                                       
00013495  __aeabi_memcpy8                                       
00013495  memcpy                                                
00013531  __aeabi_uldivmod                                      
000135c9  UART_initModule                                       
0001365d  G8RTOS_InitSemaphore                                  
00013677  G8RTOS_WaitSemaphore                                  
000136a5  G8RTOS_SignalSemaphore                                
000136ed  __aeabi_cdcmpeq                                       
000136ed  __aeabi_cdcmple                                       
00013773  __aeabi_cdrcmple                                      
000137f9  ClockSys_SetMaxFreq                                   
00013867  ClockSys_GetSysFreq                                   
0001387d  __aeabi_memclr                                        
0001387d  __aeabi_memclr4                                       
0001387d  __aeabi_memclr8                                       
0001387f  __aeabi_memset                                        
0001387f  __aeabi_memset4                                       
0001387f  __aeabi_memset8                                       
00013885  memset                                                
000139d7  __aeabi_ldivmod                                       
00013a45  __TI_decompress_lzss                                  
00013aad  Interrupt_disableInterrupt                            
00013b11  Interrupt_enableInterrupt                             
00013b75  frexp                                                 
00013b75  frexpl                                                
00013c2f  __TI_ltoa                                             
00013cd5  SysCtl_getTLVInfo                                     
00013d29  G8RTOS_Start                                          
00013d49  PendSV_Handler                                        
00013d49  PendSV_Handler                                        
00013d71  GPIO_setAsPeripheralModuleFunctionOutputPin           
00013e09  atoi                                                  
00013e55  snprintf                                              
00013ea1  GPIO_setAsPeripheralModuleFunctionInputPin            
00013f31  __aeabi_d2iz                                          
00013f79  __TI_auto_init_nobinit_nopinit                        
00013fbd  __aeabi_d2uiz                                         
00014001  I2C_initMaster                                        
0001407d  I2C_masterSendMultiByteStart                          
000140b5  BSP_InitBoard                                         
000140e9  _c_int00_noargs                                       
0001411d  I2C_masterSendMultiByteStop                           
0001417d  __aeabi_i2d                                           
000141ab  PCM_getCoreVoltageLevel                               
000141d7  PCM_getPowerMode                                      
00014201  FlashCtl_setWaitState                                 
00014229  DelayMs                                               
00014251  CS_clearInterruptFlag                                 
00014275  GPIO_setAsOutputPin                                   
00014299  I2C_masterSendMultiByteNext                           
000142bd  Interrupt_setPriority                                 
000142e1  UART_transmitData                                     
00014305  __aeabi_ui2d                                          
00014325  memccpy                                               
00014341  copysign                                              
00014341  copysignl                                             
0001435d  CS_getMCLK                                            
00014375  CS_getSMCLK                                           
0001438d  WDT_A_clearTimer                                      
000143a5  WDT_A_holdTimer                                       
000143d5  __aeabi_lmul                                          
000143ed  strchr                                                
00014405  CS_setExternalClockSourceFrequency                    
00014419  I2C_isBusBusy                                         
0001442d  SysTick_enableInterrupt                               
00014441  strlen                                                
00014455  wcslen                                                
00014467  I2C_masterReceiveStart                                
00014479  SysCtl_disableNMISource                               
00014489  SysCtl_enableNMISource                                
00014499  StartCriticalSection                                  
000144a1  EndCriticalSection                                    
000144a7  I2C_clearInterruptFlag                                
000144b5  I2C_disableInterrupt                                  
000144c3  __TI_decompress_none                                  
000144d1  Reset_Handler                                         
000144dd  ADC14_IRQHandler                                      
000144dd  AES256_IRQHandler                                     
000144dd  BusFault_Handler                                      
000144dd  COMP_E0_IRQHandler                                    
000144dd  COMP_E1_IRQHandler                                    
000144dd  CS_IRQHandler                                         
000144dd  DMA_ERR_IRQHandler                                    
000144dd  DMA_INT0_IRQHandler                                   
000144dd  DMA_INT1_IRQHandler                                   
000144dd  DMA_INT2_IRQHandler                                   
000144dd  DMA_INT3_IRQHandler                                   
000144dd  DebugMon_Handler                                      
000144dd  Default_Handler                                       
000144dd  EUSCIA0_IRQHandler                                    
000144dd  EUSCIA1_IRQHandler                                    
000144dd  EUSCIA2_IRQHandler                                    
000144dd  EUSCIA3_IRQHandler                                    
000144dd  EUSCIB0_IRQHandler                                    
000144dd  EUSCIB2_IRQHandler                                    
000144dd  EUSCIB3_IRQHandler                                    
000144dd  FLCTL_IRQHandler                                      
000144dd  FPU_IRQHandler                                        
000144dd  HardFault_Handler                                     
000144dd  MemManage_Handler                                     
000144dd  NMI_Handler                                           
000144dd  PCM_IRQHandler                                        
000144dd  PORT1_IRQHandler                                      
000144dd  PORT2_IRQHandler                                      
000144dd  PORT3_IRQHandler                                      
000144dd  PORT4_IRQHandler                                      
000144dd  PORT5_IRQHandler                                      
000144dd  PORT6_IRQHandler                                      
000144dd  PSS_IRQHandler                                        
000144dd  RTC_C_IRQHandler                                      
000144dd  SVC_Handler                                           
000144dd  T32_INT1_IRQHandler                                   
000144dd  T32_INT2_IRQHandler                                   
000144dd  T32_INTC_IRQHandler                                   
000144dd  TA0_0_IRQHandler                                      
000144dd  TA0_N_IRQHandler                                      
000144dd  TA1_0_IRQHandler                                      
000144dd  TA1_N_IRQHandler                                      
000144dd  TA2_0_IRQHandler                                      
000144dd  TA2_N_IRQHandler                                      
000144dd  TA3_0_IRQHandler                                      
000144dd  TA3_N_IRQHandler                                      
000144dd  UsageFault_Handler                                    
000144dd  WDT_A_IRQHandler                                      
000144df  I2C_disableModule                                     
000144eb  I2C_enableModule                                      
000144f9  PCM_getPowerState                                     
00014505  SysCtl_getNMISourceStatus                             
00014511  UART_enableModule                                     
0001451d  __TI_zero_init                                        
00014529  I2C_enableInterrupt                                   
00014531  PCM_setCoreVoltageLevel                               
00014539  PCM_setPowerMode                                      
00014541  __aeabi_errno_addr                                    
00014549  CS_startHFXT                                          
0001454f  I2C_getEnabledInterruptStatus                         
00014555  I2C_getInterruptStatus                                
0001455b  I2C_masterReceiveMultiByteNext                        
00014561  SysCtlDelay                                           
00014567  I2C_setSlaveAddress                                   
0001456b  _system_pre_init                                      
0001456f  C$$EXIT                                               
0001456f  abort                                                 
00014574  _ctypes_                                              
00014798  __TI_Handler_Table_Base                               
000147a4  __TI_Handler_Table_Limit                              
000147b0  __TI_CINIT_Base                                       
000147c0  __TI_CINIT_Limit                                      
20000000  __start___llvm_prf_cnts                               
20000000  __stop___llvm_prf_cnts                                
20006000  accel_fifo                                            
2000636c  gyro_fifo                                             
200066d8  mag_fifo                                              
20006e24  bme280                                                
20006e60  s_bmi160                                              
20006e8c  accelxyz                                              
20006e92  gyroxyz                                               
20006ea4  ButtonFunction                                        
20006ea8  CurrentlyRunningThread                                
20006eac  SystemTime                                            
20006eb0  g_ui32ByteCount                                       
20006eb8  ledI2cSemaphore                                       
20006ec0  pData                                                 
20006ec4  sensorI2cSemaphore                                    
20006ecb  ui8DummyRead                                          
20006ece  ui8Status                                             
20006ed0  v_fifo_data_u8                                        
20007300  i2cConfig                                             
20007316  joystickX                                             
20007320  V_bmm150_maual_auto_condition_u8                      
20007324  V_fifo_time_U32                                       
20007328  errno                                                 
2000732c  SystemCoreClock                                       
20007330  burstMode                                             
2000fe00  __stack                                               
20010000  __STACK_END                                           
4000480c  WDTCTL_SYM                                            
ffffffff  __TI_pprof_out_hndl                                   
ffffffff  __TI_prof_data_size                                   
ffffffff  __TI_prof_data_start                                  
ffffffff  __binit__                                             
ffffffff  __c_args__                                            
ffffffff  binit                                                 
UNDEFED   __mpu_init                                            
UNDEFED   _system_post_cinit                                    

[644 symbols]
