<?xml version="1.0" encoding="ISO-8859-1" ?>
<link_info>
   <banner>TI ARM Linker PC v20.2.2.LTS</banner>
   <copyright>Copyright (c) 1996-2018 Texas Instruments Incorporated</copyright>
   <link_time>0x604a9a82</link_time>
   <link_errors>0x0</link_errors>
   <output_file>Lab3.out</output_file>
   <entry_point>
      <name>_c_int00_noargs</name>
      <address>0x140e9</address>
   </entry_point>
   <input_file_list>
      <input_file id="fl-2">
         <path>.\</path>
         <kind>object</kind>
         <file>Threads.obj</file>
         <name>Threads.obj</name>
      </input_file>
      <input_file id="fl-3">
         <path>.\</path>
         <kind>object</kind>
         <file>main.obj</file>
         <name>main.obj</name>
      </input_file>
      <input_file id="fl-4">
         <path>.\</path>
         <kind>object</kind>
         <file>startup_msp432p401r_ccs.obj</file>
         <name>startup_msp432p401r_ccs.obj</name>
      </input_file>
      <input_file id="fl-5">
         <path>.\</path>
         <kind>object</kind>
         <file>system_msp432p401r.obj</file>
         <name>system_msp432p401r.obj</name>
      </input_file>
      <input_file id="fl-6">
         <path>.\BoardSupportPackage\src\</path>
         <kind>object</kind>
         <file>AsciiLib.obj</file>
         <name>AsciiLib.obj</name>
      </input_file>
      <input_file id="fl-7">
         <path>.\BoardSupportPackage\src\</path>
         <kind>object</kind>
         <file>BSP.obj</file>
         <name>BSP.obj</name>
      </input_file>
      <input_file id="fl-8">
         <path>.\BoardSupportPackage\src\</path>
         <kind>object</kind>
         <file>BackChannelUart.obj</file>
         <name>BackChannelUart.obj</name>
      </input_file>
      <input_file id="fl-9">
         <path>.\BoardSupportPackage\src\</path>
         <kind>object</kind>
         <file>ClockSys.obj</file>
         <name>ClockSys.obj</name>
      </input_file>
      <input_file id="fl-a">
         <path>.\BoardSupportPackage\src\</path>
         <kind>object</kind>
         <file>Joystick.obj</file>
         <name>Joystick.obj</name>
      </input_file>
      <input_file id="fl-b">
         <path>.\BoardSupportPackage\src\</path>
         <kind>object</kind>
         <file>RGBLeds.obj</file>
         <name>RGBLeds.obj</name>
      </input_file>
      <input_file id="fl-c">
         <path>.\BoardSupportPackage\src\</path>
         <kind>object</kind>
         <file>bme280.obj</file>
         <name>bme280.obj</name>
      </input_file>
      <input_file id="fl-d">
         <path>.\BoardSupportPackage\src\</path>
         <kind>object</kind>
         <file>bme280_support.obj</file>
         <name>bme280_support.obj</name>
      </input_file>
      <input_file id="fl-e">
         <path>.\BoardSupportPackage\src\</path>
         <kind>object</kind>
         <file>bmi160.obj</file>
         <name>bmi160.obj</name>
      </input_file>
      <input_file id="fl-f">
         <path>.\BoardSupportPackage\src\</path>
         <kind>object</kind>
         <file>bmi160_support.obj</file>
         <name>bmi160_support.obj</name>
      </input_file>
      <input_file id="fl-10">
         <path>.\BoardSupportPackage\src\</path>
         <kind>object</kind>
         <file>demo_sysctl.obj</file>
         <name>demo_sysctl.obj</name>
      </input_file>
      <input_file id="fl-11">
         <path>.\BoardSupportPackage\src\</path>
         <kind>object</kind>
         <file>i2c_driver.obj</file>
         <name>i2c_driver.obj</name>
      </input_file>
      <input_file id="fl-12">
         <path>.\BoardSupportPackage\src\</path>
         <kind>object</kind>
         <file>opt3001.obj</file>
         <name>opt3001.obj</name>
      </input_file>
      <input_file id="fl-13">
         <path>.\BoardSupportPackage\src\</path>
         <kind>object</kind>
         <file>tmp007.obj</file>
         <name>tmp007.obj</name>
      </input_file>
      <input_file id="fl-14">
         <path>.\BoardSupportPackage\src\</path>
         <kind>object</kind>
         <file>uart.obj</file>
         <name>uart.obj</name>
      </input_file>
      <input_file id="fl-15">
         <path>.\G8RTOS\</path>
         <kind>object</kind>
         <file>G8RTOS_CriticalSection.obj</file>
         <name>G8RTOS_CriticalSection.obj</name>
      </input_file>
      <input_file id="fl-16">
         <path>.\G8RTOS\</path>
         <kind>object</kind>
         <file>G8RTOS_IPC.obj</file>
         <name>G8RTOS_IPC.obj</name>
      </input_file>
      <input_file id="fl-17">
         <path>.\G8RTOS\</path>
         <kind>object</kind>
         <file>G8RTOS_Scheduler.obj</file>
         <name>G8RTOS_Scheduler.obj</name>
      </input_file>
      <input_file id="fl-18">
         <path>.\G8RTOS\</path>
         <kind>object</kind>
         <file>G8RTOS_SchedulerASM.obj</file>
         <name>G8RTOS_SchedulerASM.obj</name>
      </input_file>
      <input_file id="fl-19">
         <path>.\G8RTOS\</path>
         <kind>object</kind>
         <file>G8RTOS_Semaphores.obj</file>
         <name>G8RTOS_Semaphores.obj</name>
      </input_file>
      <input_file id="fl-1f">
         <kind>object</kind>
         <file>&lt;internal&gt;</file>
         <name>&lt;internal&gt;</name>
      </input_file>
      <input_file id="fl-20">
         <path>..\BoardSupportPackage\DriverLib\</path>
         <kind>archive</kind>
         <file>msp432p4xx_driverlib.lib</file>
         <name>cs.o</name>
      </input_file>
      <input_file id="fl-21">
         <path>..\BoardSupportPackage\DriverLib\</path>
         <kind>archive</kind>
         <file>msp432p4xx_driverlib.lib</file>
         <name>flash.o</name>
      </input_file>
      <input_file id="fl-22">
         <path>..\BoardSupportPackage\DriverLib\</path>
         <kind>archive</kind>
         <file>msp432p4xx_driverlib.lib</file>
         <name>gpio.o</name>
      </input_file>
      <input_file id="fl-23">
         <path>..\BoardSupportPackage\DriverLib\</path>
         <kind>archive</kind>
         <file>msp432p4xx_driverlib.lib</file>
         <name>i2c.o</name>
      </input_file>
      <input_file id="fl-24">
         <path>..\BoardSupportPackage\DriverLib\</path>
         <kind>archive</kind>
         <file>msp432p4xx_driverlib.lib</file>
         <name>interrupt.o</name>
      </input_file>
      <input_file id="fl-25">
         <path>..\BoardSupportPackage\DriverLib\</path>
         <kind>archive</kind>
         <file>msp432p4xx_driverlib.lib</file>
         <name>pcm.o</name>
      </input_file>
      <input_file id="fl-26">
         <path>..\BoardSupportPackage\DriverLib\</path>
         <kind>archive</kind>
         <file>msp432p4xx_driverlib.lib</file>
         <name>rtc_c.o</name>
      </input_file>
      <input_file id="fl-27">
         <path>..\BoardSupportPackage\DriverLib\</path>
         <kind>archive</kind>
         <file>msp432p4xx_driverlib.lib</file>
         <name>sysctl.o</name>
      </input_file>
      <input_file id="fl-28">
         <path>..\BoardSupportPackage\DriverLib\</path>
         <kind>archive</kind>
         <file>msp432p4xx_driverlib.lib</file>
         <name>systick.o</name>
      </input_file>
      <input_file id="fl-29">
         <path>..\BoardSupportPackage\DriverLib\</path>
         <kind>archive</kind>
         <file>msp432p4xx_driverlib.lib</file>
         <name>uart.o</name>
      </input_file>
      <input_file id="fl-2a">
         <path>..\BoardSupportPackage\DriverLib\</path>
         <kind>archive</kind>
         <file>msp432p4xx_driverlib.lib</file>
         <name>wdt_a.o</name>
      </input_file>
      <input_file id="fl-2b">
         <path>..\BoardSupportPackage\DriverLib\</path>
         <kind>archive</kind>
         <file>msp432p4xx_driverlib.lib</file>
         <name>cpu.o</name>
      </input_file>
      <input_file id="fl-e1">
         <path>C:\ti\ccs1020\ccs\tools\compiler\ti-cgt-arm_20.2.2.LTS\lib\</path>
         <kind>archive</kind>
         <file>rtsv7M4_T_le_v4SPD16_eabi.lib</file>
         <name>snprintf.c.obj</name>
      </input_file>
      <input_file id="fl-e2">
         <path>C:\ti\ccs1020\ccs\tools\compiler\ti-cgt-arm_20.2.2.LTS\lib\</path>
         <kind>archive</kind>
         <file>rtsv7M4_T_le_v4SPD16_eabi.lib</file>
         <name>fd_tou_t2.asm.obj</name>
      </input_file>
      <input_file id="fl-e3">
         <path>C:\ti\ccs1020\ccs\tools\compiler\ti-cgt-arm_20.2.2.LTS\lib\</path>
         <kind>archive</kind>
         <file>rtsv7M4_T_le_v4SPD16_eabi.lib</file>
         <name>ll_mul_t2.asm.obj</name>
      </input_file>
      <input_file id="fl-e4">
         <path>C:\ti\ccs1020\ccs\tools\compiler\ti-cgt-arm_20.2.2.LTS\lib\</path>
         <kind>archive</kind>
         <file>rtsv7M4_T_le_v4SPD16_eabi.lib</file>
         <name>memcpy_t2.asm.obj</name>
      </input_file>
      <input_file id="fl-e5">
         <path>C:\ti\ccs1020\ccs\tools\compiler\ti-cgt-arm_20.2.2.LTS\lib\</path>
         <kind>archive</kind>
         <file>rtsv7M4_T_le_v4SPD16_eabi.lib</file>
         <name>u_tofd_t2.asm.obj</name>
      </input_file>
      <input_file id="fl-e6">
         <path>C:\ti\ccs1020\ccs\tools\compiler\ti-cgt-arm_20.2.2.LTS\lib\</path>
         <kind>archive</kind>
         <file>rtsv7M4_T_le_v4SPD16_eabi.lib</file>
         <name>ll_div_t2.asm.obj</name>
      </input_file>
      <input_file id="fl-e7">
         <path>C:\ti\ccs1020\ccs\tools\compiler\ti-cgt-arm_20.2.2.LTS\lib\</path>
         <kind>archive</kind>
         <file>rtsv7M4_T_le_v4SPD16_eabi.lib</file>
         <name>ull_div_t2.asm.obj</name>
      </input_file>
      <input_file id="fl-e8">
         <path>C:\ti\ccs1020\ccs\tools\compiler\ti-cgt-arm_20.2.2.LTS\lib\</path>
         <kind>archive</kind>
         <file>rtsv7M4_T_le_v4SPD16_eabi.lib</file>
         <name>memset_t2.asm.obj</name>
      </input_file>
      <input_file id="fl-e9">
         <path>C:\ti\ccs1020\ccs\tools\compiler\ti-cgt-arm_20.2.2.LTS\lib\</path>
         <kind>archive</kind>
         <file>rtsv7M4_T_le_v4SPD16_eabi.lib</file>
         <name>copy_zero_init.c.obj</name>
      </input_file>
      <input_file id="fl-ea">
         <path>C:\ti\ccs1020\ccs\tools\compiler\ti-cgt-arm_20.2.2.LTS\lib\</path>
         <kind>archive</kind>
         <file>rtsv7M4_T_le_v4SPD16_eabi.lib</file>
         <name>copy_decompress_none.c.obj</name>
      </input_file>
      <input_file id="fl-eb">
         <path>C:\ti\ccs1020\ccs\tools\compiler\ti-cgt-arm_20.2.2.LTS\lib\</path>
         <kind>archive</kind>
         <file>rtsv7M4_T_le_v4SPD16_eabi.lib</file>
         <name>copy_decompress_lzss.c.obj</name>
      </input_file>
      <input_file id="fl-ec">
         <path>C:\ti\ccs1020\ccs\tools\compiler\ti-cgt-arm_20.2.2.LTS\lib\</path>
         <kind>archive</kind>
         <file>rtsv7M4_T_le_v4SPD16_eabi.lib</file>
         <name>boot_cortex_m.c.obj</name>
      </input_file>
      <input_file id="fl-ed">
         <path>C:\ti\ccs1020\ccs\tools\compiler\ti-cgt-arm_20.2.2.LTS\lib\</path>
         <kind>archive</kind>
         <file>rtsv7M4_T_le_v4SPD16_eabi.lib</file>
         <name>_printfi.c.obj</name>
      </input_file>
      <input_file id="fl-ee">
         <path>C:\ti\ccs1020\ccs\tools\compiler\ti-cgt-arm_20.2.2.LTS\lib\</path>
         <kind>archive</kind>
         <file>rtsv7M4_T_le_v4SPD16_eabi.lib</file>
         <name>div0.asm.obj</name>
      </input_file>
      <input_file id="fl-ef">
         <path>C:\ti\ccs1020\ccs\tools\compiler\ti-cgt-arm_20.2.2.LTS\lib\</path>
         <kind>archive</kind>
         <file>rtsv7M4_T_le_v4SPD16_eabi.lib</file>
         <name>fd_add_t2.asm.obj</name>
      </input_file>
      <input_file id="fl-f0">
         <path>C:\ti\ccs1020\ccs\tools\compiler\ti-cgt-arm_20.2.2.LTS\lib\</path>
         <kind>archive</kind>
         <file>rtsv7M4_T_le_v4SPD16_eabi.lib</file>
         <name>fd_cmp_t2.asm.obj</name>
      </input_file>
      <input_file id="fl-f1">
         <path>C:\ti\ccs1020\ccs\tools\compiler\ti-cgt-arm_20.2.2.LTS\lib\</path>
         <kind>archive</kind>
         <file>rtsv7M4_T_le_v4SPD16_eabi.lib</file>
         <name>fd_div_t2.asm.obj</name>
      </input_file>
      <input_file id="fl-f2">
         <path>C:\ti\ccs1020\ccs\tools\compiler\ti-cgt-arm_20.2.2.LTS\lib\</path>
         <kind>archive</kind>
         <file>rtsv7M4_T_le_v4SPD16_eabi.lib</file>
         <name>fd_mul_t2.asm.obj</name>
      </input_file>
      <input_file id="fl-f3">
         <path>C:\ti\ccs1020\ccs\tools\compiler\ti-cgt-arm_20.2.2.LTS\lib\</path>
         <kind>archive</kind>
         <file>rtsv7M4_T_le_v4SPD16_eabi.lib</file>
         <name>fd_toi_t2.asm.obj</name>
      </input_file>
      <input_file id="fl-f4">
         <path>C:\ti\ccs1020\ccs\tools\compiler\ti-cgt-arm_20.2.2.LTS\lib\</path>
         <kind>archive</kind>
         <file>rtsv7M4_T_le_v4SPD16_eabi.lib</file>
         <name>i_tofd_t2.asm.obj</name>
      </input_file>
      <input_file id="fl-f5">
         <path>C:\ti\ccs1020\ccs\tools\compiler\ti-cgt-arm_20.2.2.LTS\lib\</path>
         <kind>archive</kind>
         <file>rtsv7M4_T_le_v4SPD16_eabi.lib</file>
         <name>autoinit.c.obj</name>
      </input_file>
      <input_file id="fl-f6">
         <path>C:\ti\ccs1020\ccs\tools\compiler\ti-cgt-arm_20.2.2.LTS\lib\</path>
         <kind>archive</kind>
         <file>rtsv7M4_T_le_v4SPD16_eabi.lib</file>
         <name>pre_init.c.obj</name>
      </input_file>
      <input_file id="fl-f7">
         <path>C:\ti\ccs1020\ccs\tools\compiler\ti-cgt-arm_20.2.2.LTS\lib\</path>
         <kind>archive</kind>
         <file>rtsv7M4_T_le_v4SPD16_eabi.lib</file>
         <name>cpy_tbl.c.obj</name>
      </input_file>
      <input_file id="fl-f8">
         <path>C:\ti\ccs1020\ccs\tools\compiler\ti-cgt-arm_20.2.2.LTS\lib\</path>
         <kind>archive</kind>
         <file>rtsv7M4_T_le_v4SPD16_eabi.lib</file>
         <name>exit.c.obj</name>
      </input_file>
      <input_file id="fl-f9">
         <path>C:\ti\ccs1020\ccs\tools\compiler\ti-cgt-arm_20.2.2.LTS\lib\</path>
         <kind>archive</kind>
         <file>rtsv7M4_T_le_v4SPD16_eabi.lib</file>
         <name>_lock.c.obj</name>
      </input_file>
      <input_file id="fl-fa">
         <path>C:\ti\ccs1020\ccs\tools\compiler\ti-cgt-arm_20.2.2.LTS\lib\</path>
         <kind>archive</kind>
         <file>rtsv7M4_T_le_v4SPD16_eabi.lib</file>
         <name>_ltoa.c.obj</name>
      </input_file>
      <input_file id="fl-fb">
         <path>C:\ti\ccs1020\ccs\tools\compiler\ti-cgt-arm_20.2.2.LTS\lib\</path>
         <kind>archive</kind>
         <file>rtsv7M4_T_le_v4SPD16_eabi.lib</file>
         <name>args_main.c.obj</name>
      </input_file>
      <input_file id="fl-fc">
         <path>C:\ti\ccs1020\ccs\tools\compiler\ti-cgt-arm_20.2.2.LTS\lib\</path>
         <kind>archive</kind>
         <file>rtsv7M4_T_le_v4SPD16_eabi.lib</file>
         <name>atoi.c.obj</name>
      </input_file>
      <input_file id="fl-fd">
         <path>C:\ti\ccs1020\ccs\tools\compiler\ti-cgt-arm_20.2.2.LTS\lib\</path>
         <kind>archive</kind>
         <file>rtsv7M4_T_le_v4SPD16_eabi.lib</file>
         <name>ctype.c.obj</name>
      </input_file>
      <input_file id="fl-fe">
         <path>C:\ti\ccs1020\ccs\tools\compiler\ti-cgt-arm_20.2.2.LTS\lib\</path>
         <kind>archive</kind>
         <file>rtsv7M4_T_le_v4SPD16_eabi.lib</file>
         <name>memccpy.c.obj</name>
      </input_file>
      <input_file id="fl-ff">
         <path>C:\ti\ccs1020\ccs\tools\compiler\ti-cgt-arm_20.2.2.LTS\lib\</path>
         <kind>archive</kind>
         <file>rtsv7M4_T_le_v4SPD16_eabi.lib</file>
         <name>strchr.c.obj</name>
      </input_file>
      <input_file id="fl-100">
         <path>C:\ti\ccs1020\ccs\tools\compiler\ti-cgt-arm_20.2.2.LTS\lib\</path>
         <kind>archive</kind>
         <file>rtsv7M4_T_le_v4SPD16_eabi.lib</file>
         <name>strlen.c.obj</name>
      </input_file>
      <input_file id="fl-101">
         <path>C:\ti\ccs1020\ccs\tools\compiler\ti-cgt-arm_20.2.2.LTS\lib\</path>
         <kind>archive</kind>
         <file>rtsv7M4_T_le_v4SPD16_eabi.lib</file>
         <name>errno.c.obj</name>
      </input_file>
      <input_file id="fl-102">
         <path>C:\ti\ccs1020\ccs\tools\compiler\ti-cgt-arm_20.2.2.LTS\lib\</path>
         <kind>archive</kind>
         <file>rtsv7M4_T_le_v4SPD16_eabi.lib</file>
         <name>s_frexp.c.obj</name>
      </input_file>
      <input_file id="fl-103">
         <path>C:\ti\ccs1020\ccs\tools\compiler\ti-cgt-arm_20.2.2.LTS\lib\</path>
         <kind>archive</kind>
         <file>rtsv7M4_T_le_v4SPD16_eabi.lib</file>
         <name>s_scalbn.c.obj</name>
      </input_file>
      <input_file id="fl-104">
         <path>C:\ti\ccs1020\ccs\tools\compiler\ti-cgt-arm_20.2.2.LTS\lib\</path>
         <kind>archive</kind>
         <file>rtsv7M4_T_le_v4SPD16_eabi.lib</file>
         <name>wcslen.c.obj</name>
      </input_file>
      <input_file id="fl-105">
         <path>C:\ti\ccs1020\ccs\tools\compiler\ti-cgt-arm_20.2.2.LTS\lib\</path>
         <kind>archive</kind>
         <file>rtsv7M4_T_le_v4SPD16_eabi.lib</file>
         <name>s_copysign.c.obj</name>
      </input_file>
   </input_file_list>
   <object_component_list>
      <object_component id="oc-26">
         <name>.intvecs:retain</name>
         <load_address>0x0</load_address>
         <run_address>0x0</run_address>
         <size>0xe4</size>
         <input_file_ref idref="fl-4"/>
      </object_component>
      <object_component id="oc-2f6">
         <name>.text</name>
         <load_address>0xe4</load_address>
         <run_address>0xe4</run_address>
         <size>0xd5e0</size>
         <input_file_ref idref="fl-e"/>
      </object_component>
      <object_component id="oc-2be">
         <name>.text</name>
         <load_address>0xd6c4</load_address>
         <run_address>0xd6c4</run_address>
         <size>0x1810</size>
         <input_file_ref idref="fl-c"/>
      </object_component>
      <object_component id="oc-227">
         <name>.text</name>
         <load_address>0xeed4</load_address>
         <run_address>0xeed4</run_address>
         <size>0xc28</size>
         <input_file_ref idref="fl-f"/>
      </object_component>
      <object_component id="oc-407">
         <name>.text:__TI_printfi</name>
         <load_address>0xfafc</load_address>
         <run_address>0xfafc</run_address>
         <size>0xa4e</size>
         <input_file_ref idref="fl-ed"/>
      </object_component>
      <object_component id="oc-494">
         <name>.text</name>
         <load_address>0x1054a</load_address>
         <run_address>0x1054a</run_address>
         <size>0x2</size>
         <input_file_ref idref="fl-ee"/>
      </object_component>
      <object_component id="oc-72">
         <name>.text</name>
         <load_address>0x1054c</load_address>
         <run_address>0x1054c</run_address>
         <size>0x540</size>
         <input_file_ref idref="fl-17"/>
      </object_component>
      <object_component id="oc-1ad">
         <name>.text</name>
         <load_address>0x10a8c</load_address>
         <run_address>0x10a8c</run_address>
         <size>0x3dc</size>
         <input_file_ref idref="fl-2"/>
      </object_component>
      <object_component id="oc-78">
         <name>.text</name>
         <load_address>0x10e68</load_address>
         <run_address>0x10e68</run_address>
         <size>0x360</size>
         <input_file_ref idref="fl-11"/>
      </object_component>
      <object_component id="oc-b6">
         <name>.text</name>
         <load_address>0x111c8</load_address>
         <run_address>0x111c8</run_address>
         <size>0x334</size>
         <input_file_ref idref="fl-5"/>
      </object_component>
      <object_component id="oc-239">
         <name>.text</name>
         <load_address>0x114fc</load_address>
         <run_address>0x114fc</run_address>
         <size>0x2f8</size>
         <input_file_ref idref="fl-8"/>
      </object_component>
      <object_component id="oc-233">
         <name>.text</name>
         <load_address>0x117f4</load_address>
         <run_address>0x117f4</run_address>
         <size>0x2e0</size>
         <input_file_ref idref="fl-d"/>
      </object_component>
      <object_component id="oc-4f4">
         <name>.text:_pconv_a</name>
         <load_address>0x11ad4</load_address>
         <run_address>0x11ad4</run_address>
         <size>0x270</size>
         <input_file_ref idref="fl-ed"/>
      </object_component>
      <object_component id="oc-221">
         <name>.text</name>
         <load_address>0x11d44</load_address>
         <run_address>0x11d44</run_address>
         <size>0x234</size>
         <input_file_ref idref="fl-13"/>
      </object_component>
      <object_component id="oc-23f">
         <name>.text</name>
         <load_address>0x11f78</load_address>
         <run_address>0x11f78</run_address>
         <size>0x1ec</size>
         <input_file_ref idref="fl-b"/>
      </object_component>
      <object_component id="oc-4e2">
         <name>.text:_pconv_g</name>
         <load_address>0x12164</load_address>
         <run_address>0x12164</run_address>
         <size>0x1d0</size>
         <input_file_ref idref="fl-ed"/>
      </object_component>
      <object_component id="oc-559">
         <name>.text</name>
         <load_address>0x12334</load_address>
         <run_address>0x12334</run_address>
         <size>0x1b6</size>
         <input_file_ref idref="fl-ef"/>
      </object_component>
      <object_component id="oc-1a3">
         <name>.text</name>
         <load_address>0x124ec</load_address>
         <run_address>0x124ec</run_address>
         <size>0x190</size>
         <input_file_ref idref="fl-16"/>
      </object_component>
      <object_component id="oc-22d">
         <name>.text</name>
         <load_address>0x1267c</load_address>
         <run_address>0x1267c</run_address>
         <size>0x178</size>
         <input_file_ref idref="fl-a"/>
      </object_component>
      <object_component id="oc-4ee">
         <name>.text:_pconv_e</name>
         <load_address>0x127f4</load_address>
         <run_address>0x127f4</run_address>
         <size>0x13c</size>
         <input_file_ref idref="fl-ed"/>
      </object_component>
      <object_component id="oc-53f">
         <name>.text</name>
         <load_address>0x12930</load_address>
         <run_address>0x12930</run_address>
         <size>0x136</size>
         <input_file_ref idref="fl-f1"/>
      </object_component>
      <object_component id="oc-56b">
         <name>.text:fcvt</name>
         <load_address>0x12a68</load_address>
         <run_address>0x12a68</run_address>
         <size>0x124</size>
         <input_file_ref idref="fl-ed"/>
      </object_component>
      <object_component id="oc-57f">
         <name>.text:scalbn</name>
         <load_address>0x12b8c</load_address>
         <run_address>0x12b8c</run_address>
         <size>0x110</size>
         <input_file_ref idref="fl-103"/>
      </object_component>
      <object_component id="oc-36c">
         <name>.text:CS_getDCOFrequency</name>
         <load_address>0x12c9c</load_address>
         <run_address>0x12c9c</run_address>
         <size>0x104</size>
         <input_file_ref idref="fl-20"/>
      </object_component>
      <object_component id="oc-21b">
         <name>.text</name>
         <load_address>0x12da0</load_address>
         <run_address>0x12da0</run_address>
         <size>0xfe</size>
         <input_file_ref idref="fl-12"/>
      </object_component>
      <object_component id="oc-53a">
         <name>.text</name>
         <load_address>0x12e9e</load_address>
         <run_address>0x12e9e</run_address>
         <size>0xfc</size>
         <input_file_ref idref="fl-f2"/>
      </object_component>
      <object_component id="oc-25e">
         <name>.text:CS_initClockSignal</name>
         <load_address>0x12f9c</load_address>
         <run_address>0x12f9c</run_address>
         <size>0xe0</size>
         <input_file_ref idref="fl-20"/>
      </object_component>
      <object_component id="oc-51f">
         <name>.text:__PCM_setPowerModeAdvanced</name>
         <load_address>0x1307c</load_address>
         <run_address>0x1307c</run_address>
         <size>0xdc</size>
         <input_file_ref idref="fl-25"/>
      </object_component>
      <object_component id="oc-4d7">
         <name>.text:_ltostr</name>
         <load_address>0x13158</load_address>
         <run_address>0x13158</run_address>
         <size>0xb1</size>
         <input_file_ref idref="fl-ed"/>
      </object_component>
      <object_component id="oc-34f">
         <name>.text:__PCM_setCoreVoltageLevelAdvanced</name>
         <load_address>0x1320c</load_address>
         <run_address>0x1320c</run_address>
         <size>0xb0</size>
         <input_file_ref idref="fl-25"/>
      </object_component>
      <object_component id="oc-a4">
         <name>.text</name>
         <load_address>0x132bc</load_address>
         <run_address>0x132bc</run_address>
         <size>0xa0</size>
         <input_file_ref idref="fl-3"/>
      </object_component>
      <object_component id="oc-35d">
         <name>.text:CS_startHFXTWithTimeout</name>
         <load_address>0x1335c</load_address>
         <run_address>0x1335c</run_address>
         <size>0x9c</size>
         <input_file_ref idref="fl-20"/>
      </object_component>
      <object_component id="oc-27a">
         <name>.text:_CSComputeCLKFrequency</name>
         <load_address>0x133f8</load_address>
         <run_address>0x133f8</run_address>
         <size>0x9c</size>
         <input_file_ref idref="fl-20"/>
      </object_component>
      <object_component id="oc-37">
         <name>.text</name>
         <load_address>0x13494</load_address>
         <run_address>0x13494</run_address>
         <size>0x9c</size>
         <input_file_ref idref="fl-e4"/>
      </object_component>
      <object_component id="oc-499">
         <name>.text</name>
         <load_address>0x13530</load_address>
         <run_address>0x13530</run_address>
         <size>0x96</size>
         <input_file_ref idref="fl-e7"/>
      </object_component>
      <object_component id="oc-32f">
         <name>.text:UART_initModule</name>
         <load_address>0x135c8</load_address>
         <run_address>0x135c8</run_address>
         <size>0x94</size>
         <input_file_ref idref="fl-29"/>
      </object_component>
      <object_component id="oc-19d">
         <name>.text</name>
         <load_address>0x1365c</load_address>
         <run_address>0x1365c</run_address>
         <size>0x90</size>
         <input_file_ref idref="fl-19"/>
      </object_component>
      <object_component id="oc-4dd">
         <name>.text:__aeabi_cdcmple</name>
         <load_address>0x136ec</load_address>
         <run_address>0x136ec</run_address>
         <size>0x86</size>
         <input_file_ref idref="fl-f0"/>
      </object_component>
      <object_component id="oc-544">
         <name>.text:__aeabi_cdrcmple</name>
         <load_address>0x13772</load_address>
         <run_address>0x13772</run_address>
         <size>0x86</size>
         <input_file_ref idref="fl-f0"/>
      </object_component>
      <object_component id="oc-cf">
         <name>.text</name>
         <load_address>0x137f8</load_address>
         <run_address>0x137f8</run_address>
         <size>0x84</size>
         <input_file_ref idref="fl-9"/>
      </object_component>
      <object_component id="oc-98">
         <name>.text</name>
         <load_address>0x1387c</load_address>
         <run_address>0x1387c</run_address>
         <size>0x7a</size>
         <input_file_ref idref="fl-e8"/>
      </object_component>
      <object_component id="oc-46e">
         <name>.text:_CSGetHFXTFrequency</name>
         <load_address>0x138f8</load_address>
         <run_address>0x138f8</run_address>
         <size>0x70</size>
         <input_file_ref idref="fl-20"/>
      </object_component>
      <object_component id="oc-564">
         <name>.text:_mcpy</name>
         <load_address>0x13968</load_address>
         <run_address>0x13968</run_address>
         <size>0x6e</size>
         <input_file_ref idref="fl-ed"/>
      </object_component>
      <object_component id="oc-399">
         <name>.text</name>
         <load_address>0x139d6</load_address>
         <run_address>0x139d6</run_address>
         <size>0x6e</size>
         <input_file_ref idref="fl-e6"/>
      </object_component>
      <object_component id="oc-17">
         <name>.text:decompress:lzss:__TI_decompress_lzss</name>
         <load_address>0x13a44</load_address>
         <run_address>0x13a44</run_address>
         <size>0x68</size>
         <input_file_ref idref="fl-eb"/>
      </object_component>
      <object_component id="oc-13e">
         <name>.text:Interrupt_disableInterrupt</name>
         <load_address>0x13aac</load_address>
         <run_address>0x13aac</run_address>
         <size>0x64</size>
         <input_file_ref idref="fl-24"/>
      </object_component>
      <object_component id="oc-132">
         <name>.text:Interrupt_enableInterrupt</name>
         <load_address>0x13b10</load_address>
         <run_address>0x13b10</run_address>
         <size>0x64</size>
         <input_file_ref idref="fl-24"/>
      </object_component>
      <object_component id="oc-579">
         <name>.text:frexp</name>
         <load_address>0x13b74</load_address>
         <run_address>0x13b74</run_address>
         <size>0x64</size>
         <input_file_ref idref="fl-102"/>
      </object_component>
      <object_component id="oc-4e8">
         <name>.text:_pconv_f</name>
         <load_address>0x13bd8</load_address>
         <run_address>0x13bd8</run_address>
         <size>0x56</size>
         <input_file_ref idref="fl-ed"/>
      </object_component>
      <object_component id="oc-54e">
         <name>.text:__TI_ltoa</name>
         <load_address>0x13c2e</load_address>
         <run_address>0x13c2e</run_address>
         <size>0x54</size>
         <input_file_ref idref="fl-fa"/>
      </object_component>
      <object_component id="oc-55e">
         <name>.text:_ecpy</name>
         <load_address>0x13c82</load_address>
         <run_address>0x13c82</run_address>
         <size>0x52</size>
         <input_file_ref idref="fl-ed"/>
      </object_component>
      <object_component id="oc-482">
         <name>.text:SysCtl_getTLVInfo</name>
         <load_address>0x13cd4</load_address>
         <run_address>0x13cd4</run_address>
         <size>0x50</size>
         <input_file_ref idref="fl-27"/>
      </object_component>
      <object_component id="oc-6d">
         <name>.text</name>
         <load_address>0x13d24</load_address>
         <run_address>0x13d24</run_address>
         <size>0x4c</size>
         <input_file_ref idref="fl-18"/>
      </object_component>
      <object_component id="oc-102">
         <name>.text:GPIO_setAsPeripheralModuleFunctionOutputPin</name>
         <load_address>0x13d70</load_address>
         <run_address>0x13d70</run_address>
         <size>0x4c</size>
         <input_file_ref idref="fl-22"/>
      </object_component>
      <object_component id="oc-47c">
         <name>.text:_CSGetDOCFrequency</name>
         <load_address>0x13dbc</load_address>
         <run_address>0x13dbc</run_address>
         <size>0x4c</size>
         <input_file_ref idref="fl-20"/>
      </object_component>
      <object_component id="oc-4d1">
         <name>.text:atoi</name>
         <load_address>0x13e08</load_address>
         <run_address>0x13e08</run_address>
         <size>0x4c</size>
         <input_file_ref idref="fl-fc"/>
      </object_component>
      <object_component id="oc-33b">
         <name>.text:snprintf</name>
         <load_address>0x13e54</load_address>
         <run_address>0x13e54</run_address>
         <size>0x4c</size>
         <input_file_ref idref="fl-e1"/>
      </object_component>
      <object_component id="oc-329">
         <name>.text:GPIO_setAsPeripheralModuleFunctionInputPin</name>
         <load_address>0x13ea0</load_address>
         <run_address>0x13ea0</run_address>
         <size>0x48</size>
         <input_file_ref idref="fl-22"/>
      </object_component>
      <object_component id="oc-366">
         <name>.text:_CSGetDividerValue</name>
         <load_address>0x13ee8</load_address>
         <run_address>0x13ee8</run_address>
         <size>0x48</size>
         <input_file_ref idref="fl-20"/>
      </object_component>
      <object_component id="oc-549">
         <name>.text</name>
         <load_address>0x13f30</load_address>
         <run_address>0x13f30</run_address>
         <size>0x48</size>
         <input_file_ref idref="fl-f3"/>
      </object_component>
      <object_component id="oc-1c0">
         <name>.text:__TI_auto_init_nobinit_nopinit:__TI_auto_init_nobinit_nopinit</name>
         <load_address>0x13f78</load_address>
         <run_address>0x13f78</run_address>
         <size>0x44</size>
         <input_file_ref idref="fl-f5"/>
      </object_component>
      <object_component id="oc-da">
         <name>.text</name>
         <load_address>0x13fbc</load_address>
         <run_address>0x13fbc</run_address>
         <size>0x44</size>
         <input_file_ref idref="fl-e2"/>
      </object_component>
      <object_component id="oc-114">
         <name>.text:I2C_initMaster</name>
         <load_address>0x14000</load_address>
         <run_address>0x14000</run_address>
         <size>0x3e</size>
         <input_file_ref idref="fl-23"/>
      </object_component>
      <object_component id="oc-571">
         <name>.text:_fcpy</name>
         <load_address>0x1403e</load_address>
         <run_address>0x1403e</run_address>
         <size>0x3e</size>
         <input_file_ref idref="fl-ed"/>
      </object_component>
      <object_component id="oc-12c">
         <name>.text:I2C_masterSendMultiByteStart</name>
         <load_address>0x1407c</load_address>
         <run_address>0x1407c</run_address>
         <size>0x38</size>
         <input_file_ref idref="fl-23"/>
      </object_component>
      <object_component id="oc-c9">
         <name>.text</name>
         <load_address>0x140b4</load_address>
         <run_address>0x140b4</run_address>
         <size>0x34</size>
         <input_file_ref idref="fl-7"/>
      </object_component>
      <object_component id="oc-55">
         <name>.text:_c_int00_noargs:_c_int00_noargs</name>
         <load_address>0x140e8</load_address>
         <run_address>0x140e8</run_address>
         <size>0x34</size>
         <input_file_ref idref="fl-ec"/>
      </object_component>
      <object_component id="oc-15c">
         <name>.text:I2C_masterSendMultiByteStop</name>
         <load_address>0x1411c</load_address>
         <run_address>0x1411c</run_address>
         <size>0x30</size>
         <input_file_ref idref="fl-23"/>
      </object_component>
      <object_component id="oc-40d">
         <name>.text:_outs</name>
         <load_address>0x1414c</load_address>
         <run_address>0x1414c</run_address>
         <size>0x30</size>
         <input_file_ref idref="fl-e1"/>
      </object_component>
      <object_component id="oc-554">
         <name>.text</name>
         <load_address>0x1417c</load_address>
         <run_address>0x1417c</run_address>
         <size>0x2e</size>
         <input_file_ref idref="fl-f4"/>
      </object_component>
      <object_component id="oc-445">
         <name>.text:PCM_getCoreVoltageLevel</name>
         <load_address>0x141aa</load_address>
         <run_address>0x141aa</run_address>
         <size>0x2c</size>
         <input_file_ref idref="fl-25"/>
      </object_component>
      <object_component id="oc-43f">
         <name>.text:PCM_getPowerMode</name>
         <load_address>0x141d6</load_address>
         <run_address>0x141d6</run_address>
         <size>0x2a</size>
         <input_file_ref idref="fl-25"/>
      </object_component>
      <object_component id="oc-252">
         <name>.text:FlashCtl_setWaitState</name>
         <load_address>0x14200</load_address>
         <run_address>0x14200</run_address>
         <size>0x28</size>
         <input_file_ref idref="fl-21"/>
      </object_component>
      <object_component id="oc-301">
         <name>.text</name>
         <load_address>0x14228</load_address>
         <run_address>0x14228</run_address>
         <size>0x26</size>
         <input_file_ref idref="fl-10"/>
      </object_component>
      <object_component id="oc-372">
         <name>.text:CS_clearInterruptFlag</name>
         <load_address>0x14250</load_address>
         <run_address>0x14250</run_address>
         <size>0x24</size>
         <input_file_ref idref="fl-20"/>
      </object_component>
      <object_component id="oc-197">
         <name>.text:GPIO_setAsOutputPin</name>
         <load_address>0x14274</load_address>
         <run_address>0x14274</run_address>
         <size>0x24</size>
         <input_file_ref idref="fl-22"/>
      </object_component>
      <object_component id="oc-168">
         <name>.text:I2C_masterSendMultiByteNext</name>
         <load_address>0x14298</load_address>
         <run_address>0x14298</run_address>
         <size>0x24</size>
         <input_file_ref idref="fl-23"/>
      </object_component>
      <object_component id="oc-312">
         <name>.text:Interrupt_setPriority</name>
         <load_address>0x142bc</load_address>
         <run_address>0x142bc</run_address>
         <size>0x24</size>
         <input_file_ref idref="fl-24"/>
      </object_component>
      <object_component id="oc-323">
         <name>.text:UART_transmitData</name>
         <load_address>0x142e0</load_address>
         <run_address>0x142e0</run_address>
         <size>0x24</size>
         <input_file_ref idref="fl-29"/>
      </object_component>
      <object_component id="oc-d5">
         <name>.text</name>
         <load_address>0x14304</load_address>
         <run_address>0x14304</run_address>
         <size>0x20</size>
         <input_file_ref idref="fl-e5"/>
      </object_component>
      <object_component id="oc-4fa">
         <name>.text:memccpy</name>
         <load_address>0x14324</load_address>
         <run_address>0x14324</run_address>
         <size>0x1c</size>
         <input_file_ref idref="fl-fe"/>
      </object_component>
      <object_component id="oc-5c3">
         <name>.text:copysign</name>
         <load_address>0x14340</load_address>
         <run_address>0x14340</run_address>
         <size>0x1a</size>
         <input_file_ref idref="fl-105"/>
      </object_component>
      <object_component id="oc-264">
         <name>.text:CS_getMCLK</name>
         <load_address>0x1435c</load_address>
         <run_address>0x1435c</run_address>
         <size>0x18</size>
         <input_file_ref idref="fl-20"/>
      </object_component>
      <object_component id="oc-fc">
         <name>.text:CS_getSMCLK</name>
         <load_address>0x14374</load_address>
         <run_address>0x14374</run_address>
         <size>0x18</size>
         <input_file_ref idref="fl-20"/>
      </object_component>
      <object_component id="oc-20f">
         <name>.text:WDT_A_clearTimer</name>
         <load_address>0x1438c</load_address>
         <run_address>0x1438c</run_address>
         <size>0x18</size>
         <input_file_ref idref="fl-2a"/>
      </object_component>
      <object_component id="oc-215">
         <name>.text:WDT_A_holdTimer</name>
         <load_address>0x143a4</load_address>
         <run_address>0x143a4</run_address>
         <size>0x18</size>
         <input_file_ref idref="fl-2a"/>
      </object_component>
      <object_component id="oc-413">
         <name>.text:_outc</name>
         <load_address>0x143bc</load_address>
         <run_address>0x143bc</run_address>
         <size>0x18</size>
         <input_file_ref idref="fl-e1"/>
      </object_component>
      <object_component id="oc-394">
         <name>.text</name>
         <load_address>0x143d4</load_address>
         <run_address>0x143d4</run_address>
         <size>0x18</size>
         <input_file_ref idref="fl-e3"/>
      </object_component>
      <object_component id="oc-585">
         <name>.text:strchr</name>
         <load_address>0x143ec</load_address>
         <run_address>0x143ec</run_address>
         <size>0x16</size>
         <input_file_ref idref="fl-ff"/>
      </object_component>
      <object_component id="oc-24c">
         <name>.text:CS_setExternalClockSourceFrequency</name>
         <load_address>0x14404</load_address>
         <run_address>0x14404</run_address>
         <size>0x14</size>
         <input_file_ref idref="fl-20"/>
      </object_component>
      <object_component id="oc-108">
         <name>.text:I2C_isBusBusy</name>
         <load_address>0x14418</load_address>
         <run_address>0x14418</run_address>
         <size>0x14</size>
         <input_file_ref idref="fl-23"/>
      </object_component>
      <object_component id="oc-c3">
         <name>.text:SysTick_enableInterrupt</name>
         <load_address>0x1442c</load_address>
         <run_address>0x1442c</run_address>
         <size>0x14</size>
         <input_file_ref idref="fl-28"/>
      </object_component>
      <object_component id="oc-4cb">
         <name>.text:strlen</name>
         <load_address>0x14440</load_address>
         <run_address>0x14440</run_address>
         <size>0x14</size>
         <input_file_ref idref="fl-100"/>
      </object_component>
      <object_component id="oc-500">
         <name>.text:wcslen</name>
         <load_address>0x14454</load_address>
         <run_address>0x14454</run_address>
         <size>0x12</size>
         <input_file_ref idref="fl-104"/>
      </object_component>
      <object_component id="oc-14a">
         <name>.text:I2C_masterReceiveStart</name>
         <load_address>0x14466</load_address>
         <run_address>0x14466</run_address>
         <size>0x10</size>
         <input_file_ref idref="fl-23"/>
      </object_component>
      <object_component id="oc-468">
         <name>.text:SysCtl_disableNMISource</name>
         <load_address>0x14478</load_address>
         <run_address>0x14478</run_address>
         <size>0x10</size>
         <input_file_ref idref="fl-27"/>
      </object_component>
      <object_component id="oc-474">
         <name>.text:SysCtl_enableNMISource</name>
         <load_address>0x14488</load_address>
         <run_address>0x14488</run_address>
         <size>0x10</size>
         <input_file_ref idref="fl-27"/>
      </object_component>
      <object_component id="oc-2b2">
         <name>.text</name>
         <load_address>0x14498</load_address>
         <run_address>0x14498</run_address>
         <size>0xe</size>
         <input_file_ref idref="fl-15"/>
      </object_component>
      <object_component id="oc-156">
         <name>.text:I2C_clearInterruptFlag</name>
         <load_address>0x144a6</load_address>
         <run_address>0x144a6</run_address>
         <size>0xe</size>
         <input_file_ref idref="fl-23"/>
      </object_component>
      <object_component id="oc-138">
         <name>.text:I2C_disableInterrupt</name>
         <load_address>0x144b4</load_address>
         <run_address>0x144b4</run_address>
         <size>0xe</size>
         <input_file_ref idref="fl-23"/>
      </object_component>
      <object_component id="oc-1d">
         <name>.text:decompress:none:__TI_decompress_none</name>
         <load_address>0x144c2</load_address>
         <run_address>0x144c2</run_address>
         <size>0xe</size>
         <input_file_ref idref="fl-ea"/>
      </object_component>
      <object_component id="oc-67">
         <name>.text</name>
         <load_address>0x144d0</load_address>
         <run_address>0x144d0</run_address>
         <size>0xe</size>
         <input_file_ref idref="fl-4"/>
      </object_component>
      <object_component id="oc-10e">
         <name>.text:I2C_disableModule</name>
         <load_address>0x144de</load_address>
         <run_address>0x144de</run_address>
         <size>0xc</size>
         <input_file_ref idref="fl-23"/>
      </object_component>
      <object_component id="oc-120">
         <name>.text:I2C_enableModule</name>
         <load_address>0x144ea</load_address>
         <run_address>0x144ea</run_address>
         <size>0xc</size>
         <input_file_ref idref="fl-23"/>
      </object_component>
      <object_component id="oc-44b">
         <name>.text:PCM_getPowerState</name>
         <load_address>0x144f8</load_address>
         <run_address>0x144f8</run_address>
         <size>0xc</size>
         <input_file_ref idref="fl-25"/>
      </object_component>
      <object_component id="oc-462">
         <name>.text:SysCtl_getNMISourceStatus</name>
         <load_address>0x14504</load_address>
         <run_address>0x14504</run_address>
         <size>0xc</size>
         <input_file_ref idref="fl-27"/>
      </object_component>
      <object_component id="oc-335">
         <name>.text:UART_enableModule</name>
         <load_address>0x14510</load_address>
         <run_address>0x14510</run_address>
         <size>0xc</size>
         <input_file_ref idref="fl-29"/>
      </object_component>
      <object_component id="oc-49">
         <name>.text:decompress:ZI:__TI_zero_init</name>
         <load_address>0x1451c</load_address>
         <run_address>0x1451c</run_address>
         <size>0xc</size>
         <input_file_ref idref="fl-e9"/>
      </object_component>
      <object_component id="oc-126">
         <name>.text:I2C_enableInterrupt</name>
         <load_address>0x14528</load_address>
         <run_address>0x14528</run_address>
         <size>0x8</size>
         <input_file_ref idref="fl-23"/>
      </object_component>
      <object_component id="oc-246">
         <name>.text:PCM_setCoreVoltageLevel</name>
         <load_address>0x14530</load_address>
         <run_address>0x14530</run_address>
         <size>0x8</size>
         <input_file_ref idref="fl-25"/>
      </object_component>
      <object_component id="oc-451">
         <name>.text:PCM_setPowerMode</name>
         <load_address>0x14538</load_address>
         <run_address>0x14538</run_address>
         <size>0x8</size>
         <input_file_ref idref="fl-25"/>
      </object_component>
      <object_component id="oc-506">
         <name>.text:__aeabi_errno_addr</name>
         <load_address>0x14540</load_address>
         <run_address>0x14540</run_address>
         <size>0x8</size>
         <input_file_ref idref="fl-101"/>
      </object_component>
      <object_component id="oc-258">
         <name>.text:CS_startHFXT</name>
         <load_address>0x14548</load_address>
         <run_address>0x14548</run_address>
         <size>0x6</size>
         <input_file_ref idref="fl-20"/>
      </object_component>
      <object_component id="oc-150">
         <name>.text:I2C_getEnabledInterruptStatus</name>
         <load_address>0x1454e</load_address>
         <run_address>0x1454e</run_address>
         <size>0x6</size>
         <input_file_ref idref="fl-23"/>
      </object_component>
      <object_component id="oc-144">
         <name>.text:I2C_getInterruptStatus</name>
         <load_address>0x14554</load_address>
         <run_address>0x14554</run_address>
         <size>0x6</size>
         <input_file_ref idref="fl-23"/>
      </object_component>
      <object_component id="oc-162">
         <name>.text:I2C_masterReceiveMultiByteNext</name>
         <load_address>0x1455a</load_address>
         <run_address>0x1455a</run_address>
         <size>0x6</size>
         <input_file_ref idref="fl-23"/>
      </object_component>
      <object_component id="oc-3f1">
         <name>.text:SysCtlDelay</name>
         <load_address>0x14560</load_address>
         <run_address>0x14560</run_address>
         <size>0x6</size>
         <input_file_ref idref="fl-10"/>
      </object_component>
      <object_component id="oc-11a">
         <name>.text:I2C_setSlaveAddress</name>
         <load_address>0x14566</load_address>
         <run_address>0x14566</run_address>
         <size>0x4</size>
         <input_file_ref idref="fl-23"/>
      </object_component>
      <object_component id="oc-9e">
         <name>.text:_system_pre_init</name>
         <load_address>0x1456a</load_address>
         <run_address>0x1456a</run_address>
         <size>0x4</size>
         <input_file_ref idref="fl-f6"/>
      </object_component>
      <object_component id="oc-1b4">
         <name>.text:abort:abort</name>
         <load_address>0x1456e</load_address>
         <run_address>0x1456e</run_address>
         <size>0x4</size>
         <input_file_ref idref="fl-f8"/>
      </object_component>
      <object_component id="oc-533">
         <name>.const:.string:_ctypes_</name>
         <load_address>0x14574</load_address>
         <run_address>0x14574</run_address>
         <size>0x101</size>
         <input_file_ref idref="fl-fd"/>
      </object_component>
      <object_component id="oc-3e2">
         <name>.const:.string:INVALID_OFFSET</name>
         <load_address>0x14675</load_address>
         <run_address>0x14675</run_address>
         <size>0x3</size>
         <input_file_ref idref="fl-e"/>
      </object_component>
      <object_component id="oc-3f3">
         <name>.const:g_pulRegs</name>
         <load_address>0x14678</load_address>
         <run_address>0x14678</run_address>
         <size>0x50</size>
         <input_file_ref idref="fl-24"/>
      </object_component>
      <object_component id="oc-293">
         <name>.const</name>
         <load_address>0x146c8</load_address>
         <run_address>0x146c8</run_address>
         <size>0x40</size>
         <input_file_ref idref="fl-24"/>
      </object_component>
      <object_component id="oc-341">
         <name>.const:backChannelUart115200Config</name>
         <load_address>0x14708</load_address>
         <run_address>0x14708</run_address>
         <size>0x24</size>
         <input_file_ref idref="fl-8"/>
      </object_component>
      <object_component id="oc-3e5">
         <name>.const:yas532_version_ac_coef</name>
         <load_address>0x1472c</load_address>
         <run_address>0x1472c</run_address>
         <size>0xc</size>
         <input_file_ref idref="fl-e"/>
      </object_component>
      <object_component id="oc-3e9">
         <name>.const:v_calib_data$2</name>
         <load_address>0x14738</load_address>
         <run_address>0x14738</run_address>
         <size>0x8</size>
         <input_file_ref idref="fl-e"/>
      </object_component>
      <object_component id="oc-31f">
         <name>.const:.string:$P$T0$1</name>
         <load_address>0x14740</load_address>
         <run_address>0x14740</run_address>
         <size>0x5</size>
         <input_file_ref idref="fl-d"/>
      </object_component>
      <object_component id="oc-3e8">
         <name>.const:.string:v_correct_u8$1</name>
         <load_address>0x14745</load_address>
         <run_address>0x14745</run_address>
         <size>0x5</size>
         <input_file_ref idref="fl-e"/>
      </object_component>
      <object_component id="oc-620">
         <name>.cinit..data.load</name>
         <load_address>0x14750</load_address>
         <run_address>0x14750</run_address>
         <size>0x45</size>
      </object_component>
      <object_component id="oc-61e">
         <name>__TI_handler_table</name>
         <load_address>0x14798</load_address>
         <run_address>0x14798</run_address>
         <size>0xc</size>
      </object_component>
      <object_component id="oc-621">
         <name>.cinit..bss.load</name>
         <load_address>0x147a8</load_address>
         <run_address>0x147a8</run_address>
         <size>0x8</size>
      </object_component>
      <object_component id="oc-61f">
         <name>__TI_cinit_table</name>
         <load_address>0x147b0</load_address>
         <run_address>0x147b0</run_address>
         <size>0x10</size>
      </object_component>
      <object_component id="oc-5f2">
         <name>.binit</name>
         <load_address>0x0</load_address>
         <run_address>0x0</run_address>
         <size>0x0</size>
      </object_component>
      <object_component id="oc-2c4">
         <name>.data</name>
         <load_address>0x20007314</load_address>
         <run_address>0x20007314</run_address>
         <size>0xc</size>
         <input_file_ref idref="fl-2"/>
      </object_component>
      <object_component id="oc-1f2">
         <name>.data</name>
         <load_address>0x2000732c</load_address>
         <run_address>0x2000732c</run_address>
         <size>0x4</size>
         <input_file_ref idref="fl-5"/>
      </object_component>
      <object_component id="oc-3d6">
         <name>.data</name>
         <load_address>0x20007320</load_address>
         <run_address>0x20007320</run_address>
         <size>0x8</size>
         <input_file_ref idref="fl-e"/>
      </object_component>
      <object_component id="oc-3ce">
         <name>.data:v_fifo_data_u8</name>
         <load_address>0x20006ed0</load_address>
         <run_address>0x20006ed0</run_address>
         <size>0x400</size>
         <input_file_ref idref="fl-e"/>
      </object_component>
      <object_component id="oc-176">
         <name>.data</name>
         <load_address>0x20007330</load_address>
         <run_address>0x20007330</run_address>
         <size>0x1</size>
         <input_file_ref idref="fl-11"/>
      </object_component>
      <object_component id="oc-16e">
         <name>.data:i2cConfig</name>
         <load_address>0x20007300</load_address>
         <run_address>0x20007300</run_address>
         <size>0x14</size>
         <input_file_ref idref="fl-11"/>
      </object_component>
      <object_component id="oc-286">
         <name>.data:GPIO_PORT_TO_BASE</name>
         <load_address>0x200072d0</load_address>
         <run_address>0x200072d0</run_address>
         <size>0x30</size>
         <input_file_ref idref="fl-22"/>
      </object_component>
      <object_component id="oc-595">
         <name>.data</name>
         <load_address>0x20007328</load_address>
         <run_address>0x20007328</run_address>
         <size>0x4</size>
         <input_file_ref idref="fl-101"/>
      </object_component>
      <object_component id="oc-344">
         <name>.bss:backChannelStringBuff</name>
         <uninitialized>true</uninitialized>
         <run_address>0x20006b94</run_address>
         <size>0x100</size>
         <input_file_ref idref="fl-8"/>
      </object_component>
      <object_component id="oc-391">
         <name>.bss</name>
         <uninitialized>true</uninitialized>
         <run_address>0x20006e98</run_address>
         <size>0x4</size>
         <input_file_ref idref="fl-c"/>
      </object_component>
      <object_component id="oc-3cb">
         <name>.bss</name>
         <uninitialized>true</uninitialized>
         <run_address>0x20006e9c</run_address>
         <size>0x4</size>
         <input_file_ref idref="fl-e"/>
      </object_component>
      <object_component id="oc-3d9">
         <name>.bss:mag_trim</name>
         <uninitialized>true</uninitialized>
         <run_address>0x20006e74</run_address>
         <size>0x10</size>
         <input_file_ref idref="fl-e"/>
      </object_component>
      <object_component id="oc-3dc">
         <name>.bss:akm_asa_data</name>
         <uninitialized>true</uninitialized>
         <run_address>0x20006ec8</run_address>
         <size>0x3</size>
         <input_file_ref idref="fl-e"/>
      </object_component>
      <object_component id="oc-3df">
         <name>.bss:yas532_data</name>
         <uninitialized>true</uninitialized>
         <run_address>0x20006db4</run_address>
         <size>0x70</size>
         <input_file_ref idref="fl-e"/>
      </object_component>
      <object_component id="oc-2f1">
         <name>.bss:buf</name>
         <uninitialized>true</uninitialized>
         <run_address>0x20006ea0</run_address>
         <size>0x4</size>
         <input_file_ref idref="fl-13"/>
      </object_component>
      <object_component id="oc-2ee">
         <name>.bss</name>
         <uninitialized>true</uninitialized>
         <run_address>0x20006ecc</run_address>
         <size>0x2</size>
         <input_file_ref idref="fl-13"/>
      </object_component>
      <object_component id="oc-2b8">
         <name>.bss:fifoArray</name>
         <uninitialized>true</uninitialized>
         <run_address>0x20006a44</run_address>
         <size>0x150</size>
         <input_file_ref idref="fl-16"/>
      </object_component>
      <object_component id="oc-e6">
         <name>.bss:threadControlBlocks</name>
         <uninitialized>true</uninitialized>
         <run_address>0x20006d24</run_address>
         <size>0x90</size>
         <input_file_ref idref="fl-17"/>
      </object_component>
      <object_component id="oc-e3">
         <name>.bss:periodicThreadControlBlocks</name>
         <uninitialized>true</uninitialized>
         <run_address>0x20006c94</run_address>
         <size>0x90</size>
         <input_file_ref idref="fl-17"/>
      </object_component>
      <object_component id="oc-e9">
         <name>.bss:threadStacks</name>
         <uninitialized>true</uninitialized>
         <run_address>0x20000000</run_address>
         <size>0x6000</size>
         <input_file_ref idref="fl-17"/>
      </object_component>
      <object_component id="oc-e0">
         <name>.bss</name>
         <uninitialized>true</uninitialized>
         <run_address>0x20006e84</run_address>
         <size>0x8</size>
         <input_file_ref idref="fl-17"/>
      </object_component>
      <object_component id="oc-1ac">
         <name>.common:ledI2cSemaphore</name>
         <uninitialized>true</uninitialized>
         <run_address>0x20006eb8</run_address>
         <size>0x4</size>
      </object_component>
      <object_component id="oc-1a9">
         <name>.common:sensorI2cSemaphore</name>
         <uninitialized>true</uninitialized>
         <run_address>0x20006ec4</run_address>
         <size>0x4</size>
      </object_component>
      <object_component id="oc-318">
         <name>.common:ButtonFunction</name>
         <uninitialized>true</uninitialized>
         <run_address>0x20006ea4</run_address>
         <size>0x4</size>
      </object_component>
      <object_component id="oc-31c">
         <name>.common:bme280</name>
         <uninitialized>true</uninitialized>
         <run_address>0x20006e24</run_address>
         <size>0x3c</size>
      </object_component>
      <object_component id="oc-3d1">
         <name>.common:accel_fifo</name>
         <uninitialized>true</uninitialized>
         <run_address>0x20006000</run_address>
         <size>0x36c</size>
      </object_component>
      <object_component id="oc-3d4">
         <name>.common:gyro_fifo</name>
         <uninitialized>true</uninitialized>
         <run_address>0x2000636c</run_address>
         <size>0x36c</size>
      </object_component>
      <object_component id="oc-3d5">
         <name>.common:mag_fifo</name>
         <uninitialized>true</uninitialized>
         <run_address>0x200066d8</run_address>
         <size>0x36c</size>
      </object_component>
      <object_component id="oc-2fc">
         <name>.common:s_bmi160</name>
         <uninitialized>true</uninitialized>
         <run_address>0x20006e60</run_address>
         <size>0x14</size>
      </object_component>
      <object_component id="oc-2ff">
         <name>.common:gyroxyz</name>
         <uninitialized>true</uninitialized>
         <run_address>0x20006e92</run_address>
         <size>0x6</size>
      </object_component>
      <object_component id="oc-300">
         <name>.common:accelxyz</name>
         <uninitialized>true</uninitialized>
         <run_address>0x20006e8c</run_address>
         <size>0x6</size>
      </object_component>
      <object_component id="oc-174">
         <name>.common:ui8Status</name>
         <uninitialized>true</uninitialized>
         <run_address>0x20006ece</run_address>
         <size>0x1</size>
      </object_component>
      <object_component id="oc-171">
         <name>.common:pData</name>
         <uninitialized>true</uninitialized>
         <run_address>0x20006ec0</run_address>
         <size>0x4</size>
      </object_component>
      <object_component id="oc-179">
         <name>.common:ui8DummyRead</name>
         <uninitialized>true</uninitialized>
         <run_address>0x20006ecb</run_address>
         <size>0x1</size>
      </object_component>
      <object_component id="oc-175">
         <name>.common:g_ui32ByteCount</name>
         <uninitialized>true</uninitialized>
         <run_address>0x20006eb0</run_address>
         <size>0x4</size>
      </object_component>
      <object_component id="oc-bd">
         <name>.common:CurrentlyRunningThread</name>
         <uninitialized>true</uninitialized>
         <run_address>0x20006ea8</run_address>
         <size>0x4</size>
      </object_component>
      <object_component id="oc-df">
         <name>.common:SystemTime</name>
         <uninitialized>true</uninitialized>
         <run_address>0x20006eac</run_address>
         <size>0x4</size>
      </object_component>
      <object_component id="oc-359">
         <name>.common:hfxtFreq</name>
         <uninitialized>true</uninitialized>
         <run_address>0x20006eb4</run_address>
         <size>0x4</size>
      </object_component>
      <object_component id="oc-356">
         <name>.common:lfxtFreq</name>
         <uninitialized>true</uninitialized>
         <run_address>0x20006ebc</run_address>
         <size>0x4</size>
      </object_component>
      <object_component id="oc-29">
         <name>.stack</name>
         <uninitialized>true</uninitialized>
         <run_address>0x2000fe00</run_address>
         <size>0x4</size>
         <input_file_ref idref="fl-ec"/>
      </object_component>
      <object_component id="oc-623">
         <name>.stack</name>
         <uninitialized>true</uninitialized>
         <run_address>0x2000fe00</run_address>
         <size>0x0</size>
      </object_component>
      <object_component id="oc-1aa">
         <name>.debug_info</name>
         <load_address>0x0</load_address>
         <run_address>0x0</run_address>
         <size>0x944</size>
         <input_file_ref idref="fl-2"/>
      </object_component>
      <object_component id="oc-2c5">
         <name>.debug_info</name>
         <load_address>0x944</load_address>
         <run_address>0x944</run_address>
         <size>0x160</size>
         <input_file_ref idref="fl-2"/>
      </object_component>
      <object_component id="oc-1ae">
         <name>.debug_info</name>
         <load_address>0xaa4</load_address>
         <run_address>0xaa4</run_address>
         <size>0x746</size>
         <input_file_ref idref="fl-2"/>
      </object_component>
      <object_component id="oc-349">
         <name>.debug_info</name>
         <load_address>0x11ea</load_address>
         <run_address>0x11ea</run_address>
         <size>0x51</size>
         <input_file_ref idref="fl-2"/>
      </object_component>
      <object_component id="oc-f7">
         <name>.debug_info</name>
         <load_address>0x123b</load_address>
         <run_address>0x123b</run_address>
         <size>0x37e2</size>
         <input_file_ref idref="fl-2"/>
      </object_component>
      <object_component id="oc-182">
         <name>.debug_info</name>
         <load_address>0x4a1d</load_address>
         <run_address>0x4a1d</run_address>
         <size>0x26b</size>
         <input_file_ref idref="fl-2"/>
      </object_component>
      <object_component id="oc-1f8">
         <name>.debug_info</name>
         <load_address>0x4c88</load_address>
         <run_address>0x4c88</run_address>
         <size>0x1055</size>
         <input_file_ref idref="fl-2"/>
      </object_component>
      <object_component id="oc-f2">
         <name>.debug_info</name>
         <load_address>0x5cdd</load_address>
         <run_address>0x5cdd</run_address>
         <size>0x8b</size>
         <input_file_ref idref="fl-2"/>
      </object_component>
      <object_component id="oc-275">
         <name>.debug_info</name>
         <load_address>0x5d68</load_address>
         <run_address>0x5d68</run_address>
         <size>0x2a4</size>
         <input_file_ref idref="fl-2"/>
      </object_component>
      <object_component id="oc-17b">
         <name>.debug_info</name>
         <load_address>0x600c</load_address>
         <run_address>0x600c</run_address>
         <size>0xef</size>
         <input_file_ref idref="fl-2"/>
      </object_component>
      <object_component id="oc-ed">
         <name>.debug_info</name>
         <load_address>0x60fb</load_address>
         <run_address>0x60fb</run_address>
         <size>0xbb</size>
         <input_file_ref idref="fl-2"/>
      </object_component>
      <object_component id="oc-209">
         <name>.debug_info</name>
         <load_address>0x61b6</load_address>
         <run_address>0x61b6</run_address>
         <size>0x338</size>
         <input_file_ref idref="fl-2"/>
      </object_component>
      <object_component id="oc-1fd">
         <name>.debug_info</name>
         <load_address>0x64ee</load_address>
         <run_address>0x64ee</run_address>
         <size>0x2c</size>
         <input_file_ref idref="fl-2"/>
      </object_component>
      <object_component id="oc-43a">
         <name>.debug_info</name>
         <load_address>0x651a</load_address>
         <run_address>0x651a</run_address>
         <size>0xcc</size>
         <input_file_ref idref="fl-2"/>
      </object_component>
      <object_component id="oc-425">
         <name>.debug_info</name>
         <load_address>0x65e6</load_address>
         <run_address>0x65e6</run_address>
         <size>0x2c</size>
         <input_file_ref idref="fl-2"/>
      </object_component>
      <object_component id="oc-435">
         <name>.debug_info</name>
         <load_address>0x6612</load_address>
         <run_address>0x6612</run_address>
         <size>0x661</size>
         <input_file_ref idref="fl-2"/>
      </object_component>
      <object_component id="oc-a7">
         <name>.debug_info</name>
         <load_address>0x6c73</load_address>
         <run_address>0x6c73</run_address>
         <size>0x263</size>
         <input_file_ref idref="fl-3"/>
      </object_component>
      <object_component id="oc-32">
         <name>.debug_info</name>
         <load_address>0x6ed6</load_address>
         <run_address>0x6ed6</run_address>
         <size>0x84</size>
         <input_file_ref idref="fl-3"/>
      </object_component>
      <object_component id="oc-80">
         <name>.debug_info</name>
         <load_address>0x6f5a</load_address>
         <run_address>0x6f5a</run_address>
         <size>0x2be</size>
         <input_file_ref idref="fl-4"/>
      </object_component>
      <object_component id="oc-27">
         <name>.debug_info</name>
         <load_address>0x7218</load_address>
         <run_address>0x7218</run_address>
         <size>0xea</size>
         <input_file_ref idref="fl-4"/>
      </object_component>
      <object_component id="oc-69">
         <name>.debug_info</name>
         <load_address>0x7302</load_address>
         <run_address>0x7302</run_address>
         <size>0x1b1</size>
         <input_file_ref idref="fl-4"/>
      </object_component>
      <object_component id="oc-1f3">
         <name>.debug_info</name>
         <load_address>0x74b3</load_address>
         <run_address>0x74b3</run_address>
         <size>0xe3</size>
         <input_file_ref idref="fl-5"/>
      </object_component>
      <object_component id="oc-b9">
         <name>.debug_info</name>
         <load_address>0x7596</load_address>
         <run_address>0x7596</run_address>
         <size>0x255</size>
         <input_file_ref idref="fl-5"/>
      </object_component>
      <object_component id="oc-18e">
         <name>.debug_info</name>
         <load_address>0x77eb</load_address>
         <run_address>0x77eb</run_address>
         <size>0x2c</size>
         <input_file_ref idref="fl-6"/>
      </object_component>
      <object_component id="oc-ca">
         <name>.debug_info</name>
         <load_address>0x7817</load_address>
         <run_address>0x7817</run_address>
         <size>0x255</size>
         <input_file_ref idref="fl-7"/>
      </object_component>
      <object_component id="oc-2a5">
         <name>.debug_info</name>
         <load_address>0x7a6c</load_address>
         <run_address>0x7a6c</run_address>
         <size>0x6c</size>
         <input_file_ref idref="fl-7"/>
      </object_component>
      <object_component id="oc-2aa">
         <name>.debug_info</name>
         <load_address>0x7ad8</load_address>
         <run_address>0x7ad8</run_address>
         <size>0x9a</size>
         <input_file_ref idref="fl-7"/>
      </object_component>
      <object_component id="oc-430">
         <name>.debug_info</name>
         <load_address>0x7b72</load_address>
         <run_address>0x7b72</run_address>
         <size>0xee</size>
         <input_file_ref idref="fl-7"/>
      </object_component>
      <object_component id="oc-348">
         <name>.debug_info</name>
         <load_address>0x7c60</load_address>
         <run_address>0x7c60</run_address>
         <size>0x7a6</size>
         <input_file_ref idref="fl-8"/>
      </object_component>
      <object_component id="oc-342">
         <name>.debug_info</name>
         <load_address>0x8406</load_address>
         <run_address>0x8406</run_address>
         <size>0x10f</size>
         <input_file_ref idref="fl-8"/>
      </object_component>
      <object_component id="oc-345">
         <name>.debug_info</name>
         <load_address>0x8515</load_address>
         <run_address>0x8515</run_address>
         <size>0x103</size>
         <input_file_ref idref="fl-8"/>
      </object_component>
      <object_component id="oc-23a">
         <name>.debug_info</name>
         <load_address>0x8618</load_address>
         <run_address>0x8618</run_address>
         <size>0xbb3</size>
         <input_file_ref idref="fl-8"/>
      </object_component>
      <object_component id="oc-d0">
         <name>.debug_info</name>
         <load_address>0x91cb</load_address>
         <run_address>0x91cb</run_address>
         <size>0x310</size>
         <input_file_ref idref="fl-9"/>
      </object_component>
      <object_component id="oc-319">
         <name>.debug_info</name>
         <load_address>0x94db</load_address>
         <run_address>0x94db</run_address>
         <size>0x5c2</size>
         <input_file_ref idref="fl-a"/>
      </object_component>
      <object_component id="oc-22f">
         <name>.debug_info</name>
         <load_address>0x9a9d</load_address>
         <run_address>0x9a9d</run_address>
         <size>0x524</size>
         <input_file_ref idref="fl-a"/>
      </object_component>
      <object_component id="oc-241">
         <name>.debug_info</name>
         <load_address>0x9fc1</load_address>
         <run_address>0x9fc1</run_address>
         <size>0x329</size>
         <input_file_ref idref="fl-b"/>
      </object_component>
      <object_component id="oc-39f">
         <name>.debug_info</name>
         <load_address>0xa2ea</load_address>
         <run_address>0xa2ea</run_address>
         <size>0x2fc</size>
         <input_file_ref idref="fl-c"/>
      </object_component>
      <object_component id="oc-392">
         <name>.debug_info</name>
         <load_address>0xa5e6</load_address>
         <run_address>0xa5e6</run_address>
         <size>0xe0</size>
         <input_file_ref idref="fl-c"/>
      </object_component>
      <object_component id="oc-2bf">
         <name>.debug_info</name>
         <load_address>0xa6c6</load_address>
         <run_address>0xa6c6</run_address>
         <size>0x3ad1</size>
         <input_file_ref idref="fl-c"/>
      </object_component>
      <object_component id="oc-31d">
         <name>.debug_info</name>
         <load_address>0xe197</load_address>
         <run_address>0xe197</run_address>
         <size>0xb4b</size>
         <input_file_ref idref="fl-d"/>
      </object_component>
      <object_component id="oc-320">
         <name>.debug_info</name>
         <load_address>0xece2</load_address>
         <run_address>0xece2</run_address>
         <size>0xe7</size>
         <input_file_ref idref="fl-d"/>
      </object_component>
      <object_component id="oc-236">
         <name>.debug_info</name>
         <load_address>0xedc9</load_address>
         <run_address>0xedc9</run_address>
         <size>0xef4</size>
         <input_file_ref idref="fl-d"/>
      </object_component>
      <object_component id="oc-3fb">
         <name>.debug_info</name>
         <load_address>0xfcbd</load_address>
         <run_address>0xfcbd</run_address>
         <size>0x37e2</size>
         <input_file_ref idref="fl-d"/>
      </object_component>
      <object_component id="oc-3d2">
         <name>.debug_info</name>
         <load_address>0x1349f</load_address>
         <run_address>0x1349f</run_address>
         <size>0x4b7</size>
         <input_file_ref idref="fl-e"/>
      </object_component>
      <object_component id="oc-3e3">
         <name>.debug_info</name>
         <load_address>0x13956</load_address>
         <run_address>0x13956</run_address>
         <size>0xed</size>
         <input_file_ref idref="fl-e"/>
      </object_component>
      <object_component id="oc-3cc">
         <name>.debug_info</name>
         <load_address>0x13a43</load_address>
         <run_address>0x13a43</run_address>
         <size>0xe0</size>
         <input_file_ref idref="fl-e"/>
      </object_component>
      <object_component id="oc-3da">
         <name>.debug_info</name>
         <load_address>0x13b23</load_address>
         <run_address>0x13b23</run_address>
         <size>0xe0</size>
         <input_file_ref idref="fl-e"/>
      </object_component>
      <object_component id="oc-3d7">
         <name>.debug_info</name>
         <load_address>0x13c03</load_address>
         <run_address>0x13c03</run_address>
         <size>0x140</size>
         <input_file_ref idref="fl-e"/>
      </object_component>
      <object_component id="oc-3dd">
         <name>.debug_info</name>
         <load_address>0x13d43</load_address>
         <run_address>0x13d43</run_address>
         <size>0xe8</size>
         <input_file_ref idref="fl-e"/>
      </object_component>
      <object_component id="oc-3cf">
         <name>.debug_info</name>
         <load_address>0x13e2b</load_address>
         <run_address>0x13e2b</run_address>
         <size>0xed</size>
         <input_file_ref idref="fl-e"/>
      </object_component>
      <object_component id="oc-3e6">
         <name>.debug_info</name>
         <load_address>0x13f18</load_address>
         <run_address>0x13f18</run_address>
         <size>0xfc</size>
         <input_file_ref idref="fl-e"/>
      </object_component>
      <object_component id="oc-3e0">
         <name>.debug_info</name>
         <load_address>0x14014</load_address>
         <run_address>0x14014</run_address>
         <size>0xe6</size>
         <input_file_ref idref="fl-e"/>
      </object_component>
      <object_component id="oc-2f9">
         <name>.debug_info</name>
         <load_address>0x140fa</load_address>
         <run_address>0x140fa</run_address>
         <size>0x1ea5b</size>
         <input_file_ref idref="fl-e"/>
      </object_component>
      <object_component id="oc-308">
         <name>.debug_info</name>
         <load_address>0x32b55</load_address>
         <run_address>0x32b55</run_address>
         <size>0x6d1</size>
         <input_file_ref idref="fl-e"/>
      </object_component>
      <object_component id="oc-2fd">
         <name>.debug_info</name>
         <load_address>0x33226</load_address>
         <run_address>0x33226</run_address>
         <size>0x104d</size>
         <input_file_ref idref="fl-f"/>
      </object_component>
      <object_component id="oc-229">
         <name>.debug_info</name>
         <load_address>0x34273</load_address>
         <run_address>0x34273</run_address>
         <size>0x1d0a</size>
         <input_file_ref idref="fl-f"/>
      </object_component>
      <object_component id="oc-30d">
         <name>.debug_info</name>
         <load_address>0x35f7d</load_address>
         <run_address>0x35f7d</run_address>
         <size>0x7d</size>
         <input_file_ref idref="fl-f"/>
      </object_component>
      <object_component id="oc-3ed">
         <name>.debug_info</name>
         <load_address>0x35ffa</load_address>
         <run_address>0x35ffa</run_address>
         <size>0x28</size>
         <input_file_ref idref="fl-f"/>
      </object_component>
      <object_component id="oc-303">
         <name>.debug_info</name>
         <load_address>0x36022</load_address>
         <run_address>0x36022</run_address>
         <size>0x1a6</size>
         <input_file_ref idref="fl-10"/>
      </object_component>
      <object_component id="oc-172">
         <name>.debug_info</name>
         <load_address>0x361c8</load_address>
         <run_address>0x361c8</run_address>
         <size>0xaf7</size>
         <input_file_ref idref="fl-11"/>
      </object_component>
      <object_component id="oc-177">
         <name>.debug_info</name>
         <load_address>0x36cbf</load_address>
         <run_address>0x36cbf</run_address>
         <size>0xe7</size>
         <input_file_ref idref="fl-11"/>
      </object_component>
      <object_component id="oc-16f">
         <name>.debug_info</name>
         <load_address>0x36da6</load_address>
         <run_address>0x36da6</run_address>
         <size>0xe7</size>
         <input_file_ref idref="fl-11"/>
      </object_component>
      <object_component id="oc-79">
         <name>.debug_info</name>
         <load_address>0x36e8d</load_address>
         <run_address>0x36e8d</run_address>
         <size>0xc0b</size>
         <input_file_ref idref="fl-11"/>
      </object_component>
      <object_component id="oc-2ed">
         <name>.debug_info</name>
         <load_address>0x37a98</load_address>
         <run_address>0x37a98</run_address>
         <size>0x5b8</size>
         <input_file_ref idref="fl-12"/>
      </object_component>
      <object_component id="oc-21c">
         <name>.debug_info</name>
         <load_address>0x38050</load_address>
         <run_address>0x38050</run_address>
         <size>0x408</size>
         <input_file_ref idref="fl-12"/>
      </object_component>
      <object_component id="oc-2f5">
         <name>.debug_info</name>
         <load_address>0x38458</load_address>
         <run_address>0x38458</run_address>
         <size>0x5c5</size>
         <input_file_ref idref="fl-13"/>
      </object_component>
      <object_component id="oc-2f2">
         <name>.debug_info</name>
         <load_address>0x38a1d</load_address>
         <run_address>0x38a1d</run_address>
         <size>0xd6</size>
         <input_file_ref idref="fl-13"/>
      </object_component>
      <object_component id="oc-2ef">
         <name>.debug_info</name>
         <load_address>0x38af3</load_address>
         <run_address>0x38af3</run_address>
         <size>0xd6</size>
         <input_file_ref idref="fl-13"/>
      </object_component>
      <object_component id="oc-222">
         <name>.debug_info</name>
         <load_address>0x38bc9</load_address>
         <run_address>0x38bc9</run_address>
         <size>0x591</size>
         <input_file_ref idref="fl-13"/>
      </object_component>
      <object_component id="oc-2b4">
         <name>.debug_info</name>
         <load_address>0x3915a</load_address>
         <run_address>0x3915a</run_address>
         <size>0x13f</size>
         <input_file_ref idref="fl-15"/>
      </object_component>
      <object_component id="oc-390">
         <name>.debug_info</name>
         <load_address>0x39299</load_address>
         <run_address>0x39299</run_address>
         <size>0x33f</size>
[...]
         <value>0x144b5</value>
         <object_component_ref idref="oc-138"/>
      </symbol>
      <symbol id="sm-fa9">
         <name>I2C_masterSendMultiByteStart</name>
         <value>0x1407d</value>
         <object_component_ref idref="oc-12c"/>
      </symbol>
      <symbol id="sm-faa">
         <name>I2C_getEnabledInterruptStatus</name>
         <value>0x1454f</value>
         <object_component_ref idref="oc-150"/>
      </symbol>
      <symbol id="sm-fab">
         <name>I2C_masterReceiveMultiByteNext</name>
         <value>0x1455b</value>
         <object_component_ref idref="oc-162"/>
      </symbol>
      <symbol id="sm-fac">
         <name>I2C_getInterruptStatus</name>
         <value>0x14555</value>
         <object_component_ref idref="oc-144"/>
      </symbol>
      <symbol id="sm-fad">
         <name>I2C_isBusBusy</name>
         <value>0x14419</value>
         <object_component_ref idref="oc-108"/>
      </symbol>
      <symbol id="sm-fae">
         <name>I2C_enableModule</name>
         <value>0x144eb</value>
         <object_component_ref idref="oc-120"/>
      </symbol>
      <symbol id="sm-faf">
         <name>I2C_masterReceiveStart</name>
         <value>0x14467</value>
         <object_component_ref idref="oc-14a"/>
      </symbol>
      <symbol id="sm-fb0">
         <name>I2C_clearInterruptFlag</name>
         <value>0x144a7</value>
         <object_component_ref idref="oc-156"/>
      </symbol>
      <symbol id="sm-fb1">
         <name>I2C_setSlaveAddress</name>
         <value>0x14567</value>
         <object_component_ref idref="oc-11a"/>
      </symbol>
      <symbol id="sm-fb2">
         <name>I2C_initMaster</name>
         <value>0x14001</value>
         <object_component_ref idref="oc-114"/>
      </symbol>
      <symbol id="sm-fb3">
         <name>I2C_enableInterrupt</name>
         <value>0x14529</value>
         <object_component_ref idref="oc-126"/>
      </symbol>
      <symbol id="sm-fb4">
         <name>I2C_disableModule</name>
         <value>0x144df</value>
         <object_component_ref idref="oc-10e"/>
      </symbol>
      <symbol id="sm-fff">
         <name>Interrupt_disableInterrupt</name>
         <value>0x13aad</value>
         <object_component_ref idref="oc-13e"/>
      </symbol>
      <symbol id="sm-1000">
         <name>Interrupt_setPriority</name>
         <value>0x142bd</value>
         <object_component_ref idref="oc-312"/>
      </symbol>
      <symbol id="sm-1001">
         <name>Interrupt_enableInterrupt</name>
         <value>0x13b11</value>
         <object_component_ref idref="oc-132"/>
      </symbol>
      <symbol id="sm-1067">
         <name>PCM_setCoreVoltageLevel</name>
         <value>0x14531</value>
         <object_component_ref idref="oc-246"/>
      </symbol>
      <symbol id="sm-1068">
         <name>PCM_getCoreVoltageLevel</name>
         <value>0x141ab</value>
         <object_component_ref idref="oc-445"/>
      </symbol>
      <symbol id="sm-1069">
         <name>PCM_getPowerMode</name>
         <value>0x141d7</value>
         <object_component_ref idref="oc-43f"/>
      </symbol>
      <symbol id="sm-106a">
         <name>PCM_getPowerState</name>
         <value>0x144f9</value>
         <object_component_ref idref="oc-44b"/>
      </symbol>
      <symbol id="sm-106b">
         <name>PCM_setPowerMode</name>
         <value>0x14539</value>
         <object_component_ref idref="oc-451"/>
      </symbol>
      <symbol id="sm-109f">
         <name>SysCtl_getNMISourceStatus</name>
         <value>0x14505</value>
         <object_component_ref idref="oc-462"/>
      </symbol>
      <symbol id="sm-10a0">
         <name>SysCtl_enableNMISource</name>
         <value>0x14489</value>
         <object_component_ref idref="oc-474"/>
      </symbol>
      <symbol id="sm-10a1">
         <name>SysCtl_disableNMISource</name>
         <value>0x14479</value>
         <object_component_ref idref="oc-468"/>
      </symbol>
      <symbol id="sm-10a2">
         <name>SysCtl_getTLVInfo</name>
         <value>0x13cd5</value>
         <object_component_ref idref="oc-482"/>
      </symbol>
      <symbol id="sm-10ae">
         <name>SysTick_enableInterrupt</name>
         <value>0x1442d</value>
         <object_component_ref idref="oc-c3"/>
      </symbol>
      <symbol id="sm-10dd">
         <name>UART_enableModule</name>
         <value>0x14511</value>
         <object_component_ref idref="oc-335"/>
      </symbol>
      <symbol id="sm-10de">
         <name>UART_transmitData</name>
         <value>0x142e1</value>
         <object_component_ref idref="oc-323"/>
      </symbol>
      <symbol id="sm-10df">
         <name>UART_initModule</name>
         <value>0x135c9</value>
         <object_component_ref idref="oc-32f"/>
      </symbol>
      <symbol id="sm-10f5">
         <name>WDT_A_clearTimer</name>
         <value>0x1438d</value>
         <object_component_ref idref="oc-20f"/>
      </symbol>
      <symbol id="sm-10f6">
         <name>WDT_A_holdTimer</name>
         <value>0x143a5</value>
         <object_component_ref idref="oc-215"/>
      </symbol>
      <symbol id="sm-1126">
         <name>snprintf</name>
         <value>0x13e55</value>
         <object_component_ref idref="oc-33b"/>
      </symbol>
      <symbol id="sm-1130">
         <name>__aeabi_d2uiz</name>
         <value>0x13fbd</value>
         <object_component_ref idref="oc-da"/>
      </symbol>
      <symbol id="sm-1139">
         <name>__aeabi_lmul</name>
         <value>0x143d5</value>
         <object_component_ref idref="oc-394"/>
      </symbol>
      <symbol id="sm-1154">
         <name>memcpy</name>
         <value>0x13495</value>
         <object_component_ref idref="oc-37"/>
      </symbol>
      <symbol id="sm-1155">
         <name>__aeabi_memcpy</name>
         <value>0x13495</value>
         <object_component_ref idref="oc-37"/>
      </symbol>
      <symbol id="sm-1156">
         <name>__aeabi_memcpy8</name>
         <value>0x13495</value>
         <object_component_ref idref="oc-37"/>
      </symbol>
      <symbol id="sm-1157">
         <name>__aeabi_memcpy4</name>
         <value>0x13495</value>
         <object_component_ref idref="oc-37"/>
      </symbol>
      <symbol id="sm-1161">
         <name>__aeabi_ui2d</name>
         <value>0x14305</value>
         <object_component_ref idref="oc-d5"/>
      </symbol>
      <symbol id="sm-116f">
         <name>__aeabi_ldivmod</name>
         <value>0x139d7</value>
         <object_component_ref idref="oc-399"/>
      </symbol>
      <symbol id="sm-117c">
         <name>__aeabi_uldivmod</name>
         <value>0x13531</value>
         <object_component_ref idref="oc-499"/>
      </symbol>
      <symbol id="sm-118b">
         <name>__aeabi_memset</name>
         <value>0x1387f</value>
         <object_component_ref idref="oc-98"/>
      </symbol>
      <symbol id="sm-118c">
         <name>memset</name>
         <value>0x13885</value>
         <object_component_ref idref="oc-98"/>
      </symbol>
      <symbol id="sm-118d">
         <name>__aeabi_memset8</name>
         <value>0x1387f</value>
         <object_component_ref idref="oc-98"/>
      </symbol>
      <symbol id="sm-118e">
         <name>__aeabi_memset4</name>
         <value>0x1387f</value>
         <object_component_ref idref="oc-98"/>
      </symbol>
      <symbol id="sm-118f">
         <name>__aeabi_memclr8</name>
         <value>0x1387d</value>
         <object_component_ref idref="oc-98"/>
      </symbol>
      <symbol id="sm-1190">
         <name>__aeabi_memclr4</name>
         <value>0x1387d</value>
         <object_component_ref idref="oc-98"/>
      </symbol>
      <symbol id="sm-1191">
         <name>__aeabi_memclr</name>
         <value>0x1387d</value>
         <object_component_ref idref="oc-98"/>
      </symbol>
      <symbol id="sm-11a3">
         <name>__TI_zero_init</name>
         <value>0x1451d</value>
         <object_component_ref idref="oc-49"/>
      </symbol>
      <symbol id="sm-11ba">
         <name>__TI_decompress_none</name>
         <value>0x144c3</value>
         <object_component_ref idref="oc-1d"/>
      </symbol>
      <symbol id="sm-11dd">
         <name>__TI_decompress_lzss</name>
         <value>0x13a45</value>
         <object_component_ref idref="oc-17"/>
      </symbol>
      <symbol id="sm-11f0">
         <name>__stack</name>
         <value>0x2000fe00</value>
         <object_component_ref idref="oc-29"/>
      </symbol>
      <symbol id="sm-11f1">
         <name>_c_int00_noargs</name>
         <value>0x140e9</value>
         <object_component_ref idref="oc-55"/>
      </symbol>
      <symbol id="sm-1356">
         <name>__TI_printfi</name>
         <value>0xfafd</value>
         <object_component_ref idref="oc-407"/>
      </symbol>
      <symbol id="sm-1360">
         <name>__aeabi_idiv0</name>
         <value>0x1054b</value>
         <object_component_ref idref="oc-494"/>
      </symbol>
      <symbol id="sm-1361">
         <name>__aeabi_ldiv0</name>
         <value>0x1054b</value>
         <object_component_ref idref="oc-494"/>
      </symbol>
      <symbol id="sm-1378">
         <name>__aeabi_dsub</name>
         <value>0x12335</value>
         <object_component_ref idref="oc-559"/>
      </symbol>
      <symbol id="sm-1379">
         <name>__aeabi_dadd</name>
         <value>0x1233f</value>
         <object_component_ref idref="oc-559"/>
      </symbol>
      <symbol id="sm-139b">
         <name>__aeabi_cdcmpeq</name>
         <value>0x136ed</value>
         <object_component_ref idref="oc-4dd"/>
      </symbol>
      <symbol id="sm-139c">
         <name>__aeabi_cdcmple</name>
         <value>0x136ed</value>
         <object_component_ref idref="oc-4dd"/>
      </symbol>
      <symbol id="sm-139d">
         <name>__aeabi_cdrcmple</name>
         <value>0x13773</value>
         <object_component_ref idref="oc-544"/>
      </symbol>
      <symbol id="sm-13b1">
         <name>__aeabi_ddiv</name>
         <value>0x12931</value>
         <object_component_ref idref="oc-53f"/>
      </symbol>
      <symbol id="sm-13bc">
         <name>__aeabi_dmul</name>
         <value>0x12e9f</value>
         <object_component_ref idref="oc-53a"/>
      </symbol>
      <symbol id="sm-13c6">
         <name>__aeabi_d2iz</name>
         <value>0x13f31</value>
         <object_component_ref idref="oc-549"/>
      </symbol>
      <symbol id="sm-13d0">
         <name>__aeabi_i2d</name>
         <value>0x1417d</value>
         <object_component_ref idref="oc-554"/>
      </symbol>
      <symbol id="sm-13f8">
         <name>__TI_auto_init_nobinit_nopinit</name>
         <value>0x13f79</value>
         <object_component_ref idref="oc-1c0"/>
      </symbol>
      <symbol id="sm-1402">
         <name>_system_pre_init</name>
         <value>0x1456b</value>
         <object_component_ref idref="oc-9e"/>
      </symbol>
      <symbol id="sm-140e">
         <name>C$$EXIT</name>
         <value>0x1456f</value>
         <object_component_ref idref="oc-1b4"/>
      </symbol>
      <symbol id="sm-140f">
         <name>abort</name>
         <value>0x1456f</value>
         <object_component_ref idref="oc-1b4"/>
      </symbol>
      <symbol id="sm-141f">
         <name>__TI_ltoa</name>
         <value>0x13c2f</value>
         <object_component_ref idref="oc-54e"/>
      </symbol>
      <symbol id="sm-1436">
         <name>atoi</name>
         <value>0x13e09</value>
         <object_component_ref idref="oc-4d1"/>
      </symbol>
      <symbol id="sm-1441">
         <name>_ctypes_</name>
         <value>0x14574</value>
         <object_component_ref idref="oc-533"/>
      </symbol>
      <symbol id="sm-1451">
         <name>memccpy</name>
         <value>0x14325</value>
         <object_component_ref idref="oc-4fa"/>
      </symbol>
      <symbol id="sm-1461">
         <name>strchr</name>
         <value>0x143ed</value>
         <object_component_ref idref="oc-585"/>
      </symbol>
      <symbol id="sm-146f">
         <name>strlen</name>
         <value>0x14441</value>
         <object_component_ref idref="oc-4cb"/>
      </symbol>
      <symbol id="sm-1485">
         <name>__aeabi_errno_addr</name>
         <value>0x14541</value>
         <object_component_ref idref="oc-506"/>
      </symbol>
      <symbol id="sm-1486">
         <name>errno</name>
         <value>0x20007328</value>
         <object_component_ref idref="oc-595"/>
      </symbol>
      <symbol id="sm-14a6">
         <name>frexpl</name>
         <value>0x13b75</value>
         <object_component_ref idref="oc-579"/>
      </symbol>
      <symbol id="sm-14a7">
         <name>frexp</name>
         <value>0x13b75</value>
         <object_component_ref idref="oc-579"/>
      </symbol>
      <symbol id="sm-14c4">
         <name>scalbn</name>
         <value>0x12b8d</value>
         <object_component_ref idref="oc-57f"/>
      </symbol>
      <symbol id="sm-14c5">
         <name>scalbnl</name>
         <value>0x12b8d</value>
         <object_component_ref idref="oc-57f"/>
      </symbol>
      <symbol id="sm-14c6">
         <name>ldexpl</name>
         <value>0x12b8d</value>
         <object_component_ref idref="oc-57f"/>
      </symbol>
      <symbol id="sm-14c7">
         <name>ldexp</name>
         <value>0x12b8d</value>
         <object_component_ref idref="oc-57f"/>
      </symbol>
      <symbol id="sm-14e0">
         <name>wcslen</name>
         <value>0x14455</value>
         <object_component_ref idref="oc-500"/>
      </symbol>
      <symbol id="sm-14ea">
         <name>copysign</name>
         <value>0x14341</value>
         <object_component_ref idref="oc-5c3"/>
      </symbol>
      <symbol id="sm-14eb">
         <name>copysignl</name>
         <value>0x14341</value>
         <object_component_ref idref="oc-5c3"/>
      </symbol>
      <symbol id="sm-14ec">
         <name>__TI_static_base__</name>
         <value>0x0</value>
      </symbol>
      <symbol id="sm-14ef">
         <name>__mpu_init</name>
         <value>0x0</value>
      </symbol>
      <symbol id="sm-14f0">
         <name>_system_post_cinit</name>
         <value>0x0</value>
      </symbol>
      <symbol id="sm-14f1">
         <name>NMI_Handler</name>
         <value>0x144dd</value>
      </symbol>
      <symbol id="sm-14f2">
         <name>HardFault_Handler</name>
         <value>0x144dd</value>
      </symbol>
      <symbol id="sm-14f3">
         <name>MemManage_Handler</name>
         <value>0x144dd</value>
      </symbol>
      <symbol id="sm-14f4">
         <name>BusFault_Handler</name>
         <value>0x144dd</value>
      </symbol>
      <symbol id="sm-14f5">
         <name>UsageFault_Handler</name>
         <value>0x144dd</value>
      </symbol>
      <symbol id="sm-14f6">
         <name>SVC_Handler</name>
         <value>0x144dd</value>
      </symbol>
      <symbol id="sm-14f7">
         <name>DebugMon_Handler</name>
         <value>0x144dd</value>
      </symbol>
      <symbol id="sm-14f8">
         <name>PendSV_Handler</name>
         <value>0x13d49</value>
      </symbol>
      <symbol id="sm-14f9">
         <name>SysTick_Handler</name>
         <value>0x105fd</value>
      </symbol>
      <symbol id="sm-14fa">
         <name>PSS_IRQHandler</name>
         <value>0x144dd</value>
      </symbol>
      <symbol id="sm-14fb">
         <name>CS_IRQHandler</name>
         <value>0x144dd</value>
      </symbol>
      <symbol id="sm-14fc">
         <name>PCM_IRQHandler</name>
         <value>0x144dd</value>
      </symbol>
      <symbol id="sm-14fd">
         <name>WDT_A_IRQHandler</name>
         <value>0x144dd</value>
      </symbol>
      <symbol id="sm-14fe">
         <name>FPU_IRQHandler</name>
         <value>0x144dd</value>
      </symbol>
      <symbol id="sm-14ff">
         <name>FLCTL_IRQHandler</name>
         <value>0x144dd</value>
      </symbol>
      <symbol id="sm-1500">
         <name>COMP_E0_IRQHandler</name>
         <value>0x144dd</value>
      </symbol>
      <symbol id="sm-1501">
         <name>COMP_E1_IRQHandler</name>
         <value>0x144dd</value>
      </symbol>
      <symbol id="sm-1502">
         <name>TA0_0_IRQHandler</name>
         <value>0x144dd</value>
      </symbol>
      <symbol id="sm-1503">
         <name>TA0_N_IRQHandler</name>
         <value>0x144dd</value>
      </symbol>
      <symbol id="sm-1504">
         <name>TA1_0_IRQHandler</name>
         <value>0x144dd</value>
      </symbol>
      <symbol id="sm-1505">
         <name>TA1_N_IRQHandler</name>
         <value>0x144dd</value>
      </symbol>
      <symbol id="sm-1506">
         <name>TA2_0_IRQHandler</name>
         <value>0x144dd</value>
      </symbol>
      <symbol id="sm-1507">
         <name>TA2_N_IRQHandler</name>
         <value>0x144dd</value>
      </symbol>
      <symbol id="sm-1508">
         <name>TA3_0_IRQHandler</name>
         <value>0x144dd</value>
      </symbol>
      <symbol id="sm-1509">
         <name>TA3_N_IRQHandler</name>
         <value>0x144dd</value>
      </symbol>
      <symbol id="sm-150a">
         <name>EUSCIA0_IRQHandler</name>
         <value>0x144dd</value>
      </symbol>
      <symbol id="sm-150b">
         <name>EUSCIA1_IRQHandler</name>
         <value>0x144dd</value>
      </symbol>
      <symbol id="sm-150c">
         <name>EUSCIA2_IRQHandler</name>
         <value>0x144dd</value>
      </symbol>
      <symbol id="sm-150d">
         <name>EUSCIA3_IRQHandler</name>
         <value>0x144dd</value>
      </symbol>
      <symbol id="sm-150e">
         <name>EUSCIB0_IRQHandler</name>
         <value>0x144dd</value>
      </symbol>
      <symbol id="sm-150f">
         <name>EUSCIB1_IRQHandler</name>
         <value>0x11101</value>
      </symbol>
      <symbol id="sm-1510">
         <name>EUSCIB2_IRQHandler</name>
         <value>0x144dd</value>
      </symbol>
      <symbol id="sm-1511">
         <name>EUSCIB3_IRQHandler</name>
         <value>0x144dd</value>
      </symbol>
      <symbol id="sm-1512">
         <name>ADC14_IRQHandler</name>
         <value>0x144dd</value>
      </symbol>
      <symbol id="sm-1513">
         <name>T32_INT1_IRQHandler</name>
         <value>0x144dd</value>
      </symbol>
      <symbol id="sm-1514">
         <name>T32_INT2_IRQHandler</name>
         <value>0x144dd</value>
      </symbol>
      <symbol id="sm-1515">
         <name>T32_INTC_IRQHandler</name>
         <value>0x144dd</value>
      </symbol>
      <symbol id="sm-1516">
         <name>AES256_IRQHandler</name>
         <value>0x144dd</value>
      </symbol>
      <symbol id="sm-1517">
         <name>RTC_C_IRQHandler</name>
         <value>0x144dd</value>
      </symbol>
      <symbol id="sm-1518">
         <name>DMA_ERR_IRQHandler</name>
         <value>0x144dd</value>
      </symbol>
      <symbol id="sm-1519">
         <name>DMA_INT3_IRQHandler</name>
         <value>0x144dd</value>
      </symbol>
      <symbol id="sm-151a">
         <name>DMA_INT2_IRQHandler</name>
         <value>0x144dd</value>
      </symbol>
      <symbol id="sm-151b">
         <name>DMA_INT1_IRQHandler</name>
         <value>0x144dd</value>
      </symbol>
      <symbol id="sm-151c">
         <name>DMA_INT0_IRQHandler</name>
         <value>0x144dd</value>
      </symbol>
      <symbol id="sm-151d">
         <name>PORT1_IRQHandler</name>
         <value>0x144dd</value>
      </symbol>
      <symbol id="sm-151e">
         <name>PORT2_IRQHandler</name>
         <value>0x144dd</value>
      </symbol>
      <symbol id="sm-151f">
         <name>PORT3_IRQHandler</name>
         <value>0x144dd</value>
      </symbol>
      <symbol id="sm-1520">
         <name>PORT4_IRQHandler</name>
         <value>0x144dd</value>
      </symbol>
      <symbol id="sm-1521">
         <name>PORT5_IRQHandler</name>
         <value>0x144dd</value>
      </symbol>
      <symbol id="sm-1522">
         <name>PORT6_IRQHandler</name>
         <value>0x144dd</value>
      </symbol>
   </symbol_table>
   <title>Link successful</title>
</link_info>
