<?xml version="1.0" encoding="ISO-8859-1" ?>
<link_info>
   <banner>TI ARM Linker PC v20.2.2.LTS</banner>
   <copyright>Copyright (c) 1996-2018 Texas Instruments Incorporated</copyright>
   <link_time>0x6025d226</link_time>
   <link_errors>0x0</link_errors>
   <output_file>Lab2.out</output_file>
   <entry_point>
      <name>_c_int00_noargs</name>
      <address>0x13fb1</address>
   </entry_point>
   <input_file_list>
      <input_file id="fl-2">
         <path>.\</path>
         <kind>object</kind>
         <file>Threads.obj</file>
         <name>Threads.obj</name>
      </input_file>
      <input_file id="fl-3">
         <path>.\</path>
         <kind>object</kind>
         <file>main.obj</file>
         <name>main.obj</name>
      </input_file>
      <input_file id="fl-4">
         <path>.\</path>
         <kind>object</kind>
         <file>startup_msp432p401r_ccs.obj</file>
         <name>startup_msp432p401r_ccs.obj</name>
      </input_file>
      <input_file id="fl-5">
         <path>.\</path>
         <kind>object</kind>
         <file>system_msp432p401r.obj</file>
         <name>system_msp432p401r.obj</name>
      </input_file>
      <input_file id="fl-6">
         <path>.\BoardSupportPackage\src\</path>
         <kind>object</kind>
         <file>AsciiLib.obj</file>
         <name>AsciiLib.obj</name>
      </input_file>
      <input_file id="fl-7">
         <path>.\BoardSupportPackage\src\</path>
         <kind>object</kind>
         <file>BSP.obj</file>
         <name>BSP.obj</name>
      </input_file>
      <input_file id="fl-8">
         <path>.\BoardSupportPackage\src\</path>
         <kind>object</kind>
         <file>BackChannelUart.obj</file>
         <name>BackChannelUart.obj</name>
      </input_file>
      <input_file id="fl-9">
         <path>.\BoardSupportPackage\src\</path>
         <kind>object</kind>
         <file>ClockSys.obj</file>
         <name>ClockSys.obj</name>
      </input_file>
      <input_file id="fl-a">
         <path>.\BoardSupportPackage\src\</path>
         <kind>object</kind>
         <file>Joystick.obj</file>
         <name>Joystick.obj</name>
      </input_file>
      <input_file id="fl-b">
         <path>.\BoardSupportPackage\src\</path>
         <kind>object</kind>
         <file>RGBLeds.obj</file>
         <name>RGBLeds.obj</name>
      </input_file>
      <input_file id="fl-c">
         <path>.\BoardSupportPackage\src\</path>
         <kind>object</kind>
         <file>bme280.obj</file>
         <name>bme280.obj</name>
      </input_file>
      <input_file id="fl-d">
         <path>.\BoardSupportPackage\src\</path>
         <kind>object</kind>
         <file>bme280_support.obj</file>
         <name>bme280_support.obj</name>
      </input_file>
      <input_file id="fl-e">
         <path>.\BoardSupportPackage\src\</path>
         <kind>object</kind>
         <file>bmi160.obj</file>
         <name>bmi160.obj</name>
      </input_file>
      <input_file id="fl-f">
         <path>.\BoardSupportPackage\src\</path>
         <kind>object</kind>
         <file>bmi160_support.obj</file>
         <name>bmi160_support.obj</name>
      </input_file>
      <input_file id="fl-10">
         <path>.\BoardSupportPackage\src\</path>
         <kind>object</kind>
         <file>demo_sysctl.obj</file>
         <name>demo_sysctl.obj</name>
      </input_file>
      <input_file id="fl-11">
         <path>.\BoardSupportPackage\src\</path>
         <kind>object</kind>
         <file>i2c_driver.obj</file>
         <name>i2c_driver.obj</name>
      </input_file>
      <input_file id="fl-12">
         <path>.\BoardSupportPackage\src\</path>
         <kind>object</kind>
         <file>opt3001.obj</file>
         <name>opt3001.obj</name>
      </input_file>
      <input_file id="fl-13">
         <path>.\BoardSupportPackage\src\</path>
         <kind>object</kind>
         <file>tmp007.obj</file>
         <name>tmp007.obj</name>
      </input_file>
      <input_file id="fl-14">
         <path>.\BoardSupportPackage\src\</path>
         <kind>object</kind>
         <file>uart.obj</file>
         <name>uart.obj</name>
      </input_file>
      <input_file id="fl-15">
         <path>.\G8RTOS\</path>
         <kind>object</kind>
         <file>G8RTOS_CriticalSection.obj</file>
         <name>G8RTOS_CriticalSection.obj</name>
      </input_file>
      <input_file id="fl-16">
         <path>.\G8RTOS\</path>
         <kind>object</kind>
         <file>G8RTOS_Scheduler.obj</file>
         <name>G8RTOS_Scheduler.obj</name>
      </input_file>
      <input_file id="fl-17">
         <path>.\G8RTOS\</path>
         <kind>object</kind>
         <file>G8RTOS_SchedulerASM.obj</file>
         <name>G8RTOS_SchedulerASM.obj</name>
      </input_file>
      <input_file id="fl-18">
         <path>.\G8RTOS\</path>
         <kind>object</kind>
         <file>G8RTOS_Semaphores.obj</file>
         <name>G8RTOS_Semaphores.obj</name>
      </input_file>
      <input_file id="fl-1e">
         <kind>object</kind>
         <file>&lt;internal&gt;</file>
         <name>&lt;internal&gt;</name>
      </input_file>
      <input_file id="fl-1f">
         <path>..\BoardSupportPackage\DriverLib\</path>
         <kind>archive</kind>
         <file>msp432p4xx_driverlib.lib</file>
         <name>cs.o</name>
      </input_file>
      <input_file id="fl-20">
         <path>..\BoardSupportPackage\DriverLib\</path>
         <kind>archive</kind>
         <file>msp432p4xx_driverlib.lib</file>
         <name>flash.o</name>
      </input_file>
      <input_file id="fl-21">
         <path>..\BoardSupportPackage\DriverLib\</path>
         <kind>archive</kind>
         <file>msp432p4xx_driverlib.lib</file>
         <name>gpio.o</name>
      </input_file>
      <input_file id="fl-22">
         <path>..\BoardSupportPackage\DriverLib\</path>
         <kind>archive</kind>
         <file>msp432p4xx_driverlib.lib</file>
         <name>i2c.o</name>
      </input_file>
      <input_file id="fl-23">
         <path>..\BoardSupportPackage\DriverLib\</path>
         <kind>archive</kind>
         <file>msp432p4xx_driverlib.lib</file>
         <name>interrupt.o</name>
      </input_file>
      <input_file id="fl-24">
         <path>..\BoardSupportPackage\DriverLib\</path>
         <kind>archive</kind>
         <file>msp432p4xx_driverlib.lib</file>
         <name>pcm.o</name>
      </input_file>
      <input_file id="fl-25">
         <path>..\BoardSupportPackage\DriverLib\</path>
         <kind>archive</kind>
         <file>msp432p4xx_driverlib.lib</file>
         <name>rtc_c.o</name>
      </input_file>
      <input_file id="fl-26">
         <path>..\BoardSupportPackage\DriverLib\</path>
         <kind>archive</kind>
         <file>msp432p4xx_driverlib.lib</file>
         <name>sysctl.o</name>
      </input_file>
      <input_file id="fl-27">
         <path>..\BoardSupportPackage\DriverLib\</path>
         <kind>archive</kind>
         <file>msp432p4xx_driverlib.lib</file>
         <name>systick.o</name>
      </input_file>
      <input_file id="fl-28">
         <path>..\BoardSupportPackage\DriverLib\</path>
         <kind>archive</kind>
         <file>msp432p4xx_driverlib.lib</file>
         <name>uart.o</name>
      </input_file>
      <input_file id="fl-29">
         <path>..\BoardSupportPackage\DriverLib\</path>
         <kind>archive</kind>
         <file>msp432p4xx_driverlib.lib</file>
         <name>wdt_a.o</name>
      </input_file>
      <input_file id="fl-2a">
         <path>..\BoardSupportPackage\DriverLib\</path>
         <kind>archive</kind>
         <file>msp432p4xx_driverlib.lib</file>
         <name>cpu.o</name>
      </input_file>
      <input_file id="fl-e0">
         <path>C:\ti\ccs1020\ccs\tools\compiler\ti-cgt-arm_20.2.2.LTS\lib\</path>
         <kind>archive</kind>
         <file>rtsv7M4_T_le_v4SPD16_eabi.lib</file>
         <name>snprintf.c.obj</name>
      </input_file>
      <input_file id="fl-e1">
         <path>C:\ti\ccs1020\ccs\tools\compiler\ti-cgt-arm_20.2.2.LTS\lib\</path>
         <kind>archive</kind>
         <file>rtsv7M4_T_le_v4SPD16_eabi.lib</file>
         <name>fd_tou_t2.asm.obj</name>
      </input_file>
      <input_file id="fl-e2">
         <path>C:\ti\ccs1020\ccs\tools\compiler\ti-cgt-arm_20.2.2.LTS\lib\</path>
         <kind>archive</kind>
         <file>rtsv7M4_T_le_v4SPD16_eabi.lib</file>
         <name>ll_mul_t2.asm.obj</name>
      </input_file>
      <input_file id="fl-e3">
         <path>C:\ti\ccs1020\ccs\tools\compiler\ti-cgt-arm_20.2.2.LTS\lib\</path>
         <kind>archive</kind>
         <file>rtsv7M4_T_le_v4SPD16_eabi.lib</file>
         <name>memcpy_t2.asm.obj</name>
      </input_file>
      <input_file id="fl-e4">
         <path>C:\ti\ccs1020\ccs\tools\compiler\ti-cgt-arm_20.2.2.LTS\lib\</path>
         <kind>archive</kind>
         <file>rtsv7M4_T_le_v4SPD16_eabi.lib</file>
         <name>u_tofd_t2.asm.obj</name>
      </input_file>
      <input_file id="fl-e5">
         <path>C:\ti\ccs1020\ccs\tools\compiler\ti-cgt-arm_20.2.2.LTS\lib\</path>
         <kind>archive</kind>
         <file>rtsv7M4_T_le_v4SPD16_eabi.lib</file>
         <name>ll_div_t2.asm.obj</name>
      </input_file>
      <input_file id="fl-e6">
         <path>C:\ti\ccs1020\ccs\tools\compiler\ti-cgt-arm_20.2.2.LTS\lib\</path>
         <kind>archive</kind>
         <file>rtsv7M4_T_le_v4SPD16_eabi.lib</file>
         <name>ull_div_t2.asm.obj</name>
      </input_file>
      <input_file id="fl-e7">
         <path>C:\ti\ccs1020\ccs\tools\compiler\ti-cgt-arm_20.2.2.LTS\lib\</path>
         <kind>archive</kind>
         <file>rtsv7M4_T_le_v4SPD16_eabi.lib</file>
         <name>memset_t2.asm.obj</name>
      </input_file>
      <input_file id="fl-e8">
         <path>C:\ti\ccs1020\ccs\tools\compiler\ti-cgt-arm_20.2.2.LTS\lib\</path>
         <kind>archive</kind>
         <file>rtsv7M4_T_le_v4SPD16_eabi.lib</file>
         <name>copy_zero_init.c.obj</name>
      </input_file>
      <input_file id="fl-e9">
         <path>C:\ti\ccs1020\ccs\tools\compiler\ti-cgt-arm_20.2.2.LTS\lib\</path>
         <kind>archive</kind>
         <file>rtsv7M4_T_le_v4SPD16_eabi.lib</file>
         <name>copy_decompress_none.c.obj</name>
      </input_file>
      <input_file id="fl-ea">
         <path>C:\ti\ccs1020\ccs\tools\compiler\ti-cgt-arm_20.2.2.LTS\lib\</path>
         <kind>archive</kind>
         <file>rtsv7M4_T_le_v4SPD16_eabi.lib</file>
         <name>copy_decompress_lzss.c.obj</name>
      </input_file>
      <input_file id="fl-eb">
         <path>C:\ti\ccs1020\ccs\tools\compiler\ti-cgt-arm_20.2.2.LTS\lib\</path>
         <kind>archive</kind>
         <file>rtsv7M4_T_le_v4SPD16_eabi.lib</file>
         <name>boot_cortex_m.c.obj</name>
      </input_file>
      <input_file id="fl-ec">
         <path>C:\ti\ccs1020\ccs\tools\compiler\ti-cgt-arm_20.2.2.LTS\lib\</path>
         <kind>archive</kind>
         <file>rtsv7M4_T_le_v4SPD16_eabi.lib</file>
         <name>_printfi.c.obj</name>
      </input_file>
      <input_file id="fl-ed">
         <path>C:\ti\ccs1020\ccs\tools\compiler\ti-cgt-arm_20.2.2.LTS\lib\</path>
         <kind>archive</kind>
         <file>rtsv7M4_T_le_v4SPD16_eabi.lib</file>
         <name>div0.asm.obj</name>
      </input_file>
      <input_file id="fl-ee">
         <path>C:\ti\ccs1020\ccs\tools\compiler\ti-cgt-arm_20.2.2.LTS\lib\</path>
         <kind>archive</kind>
         <file>rtsv7M4_T_le_v4SPD16_eabi.lib</file>
         <name>fd_add_t2.asm.obj</name>
      </input_file>
      <input_file id="fl-ef">
         <path>C:\ti\ccs1020\ccs\tools\compiler\ti-cgt-arm_20.2.2.LTS\lib\</path>
         <kind>archive</kind>
         <file>rtsv7M4_T_le_v4SPD16_eabi.lib</file>
         <name>fd_cmp_t2.asm.obj</name>
      </input_file>
      <input_file id="fl-f0">
         <path>C:\ti\ccs1020\ccs\tools\compiler\ti-cgt-arm_20.2.2.LTS\lib\</path>
         <kind>archive</kind>
         <file>rtsv7M4_T_le_v4SPD16_eabi.lib</file>
         <name>fd_div_t2.asm.obj</name>
      </input_file>
      <input_file id="fl-f1">
         <path>C:\ti\ccs1020\ccs\tools\compiler\ti-cgt-arm_20.2.2.LTS\lib\</path>
         <kind>archive</kind>
         <file>rtsv7M4_T_le_v4SPD16_eabi.lib</file>
         <name>fd_mul_t2.asm.obj</name>
      </input_file>
      <input_file id="fl-f2">
         <path>C:\ti\ccs1020\ccs\tools\compiler\ti-cgt-arm_20.2.2.LTS\lib\</path>
         <kind>archive</kind>
         <file>rtsv7M4_T_le_v4SPD16_eabi.lib</file>
         <name>fd_toi_t2.asm.obj</name>
      </input_file>
      <input_file id="fl-f3">
         <path>C:\ti\ccs1020\ccs\tools\compiler\ti-cgt-arm_20.2.2.LTS\lib\</path>
         <kind>archive</kind>
         <file>rtsv7M4_T_le_v4SPD16_eabi.lib</file>
         <name>i_tofd_t2.asm.obj</name>
      </input_file>
      <input_file id="fl-f4">
         <path>C:\ti\ccs1020\ccs\tools\compiler\ti-cgt-arm_20.2.2.LTS\lib\</path>
         <kind>archive</kind>
         <file>rtsv7M4_T_le_v4SPD16_eabi.lib</file>
         <name>autoinit.c.obj</name>
      </input_file>
      <input_file id="fl-f5">
         <path>C:\ti\ccs1020\ccs\tools\compiler\ti-cgt-arm_20.2.2.LTS\lib\</path>
         <kind>archive</kind>
         <file>rtsv7M4_T_le_v4SPD16_eabi.lib</file>
         <name>pre_init.c.obj</name>
      </input_file>
      <input_file id="fl-f6">
         <path>C:\ti\ccs1020\ccs\tools\compiler\ti-cgt-arm_20.2.2.LTS\lib\</path>
         <kind>archive</kind>
         <file>rtsv7M4_T_le_v4SPD16_eabi.lib</file>
         <name>cpy_tbl.c.obj</name>
      </input_file>
      <input_file id="fl-f7">
         <path>C:\ti\ccs1020\ccs\tools\compiler\ti-cgt-arm_20.2.2.LTS\lib\</path>
         <kind>archive</kind>
         <file>rtsv7M4_T_le_v4SPD16_eabi.lib</file>
         <name>exit.c.obj</name>
      </input_file>
      <input_file id="fl-f8">
         <path>C:\ti\ccs1020\ccs\tools\compiler\ti-cgt-arm_20.2.2.LTS\lib\</path>
         <kind>archive</kind>
         <file>rtsv7M4_T_le_v4SPD16_eabi.lib</file>
         <name>_lock.c.obj</name>
      </input_file>
      <input_file id="fl-f9">
         <path>C:\ti\ccs1020\ccs\tools\compiler\ti-cgt-arm_20.2.2.LTS\lib\</path>
         <kind>archive</kind>
         <file>rtsv7M4_T_le_v4SPD16_eabi.lib</file>
         <name>_ltoa.c.obj</name>
      </input_file>
      <input_file id="fl-fa">
         <path>C:\ti\ccs1020\ccs\tools\compiler\ti-cgt-arm_20.2.2.LTS\lib\</path>
         <kind>archive</kind>
         <file>rtsv7M4_T_le_v4SPD16_eabi.lib</file>
         <name>args_main.c.obj</name>
      </input_file>
      <input_file id="fl-fb">
         <path>C:\ti\ccs1020\ccs\tools\compiler\ti-cgt-arm_20.2.2.LTS\lib\</path>
         <kind>archive</kind>
         <file>rtsv7M4_T_le_v4SPD16_eabi.lib</file>
         <name>atoi.c.obj</name>
      </input_file>
      <input_file id="fl-fc">
         <path>C:\ti\ccs1020\ccs\tools\compiler\ti-cgt-arm_20.2.2.LTS\lib\</path>
         <kind>archive</kind>
         <file>rtsv7M4_T_le_v4SPD16_eabi.lib</file>
         <name>ctype.c.obj</name>
      </input_file>
      <input_file id="fl-fd">
         <path>C:\ti\ccs1020\ccs\tools\compiler\ti-cgt-arm_20.2.2.LTS\lib\</path>
         <kind>archive</kind>
         <file>rtsv7M4_T_le_v4SPD16_eabi.lib</file>
         <name>memccpy.c.obj</name>
      </input_file>
      <input_file id="fl-fe">
         <path>C:\ti\ccs1020\ccs\tools\compiler\ti-cgt-arm_20.2.2.LTS\lib\</path>
         <kind>archive</kind>
         <file>rtsv7M4_T_le_v4SPD16_eabi.lib</file>
         <name>strchr.c.obj</name>
      </input_file>
      <input_file id="fl-ff">
         <path>C:\ti\ccs1020\ccs\tools\compiler\ti-cgt-arm_20.2.2.LTS\lib\</path>
         <kind>archive</kind>
         <file>rtsv7M4_T_le_v4SPD16_eabi.lib</file>
         <name>strlen.c.obj</name>
      </input_file>
      <input_file id="fl-100">
         <path>C:\ti\ccs1020\ccs\tools\compiler\ti-cgt-arm_20.2.2.LTS\lib\</path>
         <kind>archive</kind>
         <file>rtsv7M4_T_le_v4SPD16_eabi.lib</file>
         <name>errno.c.obj</name>
      </input_file>
      <input_file id="fl-101">
         <path>C:\ti\ccs1020\ccs\tools\compiler\ti-cgt-arm_20.2.2.LTS\lib\</path>
         <kind>archive</kind>
         <file>rtsv7M4_T_le_v4SPD16_eabi.lib</file>
         <name>s_frexp.c.obj</name>
      </input_file>
      <input_file id="fl-102">
         <path>C:\ti\ccs1020\ccs\tools\compiler\ti-cgt-arm_20.2.2.LTS\lib\</path>
         <kind>archive</kind>
         <file>rtsv7M4_T_le_v4SPD16_eabi.lib</file>
         <name>s_scalbn.c.obj</name>
      </input_file>
      <input_file id="fl-103">
         <path>C:\ti\ccs1020\ccs\tools\compiler\ti-cgt-arm_20.2.2.LTS\lib\</path>
         <kind>archive</kind>
         <file>rtsv7M4_T_le_v4SPD16_eabi.lib</file>
         <name>wcslen.c.obj</name>
      </input_file>
      <input_file id="fl-104">
         <path>C:\ti\ccs1020\ccs\tools\compiler\ti-cgt-arm_20.2.2.LTS\lib\</path>
         <kind>archive</kind>
         <file>rtsv7M4_T_le_v4SPD16_eabi.lib</file>
         <name>s_copysign.c.obj</name>
      </input_file>
   </input_file_list>
   <object_component_list>
      <object_component id="oc-26">
         <name>.intvecs:retain</name>
         <load_address>0x0</load_address>
         <run_address>0x0</run_address>
         <size>0xe4</size>
         <input_file_ref idref="fl-4"/>
      </object_component>
      <object_component id="oc-2a9">
         <name>.text</name>
         <load_address>0xe4</load_address>
         <run_address>0xe4</run_address>
         <size>0xd5e0</size>
         <input_file_ref idref="fl-e"/>
      </object_component>
      <object_component id="oc-2fe">
         <name>.text</name>
         <load_address>0xd6c4</load_address>
         <run_address>0xd6c4</run_address>
         <size>0x1810</size>
         <input_file_ref idref="fl-c"/>
      </object_component>
      <object_component id="oc-211">
         <name>.text</name>
         <load_address>0xeed4</load_address>
         <run_address>0xeed4</run_address>
         <size>0xc28</size>
         <input_file_ref idref="fl-f"/>
      </object_component>
      <object_component id="oc-3ec">
         <name>.text:__TI_printfi</name>
         <load_address>0xfafc</load_address>
         <run_address>0xfafc</run_address>
         <size>0xa4e</size>
         <input_file_ref idref="fl-ec"/>
      </object_component>
      <object_component id="oc-495">
         <name>.text</name>
         <load_address>0x1054a</load_address>
         <run_address>0x1054a</run_address>
         <size>0x2</size>
         <input_file_ref idref="fl-ed"/>
      </object_component>
      <object_component id="oc-19e">
         <name>.text</name>
         <load_address>0x1054c</load_address>
         <run_address>0x1054c</run_address>
         <size>0x6b4</size>
         <input_file_ref idref="fl-2"/>
      </object_component>
      <object_component id="oc-78">
         <name>.text</name>
         <load_address>0x10c00</load_address>
         <run_address>0x10c00</run_address>
         <size>0x360</size>
         <input_file_ref idref="fl-11"/>
      </object_component>
      <object_component id="oc-b6">
         <name>.text</name>
         <load_address>0x10f60</load_address>
         <run_address>0x10f60</run_address>
         <size>0x334</size>
         <input_file_ref idref="fl-5"/>
      </object_component>
      <object_component id="oc-72">
         <name>.text</name>
         <load_address>0x11294</load_address>
         <run_address>0x11294</run_address>
         <size>0x318</size>
         <input_file_ref idref="fl-16"/>
      </object_component>
      <object_component id="oc-223">
         <name>.text</name>
         <load_address>0x115ac</load_address>
         <run_address>0x115ac</run_address>
         <size>0x2f8</size>
         <input_file_ref idref="fl-8"/>
      </object_component>
      <object_component id="oc-21d">
         <name>.text</name>
         <load_address>0x118a4</load_address>
         <run_address>0x118a4</run_address>
         <size>0x2e0</size>
         <input_file_ref idref="fl-d"/>
      </object_component>
      <object_component id="oc-4d2">
         <name>.text:_pconv_a</name>
         <load_address>0x11b84</load_address>
         <run_address>0x11b84</run_address>
         <size>0x270</size>
         <input_file_ref idref="fl-ec"/>
      </object_component>
      <object_component id="oc-20b">
         <name>.text</name>
         <load_address>0x11df4</load_address>
         <run_address>0x11df4</run_address>
         <size>0x234</size>
         <input_file_ref idref="fl-13"/>
      </object_component>
      <object_component id="oc-229">
         <name>.text</name>
         <load_address>0x12028</load_address>
         <run_address>0x12028</run_address>
         <size>0x1ec</size>
         <input_file_ref idref="fl-b"/>
      </object_component>
      <object_component id="oc-4c0">
         <name>.text:_pconv_g</name>
         <load_address>0x12214</load_address>
         <run_address>0x12214</run_address>
         <size>0x1d0</size>
         <input_file_ref idref="fl-ec"/>
      </object_component>
      <object_component id="oc-537">
         <name>.text</name>
         <load_address>0x123e4</load_address>
         <run_address>0x123e4</run_address>
         <size>0x1b6</size>
         <input_file_ref idref="fl-ee"/>
      </object_component>
      <object_component id="oc-217">
         <name>.text</name>
         <load_address>0x1259c</load_address>
         <run_address>0x1259c</run_address>
         <size>0x178</size>
         <input_file_ref idref="fl-a"/>
      </object_component>
      <object_component id="oc-4cc">
         <name>.text:_pconv_e</name>
         <load_address>0x12714</load_address>
         <run_address>0x12714</run_address>
         <size>0x13c</size>
         <input_file_ref idref="fl-ec"/>
      </object_component>
      <object_component id="oc-51d">
         <name>.text</name>
         <load_address>0x12850</load_address>
         <run_address>0x12850</run_address>
         <size>0x136</size>
         <input_file_ref idref="fl-f0"/>
      </object_component>
      <object_component id="oc-549">
         <name>.text:fcvt</name>
         <load_address>0x12988</load_address>
         <run_address>0x12988</run_address>
         <size>0x124</size>
         <input_file_ref idref="fl-ec"/>
      </object_component>
      <object_component id="oc-55d">
         <name>.text:scalbn</name>
         <load_address>0x12aac</load_address>
         <run_address>0x12aac</run_address>
         <size>0x110</size>
         <input_file_ref idref="fl-102"/>
      </object_component>
      <object_component id="oc-354">
         <name>.text:CS_getDCOFrequency</name>
         <load_address>0x12bbc</load_address>
         <run_address>0x12bbc</run_address>
         <size>0x104</size>
         <input_file_ref idref="fl-1f"/>
      </object_component>
      <object_component id="oc-205">
         <name>.text</name>
         <load_address>0x12cc0</load_address>
         <run_address>0x12cc0</run_address>
         <size>0xfe</size>
         <input_file_ref idref="fl-12"/>
      </object_component>
      <object_component id="oc-518">
         <name>.text</name>
         <load_address>0x12dbe</load_address>
         <run_address>0x12dbe</run_address>
         <size>0xfc</size>
         <input_file_ref idref="fl-f1"/>
      </object_component>
      <object_component id="oc-248">
         <name>.text:CS_initClockSignal</name>
         <load_address>0x12ebc</load_address>
         <run_address>0x12ebc</run_address>
         <size>0xe0</size>
         <input_file_ref idref="fl-1f"/>
      </object_component>
      <object_component id="oc-4fd">
         <name>.text:__PCM_setPowerModeAdvanced</name>
         <load_address>0x12f9c</load_address>
         <run_address>0x12f9c</run_address>
         <size>0xdc</size>
         <input_file_ref idref="fl-24"/>
      </object_component>
      <object_component id="oc-4b5">
         <name>.text:_ltostr</name>
         <load_address>0x13078</load_address>
         <run_address>0x13078</run_address>
         <size>0xb1</size>
         <input_file_ref idref="fl-ec"/>
      </object_component>
      <object_component id="oc-337">
         <name>.text:__PCM_setCoreVoltageLevelAdvanced</name>
         <load_address>0x1312c</load_address>
         <run_address>0x1312c</run_address>
         <size>0xb0</size>
         <input_file_ref idref="fl-24"/>
      </object_component>
      <object_component id="oc-345">
         <name>.text:CS_startHFXTWithTimeout</name>
         <load_address>0x131dc</load_address>
         <run_address>0x131dc</run_address>
         <size>0x9c</size>
         <input_file_ref idref="fl-1f"/>
      </object_component>
      <object_component id="oc-262">
         <name>.text:_CSComputeCLKFrequency</name>
         <load_address>0x13278</load_address>
         <run_address>0x13278</run_address>
         <size>0x9c</size>
         <input_file_ref idref="fl-1f"/>
      </object_component>
      <object_component id="oc-37">
         <name>.text</name>
         <load_address>0x13314</load_address>
         <run_address>0x13314</run_address>
         <size>0x9c</size>
         <input_file_ref idref="fl-e3"/>
      </object_component>
      <object_component id="oc-49a">
         <name>.text</name>
         <load_address>0x133b0</load_address>
         <run_address>0x133b0</run_address>
         <size>0x96</size>
         <input_file_ref idref="fl-e6"/>
      </object_component>
      <object_component id="oc-192">
         <name>.text</name>
         <load_address>0x13446</load_address>
         <run_address>0x13446</run_address>
         <size>0x94</size>
         <input_file_ref idref="fl-18"/>
      </object_component>
      <object_component id="oc-317">
         <name>.text:UART_initModule</name>
         <load_address>0x134dc</load_address>
         <run_address>0x134dc</run_address>
         <size>0x94</size>
         <input_file_ref idref="fl-28"/>
      </object_component>
      <object_component id="oc-4bb">
         <name>.text:__aeabi_cdcmple</name>
         <load_address>0x13570</load_address>
         <run_address>0x13570</run_address>
         <size>0x86</size>
         <input_file_ref idref="fl-ef"/>
      </object_component>
      <object_component id="oc-522">
         <name>.text:__aeabi_cdrcmple</name>
         <load_address>0x135f6</load_address>
         <run_address>0x135f6</run_address>
         <size>0x86</size>
         <input_file_ref idref="fl-ef"/>
      </object_component>
      <object_component id="oc-cd">
         <name>.text</name>
         <load_address>0x1367c</load_address>
         <run_address>0x1367c</run_address>
         <size>0x84</size>
         <input_file_ref idref="fl-9"/>
      </object_component>
      <object_component id="oc-98">
         <name>.text</name>
         <load_address>0x13700</load_address>
         <run_address>0x13700</run_address>
         <size>0x7a</size>
         <input_file_ref idref="fl-e7"/>
      </object_component>
      <object_component id="oc-453">
         <name>.text:_CSGetHFXTFrequency</name>
         <load_address>0x1377c</load_address>
         <run_address>0x1377c</run_address>
         <size>0x70</size>
         <input_file_ref idref="fl-1f"/>
      </object_component>
      <object_component id="oc-542">
         <name>.text:_mcpy</name>
         <load_address>0x137ec</load_address>
         <run_address>0x137ec</run_address>
         <size>0x6e</size>
         <input_file_ref idref="fl-ec"/>
      </object_component>
      <object_component id="oc-3d7">
         <name>.text</name>
         <load_address>0x1385a</load_address>
         <run_address>0x1385a</run_address>
         <size>0x6e</size>
         <input_file_ref idref="fl-e5"/>
      </object_component>
      <object_component id="oc-17">
         <name>.text:decompress:lzss:__TI_decompress_lzss</name>
         <load_address>0x138c8</load_address>
         <run_address>0x138c8</run_address>
         <size>0x68</size>
         <input_file_ref idref="fl-ea"/>
      </object_component>
      <object_component id="oc-134">
         <name>.text:Interrupt_disableInterrupt</name>
         <load_address>0x13930</load_address>
         <run_address>0x13930</run_address>
         <size>0x64</size>
         <input_file_ref idref="fl-23"/>
      </object_component>
      <object_component id="oc-128">
         <name>.text:Interrupt_enableInterrupt</name>
         <load_address>0x13994</load_address>
         <run_address>0x13994</run_address>
         <size>0x64</size>
         <input_file_ref idref="fl-23"/>
      </object_component>
      <object_component id="oc-557">
         <name>.text:frexp</name>
         <load_address>0x139f8</load_address>
         <run_address>0x139f8</run_address>
         <size>0x64</size>
         <input_file_ref idref="fl-101"/>
      </object_component>
      <object_component id="oc-4c6">
         <name>.text:_pconv_f</name>
         <load_address>0x13a5c</load_address>
         <run_address>0x13a5c</run_address>
         <size>0x56</size>
         <input_file_ref idref="fl-ec"/>
      </object_component>
      <object_component id="oc-52c">
         <name>.text:__TI_ltoa</name>
         <load_address>0x13ab2</load_address>
         <run_address>0x13ab2</run_address>
         <size>0x54</size>
         <input_file_ref idref="fl-f9"/>
      </object_component>
      <object_component id="oc-53c">
         <name>.text:_ecpy</name>
         <load_address>0x13b06</load_address>
         <run_address>0x13b06</run_address>
         <size>0x52</size>
         <input_file_ref idref="fl-ec"/>
      </object_component>
      <object_component id="oc-467">
         <name>.text:SysCtl_getTLVInfo</name>
         <load_address>0x13b58</load_address>
         <run_address>0x13b58</run_address>
         <size>0x50</size>
         <input_file_ref idref="fl-26"/>
      </object_component>
      <object_component id="oc-6d">
         <name>.text</name>
         <load_address>0x13ba8</load_address>
         <run_address>0x13ba8</run_address>
         <size>0x4c</size>
         <input_file_ref idref="fl-17"/>
      </object_component>
      <object_component id="oc-f8">
         <name>.text:GPIO_setAsPeripheralModuleFunctionOutputPin</name>
         <load_address>0x13bf4</load_address>
         <run_address>0x13bf4</run_address>
         <size>0x4c</size>
         <input_file_ref idref="fl-21"/>
      </object_component>
      <object_component id="oc-461">
         <name>.text:_CSGetDOCFrequency</name>
         <load_address>0x13c40</load_address>
         <run_address>0x13c40</run_address>
         <size>0x4c</size>
         <input_file_ref idref="fl-1f"/>
      </object_component>
      <object_component id="oc-4af">
         <name>.text:atoi</name>
         <load_address>0x13c8c</load_address>
         <run_address>0x13c8c</run_address>
         <size>0x4c</size>
         <input_file_ref idref="fl-fb"/>
      </object_component>
      <object_component id="oc-323">
         <name>.text:snprintf</name>
         <load_address>0x13cd8</load_address>
         <run_address>0x13cd8</run_address>
         <size>0x4c</size>
         <input_file_ref idref="fl-e0"/>
      </object_component>
      <object_component id="oc-311">
         <name>.text:GPIO_setAsPeripheralModuleFunctionInputPin</name>
         <load_address>0x13d24</load_address>
         <run_address>0x13d24</run_address>
         <size>0x48</size>
         <input_file_ref idref="fl-21"/>
      </object_component>
      <object_component id="oc-34e">
         <name>.text:_CSGetDividerValue</name>
         <load_address>0x13d6c</load_address>
         <run_address>0x13d6c</run_address>
         <size>0x48</size>
         <input_file_ref idref="fl-1f"/>
      </object_component>
      <object_component id="oc-527">
         <name>.text</name>
         <load_address>0x13db4</load_address>
         <run_address>0x13db4</run_address>
         <size>0x48</size>
         <input_file_ref idref="fl-f2"/>
      </object_component>
      <object_component id="oc-1b1">
         <name>.text:__TI_auto_init_nobinit_nopinit:__TI_auto_init_nobinit_nopinit</name>
         <load_address>0x13dfc</load_address>
         <run_address>0x13dfc</run_address>
         <size>0x44</size>
         <input_file_ref idref="fl-f4"/>
      </object_component>
      <object_component id="oc-a4">
         <name>.text</name>
         <load_address>0x13e40</load_address>
         <run_address>0x13e40</run_address>
         <size>0x44</size>
         <input_file_ref idref="fl-3"/>
      </object_component>
      <object_component id="oc-d8">
         <name>.text</name>
         <load_address>0x13e84</load_address>
         <run_address>0x13e84</run_address>
         <size>0x44</size>
         <input_file_ref idref="fl-e1"/>
      </object_component>
      <object_component id="oc-10a">
         <name>.text:I2C_initMaster</name>
         <load_address>0x13ec8</load_address>
         <run_address>0x13ec8</run_address>
         <size>0x3e</size>
         <input_file_ref idref="fl-22"/>
      </object_component>
      <object_component id="oc-54f">
         <name>.text:_fcpy</name>
         <load_address>0x13f06</load_address>
         <run_address>0x13f06</run_address>
         <size>0x3e</size>
         <input_file_ref idref="fl-ec"/>
      </object_component>
      <object_component id="oc-122">
         <name>.text:I2C_masterSendMultiByteStart</name>
         <load_address>0x13f44</load_address>
         <run_address>0x13f44</run_address>
         <size>0x38</size>
         <input_file_ref idref="fl-22"/>
      </object_component>
      <object_component id="oc-c7">
         <name>.text</name>
         <load_address>0x13f7c</load_address>
         <run_address>0x13f7c</run_address>
         <size>0x34</size>
         <input_file_ref idref="fl-7"/>
      </object_component>
      <object_component id="oc-55">
         <name>.text:_c_int00_noargs:_c_int00_noargs</name>
         <load_address>0x13fb0</load_address>
         <run_address>0x13fb0</run_address>
         <size>0x34</size>
         <input_file_ref idref="fl-eb"/>
      </object_component>
      <object_component id="oc-152">
         <name>.text:I2C_masterSendMultiByteStop</name>
         <load_address>0x13fe4</load_address>
         <run_address>0x13fe4</run_address>
         <size>0x30</size>
         <input_file_ref idref="fl-22"/>
      </object_component>
      <object_component id="oc-3f2">
         <name>.text:_outs</name>
         <load_address>0x14014</load_address>
         <run_address>0x14014</run_address>
         <size>0x30</size>
         <input_file_ref idref="fl-e0"/>
      </object_component>
      <object_component id="oc-532">
         <name>.text</name>
         <load_address>0x14044</load_address>
         <run_address>0x14044</run_address>
         <size>0x2e</size>
         <input_file_ref idref="fl-f3"/>
      </object_component>
      <object_component id="oc-42a">
         <name>.text:PCM_getCoreVoltageLevel</name>
         <load_address>0x14072</load_address>
         <run_address>0x14072</run_address>
         <size>0x2c</size>
         <input_file_ref idref="fl-24"/>
      </object_component>
      <object_component id="oc-424">
         <name>.text:PCM_getPowerMode</name>
         <load_address>0x1409e</load_address>
         <run_address>0x1409e</run_address>
         <size>0x2a</size>
         <input_file_ref idref="fl-24"/>
      </object_component>
      <object_component id="oc-23c">
         <name>.text:FlashCtl_setWaitState</name>
         <load_address>0x140c8</load_address>
         <run_address>0x140c8</run_address>
         <size>0x28</size>
         <input_file_ref idref="fl-20"/>
      </object_component>
      <object_component id="oc-2e3">
         <name>.text</name>
         <load_address>0x140f0</load_address>
         <run_address>0x140f0</run_address>
         <size>0x26</size>
         <input_file_ref idref="fl-10"/>
      </object_component>
      <object_component id="oc-35a">
         <name>.text:CS_clearInterruptFlag</name>
         <load_address>0x14118</load_address>
         <run_address>0x14118</run_address>
         <size>0x24</size>
         <input_file_ref idref="fl-1f"/>
      </object_component>
      <object_component id="oc-15e">
         <name>.text:I2C_masterSendMultiByteNext</name>
         <load_address>0x1413c</load_address>
         <run_address>0x1413c</run_address>
         <size>0x24</size>
         <input_file_ref idref="fl-22"/>
      </object_component>
      <object_component id="oc-2f4">
         <name>.text:Interrupt_setPriority</name>
         <load_address>0x14160</load_address>
         <run_address>0x14160</run_address>
         <size>0x24</size>
         <input_file_ref idref="fl-23"/>
      </object_component>
      <object_component id="oc-30b">
         <name>.text:UART_transmitData</name>
         <load_address>0x14184</load_address>
         <run_address>0x14184</run_address>
         <size>0x24</size>
         <input_file_ref idref="fl-28"/>
      </object_component>
      <object_component id="oc-d3">
         <name>.text</name>
         <load_address>0x141a8</load_address>
         <run_address>0x141a8</run_address>
         <size>0x20</size>
         <input_file_ref idref="fl-e4"/>
      </object_component>
      <object_component id="oc-4d8">
         <name>.text:memccpy</name>
         <load_address>0x141c8</load_address>
         <run_address>0x141c8</run_address>
         <size>0x1c</size>
         <input_file_ref idref="fl-fd"/>
      </object_component>
      <object_component id="oc-5a1">
         <name>.text:copysign</name>
         <load_address>0x141e4</load_address>
         <run_address>0x141e4</run_address>
         <size>0x1a</size>
         <input_file_ref idref="fl-104"/>
      </object_component>
      <object_component id="oc-24e">
         <name>.text:CS_getMCLK</name>
         <load_address>0x14200</load_address>
         <run_address>0x14200</run_address>
         <size>0x18</size>
         <input_file_ref idref="fl-1f"/>
      </object_component>
      <object_component id="oc-f2">
         <name>.text:CS_getSMCLK</name>
         <load_address>0x14218</load_address>
         <run_address>0x14218</run_address>
         <size>0x18</size>
         <input_file_ref idref="fl-1f"/>
      </object_component>
      <object_component id="oc-1f9">
         <name>.text:WDT_A_clearTimer</name>
         <load_address>0x14230</load_address>
         <run_address>0x14230</run_address>
         <size>0x18</size>
         <input_file_ref idref="fl-29"/>
      </object_component>
      <object_component id="oc-1ff">
         <name>.text:WDT_A_holdTimer</name>
         <load_address>0x14248</load_address>
         <run_address>0x14248</run_address>
         <size>0x18</size>
         <input_file_ref idref="fl-29"/>
      </object_component>
      <object_component id="oc-3f8">
         <name>.text:_outc</name>
         <load_address>0x14260</load_address>
         <run_address>0x14260</run_address>
         <size>0x18</size>
         <input_file_ref idref="fl-e0"/>
      </object_component>
      <object_component id="oc-3d2">
         <name>.text</name>
         <load_address>0x14278</load_address>
         <run_address>0x14278</run_address>
         <size>0x18</size>
         <input_file_ref idref="fl-e2"/>
      </object_component>
      <object_component id="oc-563">
         <name>.text:strchr</name>
         <load_address>0x14290</load_address>
         <run_address>0x14290</run_address>
         <size>0x16</size>
         <input_file_ref idref="fl-fe"/>
      </object_component>
      <object_component id="oc-236">
         <name>.text:CS_setExternalClockSourceFrequency</name>
         <load_address>0x142a8</load_address>
         <run_address>0x142a8</run_address>
         <size>0x14</size>
         <input_file_ref idref="fl-1f"/>
      </object_component>
      <object_component id="oc-fe">
         <name>.text:I2C_isBusBusy</name>
         <load_address>0x142bc</load_address>
         <run_address>0x142bc</run_address>
         <size>0x14</size>
         <input_file_ref idref="fl-22"/>
      </object_component>
      <object_component id="oc-c1">
         <name>.text:SysTick_enableInterrupt</name>
         <load_address>0x142d0</load_address>
         <run_address>0x142d0</run_address>
         <size>0x14</size>
         <input_file_ref idref="fl-27"/>
      </object_component>
      <object_component id="oc-4a9">
         <name>.text:strlen</name>
         <load_address>0x142e4</load_address>
         <run_address>0x142e4</run_address>
         <size>0x14</size>
         <input_file_ref idref="fl-ff"/>
      </object_component>
      <object_component id="oc-4de">
         <name>.text:wcslen</name>
         <load_address>0x142f8</load_address>
         <run_address>0x142f8</run_address>
         <size>0x12</size>
         <input_file_ref idref="fl-103"/>
      </object_component>
      <object_component id="oc-140">
         <name>.text:I2C_masterReceiveStart</name>
         <load_address>0x1430a</load_address>
         <run_address>0x1430a</run_address>
         <size>0x10</size>
         <input_file_ref idref="fl-22"/>
      </object_component>
      <object_component id="oc-44d">
         <name>.text:SysCtl_disableNMISource</name>
         <load_address>0x1431c</load_address>
         <run_address>0x1431c</run_address>
         <size>0x10</size>
         <input_file_ref idref="fl-26"/>
      </object_component>
      <object_component id="oc-459">
         <name>.text:SysCtl_enableNMISource</name>
         <load_address>0x1432c</load_address>
         <run_address>0x1432c</run_address>
         <size>0x10</size>
         <input_file_ref idref="fl-26"/>
      </object_component>
      <object_component id="oc-299">
         <name>.text</name>
         <load_address>0x1433c</load_address>
         <run_address>0x1433c</run_address>
         <size>0xe</size>
         <input_file_ref idref="fl-15"/>
      </object_component>
      <object_component id="oc-14c">
         <name>.text:I2C_clearInterruptFlag</name>
         <load_address>0x1434a</load_address>
         <run_address>0x1434a</run_address>
         <size>0xe</size>
         <input_file_ref idref="fl-22"/>
      </object_component>
      <object_component id="oc-12e">
         <name>.text:I2C_disableInterrupt</name>
         <load_address>0x14358</load_address>
         <run_address>0x14358</run_address>
         <size>0xe</size>
         <input_file_ref idref="fl-22"/>
      </object_component>
      <object_component id="oc-1d">
         <name>.text:decompress:none:__TI_decompress_none</name>
         <load_address>0x14366</load_address>
         <run_address>0x14366</run_address>
         <size>0xe</size>
         <input_file_ref idref="fl-e9"/>
      </object_component>
      <object_component id="oc-67">
         <name>.text</name>
         <load_address>0x14374</load_address>
         <run_address>0x14374</run_address>
         <size>0xe</size>
         <input_file_ref idref="fl-4"/>
      </object_component>
      <object_component id="oc-104">
         <name>.text:I2C_disableModule</name>
         <load_address>0x14382</load_address>
         <run_address>0x14382</run_address>
         <size>0xc</size>
         <input_file_ref idref="fl-22"/>
      </object_component>
      <object_component id="oc-116">
         <name>.text:I2C_enableModule</name>
         <load_address>0x1438e</load_address>
         <run_address>0x1438e</run_address>
         <size>0xc</size>
         <input_file_ref idref="fl-22"/>
      </object_component>
      <object_component id="oc-430">
         <name>.text:PCM_getPowerState</name>
         <load_address>0x1439c</load_address>
         <run_address>0x1439c</run_address>
         <size>0xc</size>
         <input_file_ref idref="fl-24"/>
      </object_component>
      <object_component id="oc-447">
         <name>.text:SysCtl_getNMISourceStatus</name>
         <load_address>0x143a8</load_address>
         <run_address>0x143a8</run_address>
         <size>0xc</size>
         <input_file_ref idref="fl-26"/>
      </object_component>
      <object_component id="oc-31d">
         <name>.text:UART_enableModule</name>
         <load_address>0x143b4</load_address>
         <run_address>0x143b4</run_address>
         <size>0xc</size>
         <input_file_ref idref="fl-28"/>
      </object_component>
      <object_component id="oc-49">
         <name>.text:decompress:ZI:__TI_zero_init</name>
         <load_address>0x143c0</load_address>
         <run_address>0x143c0</run_address>
         <size>0xc</size>
         <input_file_ref idref="fl-e8"/>
      </object_component>
      <object_component id="oc-11c">
         <name>.text:I2C_enableInterrupt</name>
         <load_address>0x143cc</load_address>
         <run_address>0x143cc</run_address>
         <size>0x8</size>
         <input_file_ref idref="fl-22"/>
      </object_component>
      <object_component id="oc-230">
         <name>.text:PCM_setCoreVoltageLevel</name>
         <load_address>0x143d4</load_address>
         <run_address>0x143d4</run_address>
         <size>0x8</size>
         <input_file_ref idref="fl-24"/>
      </object_component>
      <object_component id="oc-436">
         <name>.text:PCM_setPowerMode</name>
         <load_address>0x143dc</load_address>
         <run_address>0x143dc</run_address>
         <size>0x8</size>
         <input_file_ref idref="fl-24"/>
      </object_component>
      <object_component id="oc-4e4">
         <name>.text:__aeabi_errno_addr</name>
         <load_address>0x143e4</load_address>
         <run_address>0x143e4</run_address>
         <size>0x8</size>
         <input_file_ref idref="fl-100"/>
      </object_component>
      <object_component id="oc-242">
         <name>.text:CS_startHFXT</name>
         <load_address>0x143ec</load_address>
         <run_address>0x143ec</run_address>
         <size>0x6</size>
         <input_file_ref idref="fl-1f"/>
      </object_component>
      <object_component id="oc-146">
         <name>.text:I2C_getEnabledInterruptStatus</name>
         <load_address>0x143f2</load_address>
         <run_address>0x143f2</run_address>
         <size>0x6</size>
         <input_file_ref idref="fl-22"/>
      </object_component>
      <object_component id="oc-13a">
         <name>.text:I2C_getInterruptStatus</name>
         <load_address>0x143f8</load_address>
         <run_address>0x143f8</run_address>
         <size>0x6</size>
         <input_file_ref idref="fl-22"/>
      </object_component>
      <object_component id="oc-158">
         <name>.text:I2C_masterReceiveMultiByteNext</name>
         <load_address>0x143fe</load_address>
         <run_address>0x143fe</run_address>
         <size>0x6</size>
         <input_file_ref idref="fl-22"/>
      </object_component>
      <object_component id="oc-3c7">
         <name>.text:SysCtlDelay</name>
         <load_address>0x14404</load_address>
         <run_address>0x14404</run_address>
         <size>0x6</size>
         <input_file_ref idref="fl-10"/>
      </object_component>
      <object_component id="oc-110">
         <name>.text:I2C_setSlaveAddress</name>
         <load_address>0x1440a</load_address>
         <run_address>0x1440a</run_address>
         <size>0x4</size>
         <input_file_ref idref="fl-22"/>
      </object_component>
      <object_component id="oc-9e">
         <name>.text:_system_pre_init</name>
         <load_address>0x1440e</load_address>
         <run_address>0x1440e</run_address>
         <size>0x4</size>
         <input_file_ref idref="fl-f5"/>
      </object_component>
      <object_component id="oc-1a5">
         <name>.text:abort:abort</name>
         <load_address>0x14412</load_address>
         <run_address>0x14412</run_address>
         <size>0x4</size>
         <input_file_ref idref="fl-f7"/>
      </object_component>
      <object_component id="oc-511">
         <name>.const:.string:_ctypes_</name>
         <load_address>0x14418</load_address>
         <run_address>0x14418</run_address>
         <size>0x101</size>
         <input_file_ref idref="fl-fc"/>
      </object_component>
      <object_component id="oc-38f">
         <name>.const:.string:INVALID_OFFSET</name>
         <load_address>0x14519</load_address>
         <run_address>0x14519</run_address>
         <size>0x3</size>
         <input_file_ref idref="fl-e"/>
      </object_component>
      <object_component id="oc-3c9">
         <name>.const:g_pulRegs</name>
         <load_address>0x1451c</load_address>
         <run_address>0x1451c</run_address>
         <size>0x50</size>
         <input_file_ref idref="fl-23"/>
      </object_component>
      <object_component id="oc-27b">
         <name>.const</name>
         <load_address>0x1456c</load_address>
         <run_address>0x1456c</run_address>
         <size>0x40</size>
         <input_file_ref idref="fl-23"/>
      </object_component>
      <object_component id="oc-329">
         <name>.const:backChannelUart115200Config</name>
         <load_address>0x145ac</load_address>
         <run_address>0x145ac</run_address>
         <size>0x24</size>
         <input_file_ref idref="fl-8"/>
      </object_component>
      <object_component id="oc-392">
         <name>.const:yas532_version_ac_coef</name>
         <load_address>0x145d0</load_address>
         <run_address>0x145d0</run_address>
         <size>0xc</size>
         <input_file_ref idref="fl-e"/>
      </object_component>
      <object_component id="oc-396">
         <name>.const:v_calib_data$2</name>
         <load_address>0x145dc</load_address>
         <run_address>0x145dc</run_address>
         <size>0x8</size>
         <input_file_ref idref="fl-e"/>
      </object_component>
      <object_component id="oc-307">
         <name>.const:.string:$P$T0$1</name>
         <load_address>0x145e4</load_address>
         <run_address>0x145e4</run_address>
         <size>0x5</size>
         <input_file_ref idref="fl-d"/>
      </object_component>
      <object_component id="oc-395">
         <name>.const:.string:v_correct_u8$1</name>
         <load_address>0x145e9</load_address>
         <run_address>0x145e9</run_address>
         <size>0x5</size>
         <input_file_ref idref="fl-e"/>
      </object_component>
      <object_component id="oc-5fe">
         <name>.cinit..data.load</name>
         <load_address>0x145f0</load_address>
         <run_address>0x145f0</run_address>
         <size>0x43</size>
      </object_component>
      <object_component id="oc-5fc">
         <name>__TI_handler_table</name>
         <load_address>0x14634</load_address>
         <run_address>0x14634</run_address>
         <size>0xc</size>
      </object_component>
      <object_component id="oc-5ff">
         <name>.cinit..bss.load</name>
         <load_address>0x14640</load_address>
         <run_address>0x14640</run_address>
         <size>0x8</size>
      </object_component>
      <object_component id="oc-5fd">
         <name>__TI_cinit_table</name>
         <load_address>0x14648</load_address>
         <run_address>0x14648</run_address>
         <size>0x10</size>
      </object_component>
      <object_component id="oc-5d0">
         <name>.binit</name>
         <load_address>0x0</load_address>
         <run_address>0x0</run_address>
         <size>0x0</size>
      </object_component>
      <object_component id="oc-1e3">
         <name>.data</name>
         <load_address>0x200070f4</load_address>
         <run_address>0x200070f4</run_address>
         <size>0x4</size>
         <input_file_ref idref="fl-5"/>
      </object_component>
      <object_component id="oc-383">
         <name>.data</name>
         <load_address>0x200070e8</load_address>
         <run_address>0x200070e8</run_address>
         <size>0x8</size>
         <input_file_ref idref="fl-e"/>
      </object_component>
      <object_component id="oc-37b">
         <name>.data:v_fifo_data_u8</name>
         <load_address>0x20006ca4</load_address>
         <run_address>0x20006ca4</run_address>
         <size>0x400</size>
         <input_file_ref idref="fl-e"/>
      </object_component>
      <object_component id="oc-16c">
         <name>.data</name>
         <load_address>0x200070f8</load_address>
         <run_address>0x200070f8</run_address>
         <size>0x1</size>
         <input_file_ref idref="fl-11"/>
      </object_component>
      <object_component id="oc-164">
         <name>.data:i2cConfig</name>
         <load_address>0x200070d4</load_address>
         <run_address>0x200070d4</run_address>
         <size>0x14</size>
         <input_file_ref idref="fl-11"/>
      </object_component>
      <object_component id="oc-26e">
         <name>.data:GPIO_PORT_TO_BASE</name>
         <load_address>0x200070a4</load_address>
         <run_address>0x200070a4</run_address>
         <size>0x30</size>
         <input_file_ref idref="fl-21"/>
      </object_component>
      <object_component id="oc-573">
         <name>.data</name>
         <load_address>0x200070f0</load_address>
         <run_address>0x200070f0</run_address>
         <size>0x4</size>
         <input_file_ref idref="fl-100"/>
      </object_component>
      <object_component id="oc-32c">
         <name>.bss:backChannelStringBuff</name>
         <uninitialized>true</uninitialized>
         <run_address>0x20006a44</run_address>
         <size>0x100</size>
         <input_file_ref idref="fl-8"/>
      </object_component>
      <object_component id="oc-3cf">
         <name>.bss</name>
         <uninitialized>true</uninitialized>
         <run_address>0x20006c6c</run_address>
         <size>0x4</size>
         <input_file_ref idref="fl-c"/>
      </object_component>
      <object_component id="oc-378">
         <name>.bss</name>
         <uninitialized>true</uninitialized>
         <run_address>0x20006c70</run_address>
         <size>0x4</size>
         <input_file_ref idref="fl-e"/>
      </object_component>
      <object_component id="oc-386">
         <name>.bss:mag_trim</name>
         <uninitialized>true</uninitialized>
         <run_address>0x20006c4c</run_address>
         <size>0x10</size>
         <input_file_ref idref="fl-e"/>
      </object_component>
      <object_component id="oc-389">
         <name>.bss:akm_asa_data</name>
         <uninitialized>true</uninitialized>
         <run_address>0x20006c9c</run_address>
         <size>0x3</size>
         <input_file_ref idref="fl-e"/>
      </object_component>
      <object_component id="oc-38c">
         <name>.bss:yas532_data</name>
         <uninitialized>true</uninitialized>
         <run_address>0x20006b44</run_address>
         <size>0x70</size>
         <input_file_ref idref="fl-e"/>
      </object_component>
      <object_component id="oc-2d9">
         <name>.bss:buf</name>
         <uninitialized>true</uninitialized>
         <run_address>0x20006c74</run_address>
         <size>0x4</size>
         <input_file_ref idref="fl-13"/>
      </object_component>
      <object_component id="oc-2d6">
         <name>.bss</name>
         <uninitialized>true</uninitialized>
         <run_address>0x20006ca0</run_address>
         <size>0x2</size>
         <input_file_ref idref="fl-13"/>
      </object_component>
      <object_component id="oc-e1">
         <name>.bss:threadControlBlocks</name>
         <uninitialized>true</uninitialized>
         <run_address>0x20006bb4</run_address>
         <size>0x48</size>
         <input_file_ref idref="fl-16"/>
      </object_component>
      <object_component id="oc-e4">
         <name>.bss:threadStacks</name>
         <uninitialized>true</uninitialized>
         <run_address>0x20000000</run_address>
         <size>0x6000</size>
         <input_file_ref idref="fl-16"/>
      </object_component>
      <object_component id="oc-de">
         <name>.bss</name>
         <uninitialized>true</uninitialized>
         <run_address>0x20006c68</run_address>
         <size>0x4</size>
         <input_file_ref idref="fl-16"/>
      </object_component>
      <object_component id="oc-198">
         <name>.common:sensor_I2C_semaphore</name>
         <uninitialized>true</uninitialized>
         <run_address>0x20006c98</run_address>
         <size>0x4</size>
      </object_component>
      <object_component id="oc-19d">
         <name>.common:led_I2C_semaphore</name>
         <uninitialized>true</uninitialized>
         <run_address>0x20006c8c</run_address>
         <size>0x4</size>
      </object_component>
      <object_component id="oc-2fa">
         <name>.common:ButtonFunction</name>
         <uninitialized>true</uninitialized>
         <run_address>0x20006c78</run_address>
         <size>0x4</size>
      </object_component>
      <object_component id="oc-304">
         <name>.common:bme280</name>
         <uninitialized>true</uninitialized>
         <run_address>0x20006bfc</run_address>
         <size>0x3c</size>
      </object_component>
      <object_component id="oc-37e">
         <name>.common:accel_fifo</name>
         <uninitialized>true</uninitialized>
         <run_address>0x20006000</run_address>
         <size>0x36c</size>
      </object_component>
      <object_component id="oc-381">
         <name>.common:gyro_fifo</name>
         <uninitialized>true</uninitialized>
         <run_address>0x2000636c</run_address>
         <size>0x36c</size>
      </object_component>
      <object_component id="oc-382">
         <name>.common:mag_fifo</name>
         <uninitialized>true</uninitialized>
         <run_address>0x200066d8</run_address>
         <size>0x36c</size>
      </object_component>
      <object_component id="oc-2de">
         <name>.common:s_bmi160</name>
         <uninitialized>true</uninitialized>
         <run_address>0x20006c38</run_address>
         <size>0x14</size>
      </object_component>
      <object_component id="oc-2e1">
         <name>.common:gyroxyz</name>
         <uninitialized>true</uninitialized>
         <run_address>0x20006c62</run_address>
         <size>0x6</size>
      </object_component>
      <object_component id="oc-2e2">
         <name>.common:accelxyz</name>
         <uninitialized>true</uninitialized>
         <run_address>0x20006c5c</run_address>
         <size>0x6</size>
      </object_component>
      <object_component id="oc-16a">
         <name>.common:ui8Status</name>
         <uninitialized>true</uninitialized>
         <run_address>0x20006ca2</run_address>
         <size>0x1</size>
      </object_component>
      <object_component id="oc-167">
         <name>.common:pData</name>
         <uninitialized>true</uninitialized>
         <run_address>0x20006c94</run_address>
         <size>0x4</size>
      </object_component>
      <object_component id="oc-16f">
         <name>.common:ui8DummyRead</name>
         <uninitialized>true</uninitialized>
         <run_address>0x20006c9f</run_address>
         <size>0x1</size>
      </object_component>
      <object_component id="oc-16b">
         <name>.common:g_ui32ByteCount</name>
         <uninitialized>true</uninitialized>
         <run_address>0x20006c84</run_address>
         <size>0x4</size>
      </object_component>
      <object_component id="oc-bd">
         <name>.common:CurrentlyRunningThread</name>
         <uninitialized>true</uninitialized>
         <run_address>0x20006c7c</run_address>
         <size>0x4</size>
      </object_component>
      <object_component id="oc-dd">
         <name>.common:SystemTime</name>
         <uninitialized>true</uninitialized>
         <run_address>0x20006c80</run_address>
         <size>0x4</size>
      </object_component>
      <object_component id="oc-341">
         <name>.common:hfxtFreq</name>
         <uninitialized>true</uninitialized>
         <run_address>0x20006c88</run_address>
         <size>0x4</size>
      </object_component>
      <object_component id="oc-33e">
         <name>.common:lfxtFreq</name>
         <uninitialized>true</uninitialized>
         <run_address>0x20006c90</run_address>
         <size>0x4</size>
      </object_component>
      <object_component id="oc-29">
         <name>.stack</name>
         <uninitialized>true</uninitialized>
         <run_address>0x2000fe00</run_address>
         <size>0x4</size>
         <input_file_ref idref="fl-eb"/>
      </object_component>
      <object_component id="oc-601">
         <name>.stack</name>
         <uninitialized>true</uninitialized>
         <run_address>0x2000fe00</run_address>
         <size>0x0</size>
      </object_component>
      <object_component id="oc-199">
         <name>.debug_info</name>
         <load_address>0x0</load_address>
         <run_address>0x0</run_address>
         <size>0x4ff</size>
         <input_file_ref idref="fl-2"/>
      </object_component>
      <object_component id="oc-19f">
         <name>.debug_info</name>
         <load_address>0x4ff</load_address>
         <run_address>0x4ff</run_address>
         <size>0x822</size>
         <input_file_ref idref="fl-2"/>
      </object_component>
      <object_component id="oc-331">
         <name>.debug_info</name>
         <load_address>0xd21</load_address>
         <run_address>0xd21</run_address>
         <size>0x51</size>
         <input_file_ref idref="fl-2"/>
      </object_component>
      <object_component id="oc-17d">
         <name>.debug_info</name>
         <load_address>0xd72</load_address>
         <run_address>0xd72</run_address>
         <size>0x26b</size>
         <input_file_ref idref="fl-2"/>
      </object_component>
      <object_component id="oc-171">
         <name>.debug_info</name>
         <load_address>0xfdd</load_address>
         <run_address>0xfdd</run_address>
         <size>0x8b</size>
         <input_file_ref idref="fl-2"/>
      </object_component>
      <object_component id="oc-25d">
         <name>.debug_info</name>
         <load_address>0x1068</load_address>
         <run_address>0x1068</run_address>
         <size>0x2a4</size>
         <input_file_ref idref="fl-2"/>
      </object_component>
      <object_component id="oc-176">
         <name>.debug_info</name>
         <load_address>0x130c</load_address>
         <run_address>0x130c</run_address>
         <size>0xef</size>
         <input_file_ref idref="fl-2"/>
      </object_component>
      <object_component id="oc-e8">
         <name>.debug_info</name>
         <load_address>0x13fb</load_address>
         <run_address>0x13fb</run_address>
         <size>0xbb</size>
         <input_file_ref idref="fl-2"/>
      </object_component>
      <object_component id="oc-1ee">
         <name>.debug_info</name>
         <load_address>0x14b6</load_address>
         <run_address>0x14b6</run_address>
         <size>0x338</size>
         <input_file_ref idref="fl-2"/>
      </object_component>
      <object_component id="oc-2a2">
         <name>.debug_info</name>
         <load_address>0x17ee</load_address>
         <run_address>0x17ee</run_address>
         <size>0x2c</size>
         <input_file_ref idref="fl-2"/>
      </object_component>
      <object_component id="oc-41f">
         <name>.debug_info</name>
         <load_address>0x181a</load_address>
         <run_address>0x181a</run_address>
         <size>0xcc</size>
         <input_file_ref idref="fl-2"/>
      </object_component>
      <object_component id="oc-40a">
         <name>.debug_info</name>
         <load_address>0x18e6</load_address>
         <run_address>0x18e6</run_address>
         <size>0x2c</size>
         <input_file_ref idref="fl-2"/>
      </object_component>
      <object_component id="oc-41a">
         <name>.debug_info</name>
         <load_address>0x1912</load_address>
         <run_address>0x1912</run_address>
         <size>0x661</size>
         <input_file_ref idref="fl-2"/>
      </object_component>
      <object_component id="oc-19b">
         <name>.debug_info</name>
         <load_address>0x1f73</load_address>
         <run_address>0x1f73</run_address>
         <size>0x752</size>
         <input_file_ref idref="fl-3"/>
      </object_component>
      <object_component id="oc-a6">
         <name>.debug_info</name>
         <load_address>0x26c5</load_address>
         <run_address>0x26c5</run_address>
         <size>0x188</size>
         <input_file_ref idref="fl-3"/>
      </object_component>
      <object_component id="oc-1e9">
         <name>.debug_info</name>
         <load_address>0x284d</load_address>
         <run_address>0x284d</run_address>
         <size>0x1055</size>
         <input_file_ref idref="fl-3"/>
      </object_component>
      <object_component id="oc-ed">
         <name>.debug_info</name>
         <load_address>0x38a2</load_address>
         <run_address>0x38a2</run_address>
         <size>0x37e2</size>
         <input_file_ref idref="fl-3"/>
      </object_component>
      <object_component id="oc-32">
         <name>.debug_info</name>
         <load_address>0x7084</load_address>
         <run_address>0x7084</run_address>
         <size>0x84</size>
         <input_file_ref idref="fl-3"/>
      </object_component>
      <object_component id="oc-80">
         <name>.debug_info</name>
         <load_address>0x7108</load_address>
         <run_address>0x7108</run_address>
         <size>0x2be</size>
         <input_file_ref idref="fl-4"/>
      </object_component>
      <object_component id="oc-27">
         <name>.debug_info</name>
         <load_address>0x73c6</load_address>
         <run_address>0x73c6</run_address>
         <size>0xea</size>
         <input_file_ref idref="fl-4"/>
      </object_component>
      <object_component id="oc-68">
         <name>.debug_info</name>
         <load_address>0x74b0</load_address>
         <run_address>0x74b0</run_address>
         <size>0x1b1</size>
         <input_file_ref idref="fl-4"/>
      </object_component>
      <object_component id="oc-1e4">
         <name>.debug_info</name>
         <load_address>0x7661</load_address>
         <run_address>0x7661</run_address>
         <size>0xe3</size>
         <input_file_ref idref="fl-5"/>
      </object_component>
      <object_component id="oc-ba">
         <name>.debug_info</name>
         <load_address>0x7744</load_address>
         <run_address>0x7744</run_address>
         <size>0x255</size>
         <input_file_ref idref="fl-5"/>
      </object_component>
      <object_component id="oc-189">
         <name>.debug_info</name>
         <load_address>0x7999</load_address>
         <run_address>0x7999</run_address>
         <size>0x2c</size>
         <input_file_ref idref="fl-6"/>
      </object_component>
      <object_component id="oc-c8">
         <name>.debug_info</name>
         <load_address>0x79c5</load_address>
         <run_address>0x79c5</run_address>
         <size>0x255</size>
         <input_file_ref idref="fl-7"/>
      </object_component>
      <object_component id="oc-28d">
         <name>.debug_info</name>
         <load_address>0x7c1a</load_address>
         <run_address>0x7c1a</run_address>
         <size>0x6c</size>
         <input_file_ref idref="fl-7"/>
      </object_component>
      <object_component id="oc-292">
         <name>.debug_info</name>
         <load_address>0x7c86</load_address>
         <run_address>0x7c86</run_address>
         <size>0x9a</size>
         <input_file_ref idref="fl-7"/>
      </object_component>
      <object_component id="oc-415">
         <name>.debug_info</name>
         <load_address>0x7d20</load_address>
         <run_address>0x7d20</run_address>
         <size>0xee</size>
         <input_file_ref idref="fl-7"/>
      </object_component>
      <object_component id="oc-330">
         <name>.debug_info</name>
         <load_address>0x7e0e</load_address>
         <run_address>0x7e0e</run_address>
         <size>0x7a6</size>
         <input_file_ref idref="fl-8"/>
      </object_component>
      <object_component id="oc-32a">
         <name>.debug_info</name>
         <load_address>0x85b4</load_address>
         <run_address>0x85b4</run_address>
         <size>0x10f</size>
         <input_file_ref idref="fl-8"/>
      </object_component>
      <object_component id="oc-32d">
         <name>.debug_info</name>
         <load_address>0x86c3</load_address>
         <run_address>0x86c3</run_address>
         <size>0x103</size>
         <input_file_ref idref="fl-8"/>
      </object_component>
      <object_component id="oc-224">
         <name>.debug_info</name>
         <load_address>0x87c6</load_address>
         <run_address>0x87c6</run_address>
         <size>0xbb3</size>
         <input_file_ref idref="fl-8"/>
      </object_component>
      <object_component id="oc-d1">
         <name>.debug_info</name>
         <load_address>0x9379</load_address>
         <run_address>0x9379</run_address>
         <size>0x310</size>
         <input_file_ref idref="fl-9"/>
      </object_component>
      <object_component id="oc-2fb">
         <name>.debug_info</name>
         <load_address>0x9689</load_address>
         <run_address>0x9689</run_address>
         <size>0x5c2</size>
         <input_file_ref idref="fl-a"/>
      </object_component>
      <object_component id="oc-218">
         <name>.debug_info</name>
         <load_address>0x9c4b</load_address>
         <run_address>0x9c4b</run_address>
         <size>0x524</size>
         <input_file_ref idref="fl-a"/>
      </object_component>
      <object_component id="oc-22c">
         <name>.debug_info</name>
         <load_address>0xa16f</load_address>
         <run_address>0xa16f</run_address>
         <size>0x329</size>
         <input_file_ref idref="fl-b"/>
      </object_component>
      <object_component id="oc-3dd">
         <name>.debug_info</name>
         <load_address>0xa498</load_address>
         <run_address>0xa498</run_address>
         <size>0x2fc</size>
         <input_file_ref idref="fl-c"/>
      </object_component>
      <object_component id="oc-3d0">
         <name>.debug_info</name>
         <load_address>0xa794</load_address>
         <run_address>0xa794</run_address>
         <size>0xe0</size>
         <input_file_ref idref="fl-c"/>
      </object_component>
      <object_component id="oc-2ff">
         <name>.debug_info</name>
         <load_address>0xa874</load_address>
         <run_address>0xa874</run_address>
         <size>0x3ad1</size>
         <input_file_ref idref="fl-c"/>
      </object_component>
      <object_component id="oc-305">
         <name>.debug_info</name>
         <load_address>0xe345</load_address>
         <run_address>0xe345</run_address>
         <size>0xb4b</size>
         <input_file_ref idref="fl-d"/>
      </object_component>
      <object_component id="oc-308">
         <name>.debug_info</name>
         <load_address>0xee90</load_address>
         <run_address>0xee90</run_address>
         <size>0xe7</size>
         <input_file_ref idref="fl-d"/>
      </object_component>
      <object_component id="oc-21e">
         <name>.debug_info</name>
         <load_address>0xef77</load_address>
         <run_address>0xef77</run_address>
         <size>0xef4</size>
         <input_file_ref idref="fl-d"/>
      </object_component>
      <object_component id="oc-3e0">
         <name>.debug_info</name>
         <load_address>0xfe6b</load_address>
         <run_address>0xfe6b</run_address>
         <size>0x37e2</size>
         <input_file_ref idref="fl-d"/>
      </object_component>
      <object_component id="oc-37f">
         <name>.debug_info</name>
         <load_address>0x1364d</load_address>
         <run_address>0x1364d</run_address>
         <size>0x4b7</size>
         <input_file_ref idref="fl-e"/>
      </object_component>
      <object_component id="oc-390">
         <name>.debug_info</name>
         <load_address>0x13b04</load_address>
         <run_address>0x13b04</run_address>
         <size>0xed</size>
         <input_file_ref idref="fl-e"/>
      </object_component>
      <object_component id="oc-379">
         <name>.debug_info</name>
         <load_address>0x13bf1</load_address>
         <run_address>0x13bf1</run_address>
         <size>0xe0</size>
         <input_file_ref idref="fl-e"/>
      </object_component>
      <object_component id="oc-387">
         <name>.debug_info</name>
         <load_address>0x13cd1</load_address>
         <run_address>0x13cd1</run_address>
         <size>0xe0</size>
         <input_file_ref idref="fl-e"/>
      </object_component>
      <object_component id="oc-384">
         <name>.debug_info</name>
         <load_address>0x13db1</load_address>
         <run_address>0x13db1</run_address>
         <size>0x140</size>
         <input_file_ref idref="fl-e"/>
      </object_component>
      <object_component id="oc-38a">
         <name>.debug_info</name>
         <load_address>0x13ef1</load_address>
         <run_address>0x13ef1</run_address>
         <size>0xe8</size>
         <input_file_ref idref="fl-e"/>
      </object_component>
      <object_component id="oc-37c">
         <name>.debug_info</name>
         <load_address>0x13fd9</load_address>
         <run_address>0x13fd9</run_address>
         <size>0xed</size>
         <input_file_ref idref="fl-e"/>
      </object_component>
      <object_component id="oc-393">
         <name>.debug_info</name>
         <load_address>0x140c6</load_address>
         <run_address>0x140c6</run_address>
         <size>0xfc</size>
         <input_file_ref idref="fl-e"/>
      </object_component>
      <object_component id="oc-38d">
         <name>.debug_info</name>
         <load_address>0x141c2</load_address>
         <run_address>0x141c2</run_address>
         <size>0xe6</size>
         <input_file_ref idref="fl-e"/>
      </object_component>
      <object_component id="oc-2ab">
         <name>.debug_info</name>
         <load_address>0x142a8</load_address>
         <run_address>0x142a8</run_address>
         <size>0x1ea5b</size>
         <input_file_ref idref="fl-e"/>
      </object_component>
      <object_component id="oc-2ea">
         <name>.debug_info</name>
         <load_address>0x32d03</load_address>
         <run_address>0x32d03</run_address>
         <size>0x6d1</size>
         <input_file_ref idref="fl-e"/>
      </object_component>
      <object_component id="oc-2df">
         <name>.debug_info</name>
         <load_address>0x333d4</load_address>
         <run_address>0x333d4</run_address>
         <size>0x104d</size>
         <input_file_ref idref="fl-f"/>
      </object_component>
      <object_component id="oc-215">
         <name>.debug_info</name>
         <load_address>0x34421</load_address>
         <run_address>0x34421</run_address>
         <size>0x1d0a</size>
         <input_file_ref idref="fl-f"/>
      </object_component>
      <object_component id="oc-2ef">
         <name>.debug_info</name>
         <load_address>0x3612b</load_address>
         <run_address>0x3612b</run_address>
         <size>0x7d</size>
         <input_file_ref idref="fl-f"/>
      </object_component>
      <object_component id="oc-3c3">
         <name>.debug_info</name>
         <load_address>0x361a8</load_address>
         <run_address>0x361a8</run_address>
         <size>0x28</size>
         <input_file_ref idref="fl-f"/>
      </object_component>
      <object_component id="oc-2e4">
         <name>.debug_info</name>
         <load_address>0x361d0</load_address>
         <run_address>0x361d0</run_address>
         <size>0x1a6</size>
         <input_file_ref idref="fl-10"/>
      </object_component>
      <object_component id="oc-168">
         <name>.debug_info</name>
         <load_address>0x36376</load_address>
         <run_address>0x36376</run_address>
         <size>0xaf7</size>
         <input_file_ref idref="fl-11"/>
      </object_component>
      <object_component id="oc-16d">
         <name>.debug_info</name>
         <load_address>0x36e6d</load_address>
         <run_address>0x36e6d</run_address>
         <size>0xe7</size>
         <input_file_ref idref="fl-11"/>
      </object_component>
      <object_component id="oc-165">
         <name>.debug_info</name>
         <load_address>0x36f54</load_address>
         <run_address>0x36f54</run_address>
         <size>0xe7</size>
         <input_file_ref idref="fl-11"/>
      </object_component>
      <object_component id="oc-79">
         <name>.debug_info</name>
         <load_address>0x3703b</load_address>
         <run_address>0x3703b</run_address>
         <size>0xc0b</size>
         <input_file_ref idref="fl-11"/>
      </object_component>
      <object_component id="oc-2d5">
         <name>.debug_info</name>
         <load_address>0x37c46</load_address>
         <run_address>0x37c46</run_address>
         <size>0x5b8</size>
         <input_file_ref idref="fl-12"/>
      </object_component>
      <object_component id="oc-206">
         <name>.debug_info</name>
         <load_address>0x381fe</load_address>
         <run_address>0x381fe</run_address>
         <size>0x408</size>
         <input_file_ref idref="fl-12"/>
      </object_component>
      <object_component id="oc-2dd">
         <name>.debug_info</name>
         <load_address>0x38606</load_address>
         <run_address>0x38606</run_address>
         <size>0x5c5</size>
         <input_file_ref idref="fl-13"/>
      </object_component>
      <object_component id="oc-2da">
         <name>.debug_info</name>
         <load_address>0x38bcb</load_address>
         <run_address>0x38bcb</run_address>
         <size>0xd6</size>
         <input_file_ref idref="fl-13"/>
      </object_component>
      <object_component id="oc-2d7">
         <name>.debug_info</name>
         <load_address>0x38ca1</load_address>
         <run_address>0x38ca1</run_address>
         <size>0xd6</size>
         <input_file_ref idref="fl-13"/>
      </object_component>
      <object_component id="oc-20c">
         <name>.debug_info</name>
         <load_address>0x38d77</load_address>
         <run_address>0x38d77</run_address>
         <size>0x591</size>
         <input_file_ref idref="fl-13"/>
      </object_component>
      <object_component id="oc-29a">
         <name>.debug_info</name>
         <load_address>0x39308</load_address>
         <run_address>0x39308</run_address>
         <size>0x13f</size>
         <input_file_ref idref="fl-15"/>
      </object_component>
      <object_component id="oc-be">
         <name>.debug_info</name>
         <load_address>0x39447</load_address>
         <run_address>0x39447</run_address>
         <size>0x780</size>
         <input_file_ref idref="fl-16"/>
      </object_component>
      <object_component id="oc-e2">
         <name>.debug_info</name>
         <load_address>0x39bc7</load_address>
         <run_address>0x39bc7</run_address>
         <size>0xef</size>
         <input_file_ref idref="fl-16"/>
      </object_component>
      <object_component id="oc-e5">
         <name>.debug_info</name>
         <load_address>0x39cb6</load_address>
         <run_address>0x39cb6</run_address>
         <size>0xe1</size>
         <input_file_ref idref="fl-16"/>
      </object_component>
      <object_component id="oc-df">
         <name>.debug_info</name>
         <load_address>0x39d97</load_address>
         <run_address>0x39d97</run_address>
         <size>0xe7</size>
         <input_file_ref idref="fl-16"/>
      </object_component>
      <object_component id="oc-73">
         <name>.debug_info</name>
         <load_address>0x39e7e</load_address>
         <run_address>0x39e7e</run_address>
         <size>0x79c</size>
         <input_file_ref idref="fl-16"/>
      </object_component>
      <object_component id="oc-1f3">
         <name>.debug_info</name>
         <load_address>0x3a61a</load_address>
         <run_address>0x3a61a</run_address>
         <size>0x76</size>
         <input_file_ref idref="fl-16"/>
      </object_component>
      <object_component id="oc-70">
         <name>.debug_info</name>
         <load_address>0x3a690</load_address>
         <run_address>0x3a690</run_address>
         <size>0x13b</size>
[...]
         <value>0x14359</value>
         <object_component_ref idref="oc-12e"/>
      </symbol>
      <symbol id="sm-f37">
         <name>I2C_masterSendMultiByteStart</name>
         <value>0x13f45</value>
         <object_component_ref idref="oc-122"/>
      </symbol>
      <symbol id="sm-f38">
         <name>I2C_getEnabledInterruptStatus</name>
         <value>0x143f3</value>
         <object_component_ref idref="oc-146"/>
      </symbol>
      <symbol id="sm-f39">
         <name>I2C_masterReceiveMultiByteNext</name>
         <value>0x143ff</value>
         <object_component_ref idref="oc-158"/>
      </symbol>
      <symbol id="sm-f3a">
         <name>I2C_getInterruptStatus</name>
         <value>0x143f9</value>
         <object_component_ref idref="oc-13a"/>
      </symbol>
      <symbol id="sm-f3b">
         <name>I2C_isBusBusy</name>
         <value>0x142bd</value>
         <object_component_ref idref="oc-fe"/>
      </symbol>
      <symbol id="sm-f3c">
         <name>I2C_enableModule</name>
         <value>0x1438f</value>
         <object_component_ref idref="oc-116"/>
      </symbol>
      <symbol id="sm-f3d">
         <name>I2C_masterReceiveStart</name>
         <value>0x1430b</value>
         <object_component_ref idref="oc-140"/>
      </symbol>
      <symbol id="sm-f3e">
         <name>I2C_clearInterruptFlag</name>
         <value>0x1434b</value>
         <object_component_ref idref="oc-14c"/>
      </symbol>
      <symbol id="sm-f3f">
         <name>I2C_setSlaveAddress</name>
         <value>0x1440b</value>
         <object_component_ref idref="oc-110"/>
      </symbol>
      <symbol id="sm-f40">
         <name>I2C_initMaster</name>
         <value>0x13ec9</value>
         <object_component_ref idref="oc-10a"/>
      </symbol>
      <symbol id="sm-f41">
         <name>I2C_enableInterrupt</name>
         <value>0x143cd</value>
         <object_component_ref idref="oc-11c"/>
      </symbol>
      <symbol id="sm-f42">
         <name>I2C_disableModule</name>
         <value>0x14383</value>
         <object_component_ref idref="oc-104"/>
      </symbol>
      <symbol id="sm-f8d">
         <name>Interrupt_disableInterrupt</name>
         <value>0x13931</value>
         <object_component_ref idref="oc-134"/>
      </symbol>
      <symbol id="sm-f8e">
         <name>Interrupt_setPriority</name>
         <value>0x14161</value>
         <object_component_ref idref="oc-2f4"/>
      </symbol>
      <symbol id="sm-f8f">
         <name>Interrupt_enableInterrupt</name>
         <value>0x13995</value>
         <object_component_ref idref="oc-128"/>
      </symbol>
      <symbol id="sm-ff5">
         <name>PCM_setCoreVoltageLevel</name>
         <value>0x143d5</value>
         <object_component_ref idref="oc-230"/>
      </symbol>
      <symbol id="sm-ff6">
         <name>PCM_getCoreVoltageLevel</name>
         <value>0x14073</value>
         <object_component_ref idref="oc-42a"/>
      </symbol>
      <symbol id="sm-ff7">
         <name>PCM_getPowerMode</name>
         <value>0x1409f</value>
         <object_component_ref idref="oc-424"/>
      </symbol>
      <symbol id="sm-ff8">
         <name>PCM_getPowerState</name>
         <value>0x1439d</value>
         <object_component_ref idref="oc-430"/>
      </symbol>
      <symbol id="sm-ff9">
         <name>PCM_setPowerMode</name>
         <value>0x143dd</value>
         <object_component_ref idref="oc-436"/>
      </symbol>
      <symbol id="sm-102d">
         <name>SysCtl_getNMISourceStatus</name>
         <value>0x143a9</value>
         <object_component_ref idref="oc-447"/>
      </symbol>
      <symbol id="sm-102e">
         <name>SysCtl_enableNMISource</name>
         <value>0x1432d</value>
         <object_component_ref idref="oc-459"/>
      </symbol>
      <symbol id="sm-102f">
         <name>SysCtl_disableNMISource</name>
         <value>0x1431d</value>
         <object_component_ref idref="oc-44d"/>
      </symbol>
      <symbol id="sm-1030">
         <name>SysCtl_getTLVInfo</name>
         <value>0x13b59</value>
         <object_component_ref idref="oc-467"/>
      </symbol>
      <symbol id="sm-103c">
         <name>SysTick_enableInterrupt</name>
         <value>0x142d1</value>
         <object_component_ref idref="oc-c1"/>
      </symbol>
      <symbol id="sm-106b">
         <name>UART_enableModule</name>
         <value>0x143b5</value>
         <object_component_ref idref="oc-31d"/>
      </symbol>
      <symbol id="sm-106c">
         <name>UART_transmitData</name>
         <value>0x14185</value>
         <object_component_ref idref="oc-30b"/>
      </symbol>
      <symbol id="sm-106d">
         <name>UART_initModule</name>
         <value>0x134dd</value>
         <object_component_ref idref="oc-317"/>
      </symbol>
      <symbol id="sm-1083">
         <name>WDT_A_clearTimer</name>
         <value>0x14231</value>
         <object_component_ref idref="oc-1f9"/>
      </symbol>
      <symbol id="sm-1084">
         <name>WDT_A_holdTimer</name>
         <value>0x14249</value>
         <object_component_ref idref="oc-1ff"/>
      </symbol>
      <symbol id="sm-10b4">
         <name>snprintf</name>
         <value>0x13cd9</value>
         <object_component_ref idref="oc-323"/>
      </symbol>
      <symbol id="sm-10be">
         <name>__aeabi_d2uiz</name>
         <value>0x13e85</value>
         <object_component_ref idref="oc-d8"/>
      </symbol>
      <symbol id="sm-10c7">
         <name>__aeabi_lmul</name>
         <value>0x14279</value>
         <object_component_ref idref="oc-3d2"/>
      </symbol>
      <symbol id="sm-10e2">
         <name>memcpy</name>
         <value>0x13315</value>
         <object_component_ref idref="oc-37"/>
      </symbol>
      <symbol id="sm-10e3">
         <name>__aeabi_memcpy</name>
         <value>0x13315</value>
         <object_component_ref idref="oc-37"/>
      </symbol>
      <symbol id="sm-10e4">
         <name>__aeabi_memcpy8</name>
         <value>0x13315</value>
         <object_component_ref idref="oc-37"/>
      </symbol>
      <symbol id="sm-10e5">
         <name>__aeabi_memcpy4</name>
         <value>0x13315</value>
         <object_component_ref idref="oc-37"/>
      </symbol>
      <symbol id="sm-10ef">
         <name>__aeabi_ui2d</name>
         <value>0x141a9</value>
         <object_component_ref idref="oc-d3"/>
      </symbol>
      <symbol id="sm-10fd">
         <name>__aeabi_ldivmod</name>
         <value>0x1385b</value>
         <object_component_ref idref="oc-3d7"/>
      </symbol>
      <symbol id="sm-110a">
         <name>__aeabi_uldivmod</name>
         <value>0x133b1</value>
         <object_component_ref idref="oc-49a"/>
      </symbol>
      <symbol id="sm-1119">
         <name>__aeabi_memset</name>
         <value>0x13703</value>
         <object_component_ref idref="oc-98"/>
      </symbol>
      <symbol id="sm-111a">
         <name>memset</name>
         <value>0x13709</value>
         <object_component_ref idref="oc-98"/>
      </symbol>
      <symbol id="sm-111b">
         <name>__aeabi_memset8</name>
         <value>0x13703</value>
         <object_component_ref idref="oc-98"/>
      </symbol>
      <symbol id="sm-111c">
         <name>__aeabi_memset4</name>
         <value>0x13703</value>
         <object_component_ref idref="oc-98"/>
      </symbol>
      <symbol id="sm-111d">
         <name>__aeabi_memclr8</name>
         <value>0x13701</value>
         <object_component_ref idref="oc-98"/>
      </symbol>
      <symbol id="sm-111e">
         <name>__aeabi_memclr4</name>
         <value>0x13701</value>
         <object_component_ref idref="oc-98"/>
      </symbol>
      <symbol id="sm-111f">
         <name>__aeabi_memclr</name>
         <value>0x13701</value>
         <object_component_ref idref="oc-98"/>
      </symbol>
      <symbol id="sm-1131">
         <name>__TI_zero_init</name>
         <value>0x143c1</value>
         <object_component_ref idref="oc-49"/>
      </symbol>
      <symbol id="sm-1148">
         <name>__TI_decompress_none</name>
         <value>0x14367</value>
         <object_component_ref idref="oc-1d"/>
      </symbol>
      <symbol id="sm-116b">
         <name>__TI_decompress_lzss</name>
         <value>0x138c9</value>
         <object_component_ref idref="oc-17"/>
      </symbol>
      <symbol id="sm-117e">
         <name>__stack</name>
         <value>0x2000fe00</value>
         <object_component_ref idref="oc-29"/>
      </symbol>
      <symbol id="sm-117f">
         <name>_c_int00_noargs</name>
         <value>0x13fb1</value>
         <object_component_ref idref="oc-55"/>
      </symbol>
      <symbol id="sm-12e4">
         <name>__TI_printfi</name>
         <value>0xfafd</value>
         <object_component_ref idref="oc-3ec"/>
      </symbol>
      <symbol id="sm-12ee">
         <name>__aeabi_idiv0</name>
         <value>0x1054b</value>
         <object_component_ref idref="oc-495"/>
      </symbol>
      <symbol id="sm-12ef">
         <name>__aeabi_ldiv0</name>
         <value>0x1054b</value>
         <object_component_ref idref="oc-495"/>
      </symbol>
      <symbol id="sm-1306">
         <name>__aeabi_dsub</name>
         <value>0x123e5</value>
         <object_component_ref idref="oc-537"/>
      </symbol>
      <symbol id="sm-1307">
         <name>__aeabi_dadd</name>
         <value>0x123ef</value>
         <object_component_ref idref="oc-537"/>
      </symbol>
      <symbol id="sm-1329">
         <name>__aeabi_cdcmpeq</name>
         <value>0x13571</value>
         <object_component_ref idref="oc-4bb"/>
      </symbol>
      <symbol id="sm-132a">
         <name>__aeabi_cdcmple</name>
         <value>0x13571</value>
         <object_component_ref idref="oc-4bb"/>
      </symbol>
      <symbol id="sm-132b">
         <name>__aeabi_cdrcmple</name>
         <value>0x135f7</value>
         <object_component_ref idref="oc-522"/>
      </symbol>
      <symbol id="sm-133f">
         <name>__aeabi_ddiv</name>
         <value>0x12851</value>
         <object_component_ref idref="oc-51d"/>
      </symbol>
      <symbol id="sm-134a">
         <name>__aeabi_dmul</name>
         <value>0x12dbf</value>
         <object_component_ref idref="oc-518"/>
      </symbol>
      <symbol id="sm-1354">
         <name>__aeabi_d2iz</name>
         <value>0x13db5</value>
         <object_component_ref idref="oc-527"/>
      </symbol>
      <symbol id="sm-135e">
         <name>__aeabi_i2d</name>
         <value>0x14045</value>
         <object_component_ref idref="oc-532"/>
      </symbol>
      <symbol id="sm-1386">
         <name>__TI_auto_init_nobinit_nopinit</name>
         <value>0x13dfd</value>
         <object_component_ref idref="oc-1b1"/>
      </symbol>
      <symbol id="sm-1390">
         <name>_system_pre_init</name>
         <value>0x1440f</value>
         <object_component_ref idref="oc-9e"/>
      </symbol>
      <symbol id="sm-139c">
         <name>C$$EXIT</name>
         <value>0x14413</value>
         <object_component_ref idref="oc-1a5"/>
      </symbol>
      <symbol id="sm-139d">
         <name>abort</name>
         <value>0x14413</value>
         <object_component_ref idref="oc-1a5"/>
      </symbol>
      <symbol id="sm-13ad">
         <name>__TI_ltoa</name>
         <value>0x13ab3</value>
         <object_component_ref idref="oc-52c"/>
      </symbol>
      <symbol id="sm-13c4">
         <name>atoi</name>
         <value>0x13c8d</value>
         <object_component_ref idref="oc-4af"/>
      </symbol>
      <symbol id="sm-13cf">
         <name>_ctypes_</name>
         <value>0x14418</value>
         <object_component_ref idref="oc-511"/>
      </symbol>
      <symbol id="sm-13df">
         <name>memccpy</name>
         <value>0x141c9</value>
         <object_component_ref idref="oc-4d8"/>
      </symbol>
      <symbol id="sm-13ef">
         <name>strchr</name>
         <value>0x14291</value>
         <object_component_ref idref="oc-563"/>
      </symbol>
      <symbol id="sm-13fd">
         <name>strlen</name>
         <value>0x142e5</value>
         <object_component_ref idref="oc-4a9"/>
      </symbol>
      <symbol id="sm-1413">
         <name>__aeabi_errno_addr</name>
         <value>0x143e5</value>
         <object_component_ref idref="oc-4e4"/>
      </symbol>
      <symbol id="sm-1414">
         <name>errno</name>
         <value>0x200070f0</value>
         <object_component_ref idref="oc-573"/>
      </symbol>
      <symbol id="sm-1434">
         <name>frexpl</name>
         <value>0x139f9</value>
         <object_component_ref idref="oc-557"/>
      </symbol>
      <symbol id="sm-1435">
         <name>frexp</name>
         <value>0x139f9</value>
         <object_component_ref idref="oc-557"/>
      </symbol>
      <symbol id="sm-1452">
         <name>scalbn</name>
         <value>0x12aad</value>
         <object_component_ref idref="oc-55d"/>
      </symbol>
      <symbol id="sm-1453">
         <name>scalbnl</name>
         <value>0x12aad</value>
         <object_component_ref idref="oc-55d"/>
      </symbol>
      <symbol id="sm-1454">
         <name>ldexpl</name>
         <value>0x12aad</value>
         <object_component_ref idref="oc-55d"/>
      </symbol>
      <symbol id="sm-1455">
         <name>ldexp</name>
         <value>0x12aad</value>
         <object_component_ref idref="oc-55d"/>
      </symbol>
      <symbol id="sm-146e">
         <name>wcslen</name>
         <value>0x142f9</value>
         <object_component_ref idref="oc-4de"/>
      </symbol>
      <symbol id="sm-1478">
         <name>copysign</name>
         <value>0x141e5</value>
         <object_component_ref idref="oc-5a1"/>
      </symbol>
      <symbol id="sm-1479">
         <name>copysignl</name>
         <value>0x141e5</value>
         <object_component_ref idref="oc-5a1"/>
      </symbol>
      <symbol id="sm-147a">
         <name>__TI_static_base__</name>
         <value>0x0</value>
      </symbol>
      <symbol id="sm-147d">
         <name>__mpu_init</name>
         <value>0x0</value>
      </symbol>
      <symbol id="sm-147e">
         <name>_system_post_cinit</name>
         <value>0x0</value>
      </symbol>
      <symbol id="sm-147f">
         <name>NMI_Handler</name>
         <value>0x14381</value>
      </symbol>
      <symbol id="sm-1480">
         <name>HardFault_Handler</name>
         <value>0x14381</value>
      </symbol>
      <symbol id="sm-1481">
         <name>MemManage_Handler</name>
         <value>0x14381</value>
      </symbol>
      <symbol id="sm-1482">
         <name>BusFault_Handler</name>
         <value>0x14381</value>
      </symbol>
      <symbol id="sm-1483">
         <name>UsageFault_Handler</name>
         <value>0x14381</value>
      </symbol>
      <symbol id="sm-1484">
         <name>SVC_Handler</name>
         <value>0x14381</value>
      </symbol>
      <symbol id="sm-1485">
         <name>DebugMon_Handler</name>
         <value>0x14381</value>
      </symbol>
      <symbol id="sm-1486">
         <name>PendSV_Handler</name>
         <value>0x13bcd</value>
      </symbol>
      <symbol id="sm-1487">
         <name>SysTick_Handler</name>
         <value>0x11325</value>
      </symbol>
      <symbol id="sm-1488">
         <name>PSS_IRQHandler</name>
         <value>0x14381</value>
      </symbol>
      <symbol id="sm-1489">
         <name>CS_IRQHandler</name>
         <value>0x14381</value>
      </symbol>
      <symbol id="sm-148a">
         <name>PCM_IRQHandler</name>
         <value>0x14381</value>
      </symbol>
      <symbol id="sm-148b">
         <name>WDT_A_IRQHandler</name>
         <value>0x14381</value>
      </symbol>
      <symbol id="sm-148c">
         <name>FPU_IRQHandler</name>
         <value>0x14381</value>
      </symbol>
      <symbol id="sm-148d">
         <name>FLCTL_IRQHandler</name>
         <value>0x14381</value>
      </symbol>
      <symbol id="sm-148e">
         <name>COMP_E0_IRQHandler</name>
         <value>0x14381</value>
      </symbol>
      <symbol id="sm-148f">
         <name>COMP_E1_IRQHandler</name>
         <value>0x14381</value>
      </symbol>
      <symbol id="sm-1490">
         <name>TA0_0_IRQHandler</name>
         <value>0x14381</value>
      </symbol>
      <symbol id="sm-1491">
         <name>TA0_N_IRQHandler</name>
         <value>0x14381</value>
      </symbol>
      <symbol id="sm-1492">
         <name>TA1_0_IRQHandler</name>
         <value>0x14381</value>
      </symbol>
      <symbol id="sm-1493">
         <name>TA1_N_IRQHandler</name>
         <value>0x14381</value>
      </symbol>
      <symbol id="sm-1494">
         <name>TA2_0_IRQHandler</name>
         <value>0x14381</value>
      </symbol>
      <symbol id="sm-1495">
         <name>TA2_N_IRQHandler</name>
         <value>0x14381</value>
      </symbol>
      <symbol id="sm-1496">
         <name>TA3_0_IRQHandler</name>
         <value>0x14381</value>
      </symbol>
      <symbol id="sm-1497">
         <name>TA3_N_IRQHandler</name>
         <value>0x14381</value>
      </symbol>
      <symbol id="sm-1498">
         <name>EUSCIA0_IRQHandler</name>
         <value>0x14381</value>
      </symbol>
      <symbol id="sm-1499">
         <name>EUSCIA1_IRQHandler</name>
         <value>0x14381</value>
      </symbol>
      <symbol id="sm-149a">
         <name>EUSCIA2_IRQHandler</name>
         <value>0x14381</value>
      </symbol>
      <symbol id="sm-149b">
         <name>EUSCIA3_IRQHandler</name>
         <value>0x14381</value>
      </symbol>
      <symbol id="sm-149c">
         <name>EUSCIB0_IRQHandler</name>
         <value>0x14381</value>
      </symbol>
      <symbol id="sm-149d">
         <name>EUSCIB1_IRQHandler</name>
         <value>0x10e99</value>
      </symbol>
      <symbol id="sm-149e">
         <name>EUSCIB2_IRQHandler</name>
         <value>0x14381</value>
      </symbol>
      <symbol id="sm-149f">
         <name>EUSCIB3_IRQHandler</name>
         <value>0x14381</value>
      </symbol>
      <symbol id="sm-14a0">
         <name>ADC14_IRQHandler</name>
         <value>0x14381</value>
      </symbol>
      <symbol id="sm-14a1">
         <name>T32_INT1_IRQHandler</name>
         <value>0x14381</value>
      </symbol>
      <symbol id="sm-14a2">
         <name>T32_INT2_IRQHandler</name>
         <value>0x14381</value>
      </symbol>
      <symbol id="sm-14a3">
         <name>T32_INTC_IRQHandler</name>
         <value>0x14381</value>
      </symbol>
      <symbol id="sm-14a4">
         <name>AES256_IRQHandler</name>
         <value>0x14381</value>
      </symbol>
      <symbol id="sm-14a5">
         <name>RTC_C_IRQHandler</name>
         <value>0x14381</value>
      </symbol>
      <symbol id="sm-14a6">
         <name>DMA_ERR_IRQHandler</name>
         <value>0x14381</value>
      </symbol>
      <symbol id="sm-14a7">
         <name>DMA_INT3_IRQHandler</name>
         <value>0x14381</value>
      </symbol>
      <symbol id="sm-14a8">
         <name>DMA_INT2_IRQHandler</name>
         <value>0x14381</value>
      </symbol>
      <symbol id="sm-14a9">
         <name>DMA_INT1_IRQHandler</name>
         <value>0x14381</value>
      </symbol>
      <symbol id="sm-14aa">
         <name>DMA_INT0_IRQHandler</name>
         <value>0x14381</value>
      </symbol>
      <symbol id="sm-14ab">
         <name>PORT1_IRQHandler</name>
         <value>0x14381</value>
      </symbol>
      <symbol id="sm-14ac">
         <name>PORT2_IRQHandler</name>
         <value>0x14381</value>
      </symbol>
      <symbol id="sm-14ad">
         <name>PORT3_IRQHandler</name>
         <value>0x14381</value>
      </symbol>
      <symbol id="sm-14ae">
         <name>PORT4_IRQHandler</name>
         <value>0x14381</value>
      </symbol>
      <symbol id="sm-14af">
         <name>PORT5_IRQHandler</name>
         <value>0x14381</value>
      </symbol>
      <symbol id="sm-14b0">
         <name>PORT6_IRQHandler</name>
         <value>0x14381</value>
      </symbol>
   </symbol_table>
   <title>Link successful</title>
</link_info>
